Archive member included to satisfy reference by file (symbol)

../../Compiler/COMMON/SGL_302j/LIB_ELF/SEGA_SYS.A(sys_exit.o)
                              ../../jo_engine/core.o (SYS_Exit)
../../Compiler/COMMON/SGL_302j/LIB_ELF/SEGA_SYS.A(sys_sub.o)
                              ../../Compiler/COMMON/SGL_302j/LIB_ELF/SEGA_SYS.A(sys_exit.o) (SYSUB_SetStackptr)
../../Compiler/COMMON/SGL_302j/LIB_ELF/LIBCD.A(CDC_CMN.O)
                              ../../Compiler/COMMON/SGL_302j/LIB_ELF/SEGA_SYS.A(sys_exit.o) (CDC_GetCurStat)
../../Compiler/COMMON/SGL_302j/LIB_ELF/LIBCD.A(CDC_CFS.O)
                              ../../Compiler/COMMON/SGL_302j/LIB_ELF/SEGA_SYS.A(sys_exit.o) (CDC_ChgDir)
../../Compiler/COMMON/SGL_302j/LIB_ELF/LIBCD.A(CDC_REG.O)
                              ../../Compiler/COMMON/SGL_302j/LIB_ELF/SEGA_SYS.A(sys_exit.o) (CDC_GetHirqReq)
../../Compiler/COMMON/SGL_302j/LIB_ELF/LIBCD.A(CDC_SUB.O)
                              ../../Compiler/COMMON/SGL_302j/LIB_ELF/LIBCD.A(CDC_CMN.O) (CDSUB_UpdStatus)
../../Compiler/COMMON/SGL_302j/LIB_ELF/LIBCD.A(GFS.O)
                              ../../jo_engine/fs.o (GFS_Init)
../../Compiler/COMMON/SGL_302j/LIB_ELF/LIBCD.A(GFS_BUF.O)
                              ../../Compiler/COMMON/SGL_302j/LIB_ELF/LIBCD.A(GFS.O) (GFBF_GetNumData)
../../Compiler/COMMON/SGL_302j/LIB_ELF/LIBCD.A(GFS_CDB.O)
                              ../../Compiler/COMMON/SGL_302j/LIB_ELF/LIBCD.A(GFS.O) (GFCB_Close)
../../Compiler/COMMON/SGL_302j/LIB_ELF/LIBCD.A(GFS_CDC.O)
                              ../../Compiler/COMMON/SGL_302j/LIB_ELF/LIBCD.A(GFS.O) (GFCD_SetCdbfs)
../../Compiler/COMMON/SGL_302j/LIB_ELF/LIBCD.A(GFS_CDF.O)
                              ../../Compiler/COMMON/SGL_302j/LIB_ELF/LIBCD.A(GFS.O) (GFCF_Init)
../../Compiler/COMMON/SGL_302j/LIB_ELF/LIBCD.A(GFS_DIR.O)
                              ../../Compiler/COMMON/SGL_302j/LIB_ELF/LIBCD.A(GFS.O) (GFDR_SetupDirTbl)
../../Compiler/COMMON/SGL_302j/LIB_ELF/LIBCD.A(GFS_TRN.O)
                              ../../Compiler/COMMON/SGL_302j/LIB_ELF/LIBCD.A(GFS.O) (GFTR_Setup)
../../Compiler/COMMON/SGL_302j/LIB_ELF/LIBCD.A(CDC_DRV.O)
                              ../../Compiler/COMMON/SGL_302j/LIB_ELF/LIBCD.A(GFS_CDC.O) (CDC_CdPlay)
../../Compiler/COMMON/SGL_302j/LIB_ELF/LIBCD.A(CDC_DEV.O)
                              ../../Compiler/COMMON/SGL_302j/LIB_ELF/LIBCD.A(GFS_CDC.O) (CDC_CdSetCon)
../../Compiler/COMMON/SGL_302j/LIB_ELF/LIBCD.A(CDC_SEL.O)
                              ../../Compiler/COMMON/SGL_302j/LIB_ELF/LIBCD.A(GFS_CDC.O) (CDC_SetFiltRange)
../../Compiler/COMMON/SGL_302j/LIB_ELF/LIBCD.A(CDC_BIF.O)
                              ../../Compiler/COMMON/SGL_302j/LIB_ELF/LIBCD.A(GFS_CDC.O) (CDC_GetBufSiz)
../../Compiler/COMMON/SGL_302j/LIB_ELF/LIBCD.A(CDC_BIO.O)
                              ../../Compiler/COMMON/SGL_302j/LIB_ELF/LIBCD.A(GFS_CDC.O) (CDC_SetSctLen)
../../Compiler/COMMON/SGL_302j/LIB_ELF/LIBSGL.A(sglA17.o)
                              main.o (slRotZ)
../../Compiler/COMMON/SGL_302j/LIB_ELF/LIBSGL.A(sglA18.o)
                              main.o (slRotY)
../../Compiler/COMMON/SGL_302j/LIB_ELF/LIBSGL.A(sglA19.o)
                              main.o (slRotX)
../../Compiler/COMMON/SGL_302j/LIB_ELF/LIBSGL.A(sglA20.o)
                              ../../jo_engine/core.o (slUnitMatrix)
../../Compiler/COMMON/SGL_302j/LIB_ELF/LIBSGL.A(sglA21.o)
                              main.o (slPushMatrix)
../../Compiler/COMMON/SGL_302j/LIB_ELF/LIBSGL.A(sglA27.o)
                              main.o (slTranslate)
../../Compiler/COMMON/SGL_302j/LIB_ELF/LIBSGL.A(sglB001.o)
                              ../../jo_engine/core.o (slTVOn)
../../Compiler/COMMON/SGL_302j/LIB_ELF/LIBSGL.A(sglB011.o)
                              ../../jo_engine/vdp2.o (slBitMapNbg1)
../../Compiler/COMMON/SGL_302j/LIB_ELF/LIBSGL.A(sglB014.o)
                              ../../jo_engine/vdp2.o (slScrTransparent)
../../Compiler/COMMON/SGL_302j/LIB_ELF/LIBSGL.A(sglB015.o)
                              ../../jo_engine/vdp2.o (slScrAutoDisp)
../../Compiler/COMMON/SGL_302j/LIB_ELF/LIBSGL.A(sglB016.o)
                              ../../jo_engine/vdp2.o (slBack1ColSet)
../../Compiler/COMMON/SGL_302j/LIB_ELF/LIBSGL.A(sglB020.o)
                              ../../jo_engine/vdp2.o (slColorCalc)
../../Compiler/COMMON/SGL_302j/LIB_ELF/LIBSGL.A(sglB021.o)
                              ../../jo_engine/vdp2.o (slColorCalcOn)
../../Compiler/COMMON/SGL_302j/LIB_ELF/LIBSGL.A(sglB023.o)
                              ../../jo_engine/vdp2.o (slColRate)
../../Compiler/COMMON/SGL_302j/LIB_ELF/LIBSGL.A(sglB032.o)
                              ../../jo_engine/vdp2.o (slMapNbg1)
../../Compiler/COMMON/SGL_302j/LIB_ELF/LIBSGL.A(sglB035.o)
                              ../../jo_engine/vdp2.o (sl1MapRA)
../../Compiler/COMMON/SGL_302j/LIB_ELF/LIBSGL.A(sglB036.o)
                              ../../jo_engine/vdp2.o (sl1MapRB)
../../Compiler/COMMON/SGL_302j/LIB_ELF/LIBSGL.A(sglB038.o)
[...]
Memory Configuration

Name             Origin             Length             Attributes
*default*        0x00000000         0xffffffff

Linker script and memory map


SLSTART         0x06004000       0x30
                0x06004000                ___Start = .
 *(SLSTART)
 SLSTART        0x06004000       0x28 ../../Compiler/COMMON/SGL_302j/LIB_ELF/LIBSGL.A(sglI00.o)
                0x06004000                SGL_Start
                0x06004002                slStartSGL

.text           0x06004040    0x112e0
 *(.text)
 .text          0x06004040        0x0 ../../Compiler/COMMON/SGL_302j/LIB_ELF/SGLAREA.O
 .text          0x06004040      0x594 main.o
                0x06004040                my_draw
                0x060043dc                my_tga_palette_handling
                0x060044e0                add_image_files
                0x0600459c                jo_main
 .text          0x060045d4      0xae4 ../../jo_engine/tga.o
                0x06004850                jo_set_tga_palette_handling
                0x0600485c                __jo_tga_load
                0x0600497c                __jo_tga_any_loader_from_stream
                0x060049c4                jo_tga_8bits_loader_from_stream
                0x060049dc                jo_tga_loader_from_stream
                0x060049f4                __jo_tga_any_loader
                0x06004a44                jo_tga_8bits_loader
                0x06004a60                jo_tga_loader
                0x06004a7c                jo_tga_8bits_tileset_loader
                0x06004cb8                jo_sprite_add_tga_tileset
                0x06004f10                jo_sprite_add_tga_from_stream
                0x06004fc8                jo_sprite_add_tga
 .text          0x060050b8      0x8e8 ../../jo_engine/3d.o
                0x06005120                jo_3d_init
                0x06005148                jo_3d_create_triangle
                0x06005184                jo_3d_create_plane
                0x060051c4                jo_3d_create_mesh_from_vertices_and_normals
                0x060052d8                jo_3d_free_mesh
                0x0600532c                jo_3d_create_cube
                0x06005388                jo_3d_set_mesh_polygon_transparency
                0x060053fc                jo_3d_set_mesh_transparency
                0x06005468                jo_3d_set_mesh_polygon_screen_doors
                0x060054e0                jo_3d_set_mesh_screen_doors
                0x0600554c                jo_3d_set_mesh_polygon_light
                0x060055bc                jo_3d_set_mesh_light
                0x06005628                jo_3d_set_mesh_polygon_texture
                0x060056f4                jo_3d_set_mesh_texture
                0x06005760                jo_3d_set_mesh_polygon_color
                0x0600580c                jo_3d_set_mesh_color
                0x06005878                jo_3d_free_sprite_quad
                0x060058a4                jo_3d_create_sprite_quad
 .text          0x060059a0      0x960 ../../jo_engine/fs.o
                0x06005a08                jo_fs_init
                0x06005ab8                jo_fs_do_background_jobs
                0x06005b74                jo_fs_read_file_async_ptr
                0x06005d18                jo_fs_cd
                0x06005d88                jo_fs_read_file_ptr
                0x06005f24                jo_fs_read_file_in_dir
                0x06005f70                jo_fs_open
                0x0600606c                jo_fs_seek_forward
                0x0600617c                jo_fs_read_next_bytes
                0x06006274                jo_fs_close
                0x060062c0                jo_fs_set_read_sector_count
 .text          0x06006300      0x574 ../../jo_engine/font.o
                0x06006368                jo_font_load
                0x060065f8                jo_font_print
                0x0600671c                jo_font_print_centered
 .text          0x06006874      0x118 ../../jo_engine/input.o
                0x060068dc                jo_get_inputs_vblank
                0x06006924                jo_get_input_type
                0x06006968                jo_get_input_count
 .text          0x0600698c        0x0 ../../jo_engine/physics.o
 .text          0x0600698c      0x888 ../../jo_engine/core.o
                0x06006a18                __jo_core_set_screens_order
                0x06006b50                jo_goto_boot_menu
                0x06006b5c                jo_core_suspend
                0x06006c3c                __jo_core_error
                0x06006d5c                jo_core_add_vblank_callback
                0x06006de0                jo_core_init
                0x06006fcc                jo_core_remove_vblank_callback
                0x0600702c                jo_core_add_callback
                0x0600707c                jo_core_remove_callback
                0x060070bc                jo_core_set_restart_game_callback
                0x060070c8                jo_core_run
                0x0600715c                jo_dump_vdp1_registers
                0x060071b8                jo_dump_vdp2_registers
 .text          0x06007214      0xb50 ../../jo_engine/math.o
                0x0600727c                jo_fixed_mult
                0x06007290                jo_fixed_dot
                0x060072a8                jo_fixed_pow
                0x060072e0                jo_fixed_div
                0x06007308                jo_fixed_sin
                0x0600740c                jo_gcd
                0x06007474                jo_atan2f_rad
                0x06007638                jo_planar_rotate
                0x060077a4                jo_random
                0x06007814                jo_vector_fixed_compute_bezier_point
                0x060079a4                jo_vectorf_compute_bezier_point
                0x06007af4                jo_fixed_sqrt
                0x06007ba4                jo_sqrt
                0x06007be4                jo_fixed_rsqrt
                0x06007cf4                jo_rsqrt
 .text          0x06007d64      0x4b4 ../../jo_engine/malloc.o
                0x06007dcc                jo_add_memory_zone
                0x06007e3c                jo_malloc_with_behaviour
                0x06007f88                jo_reduce_memory_fragmentation
                0x06007ffc                jo_free
                0x06008078                jo_memory_usage_percent
                0x0600817c                jo_memory_fragmentation
 .text          0x06008218      0x4a8 ../../jo_engine/tools.o
                0x06008280                jo_print
                0x060082d0                jo_clear_screen_line
                0x06008318                jo_clear_screen
                0x0600833c                jo_getdate
                0x060083d8                jo_get_current_language
                0x060083fc                jo_tools_atoi
                0x0600847c                jo_strlen
                0x060084cc                jo_endwith
                0x06008578                jo_strcmp
                0x060085a8                jo_memset
                0x0600864c                jo_map_to_vram
 .text          0x060086c0      0x134 ../../jo_engine/palette.o
                0x06008728                jo_create_palette
                0x0600877c                jo_set_palette_register
                0x060087e0                jo_get_palette_register
 .text          0x060087f4      0xa34 ../../jo_engine/sprites.o
                0x06008990                jo_sprite_usage_percent
                0x06008a1c                jo_get_last_sprite_id
                0x06008a28                jo_sprite_init
                0x06008aac                jo_sprite_name2id
                0x06008b24                jo_sprite_replace
                0x06008c44                jo_sprite_add
                0x06008c90                jo_sprite_add_8bits_image
                0x06008cdc                jo_sprite_free_from
                0x06008d84                jo_set_gouraud_shading_colors
                0x06008dac                jo_set_gouraud_shading_brightness
                0x06008dec                jo_sprite_draw_4p_fixed
                0x06008f08                jo_sprite_draw
                0x06009054                jo_sprite_draw_rotate
                0x060091f4                jo_sprite_set_clipping_area
 .text          0x06009228      0xb38 ../../jo_engine/map.o
                0x06009358                jo_map_per_pixel_vertical_collision
                0x060094ec                jo_map_hitbox_detection_custom_boundaries
                0x0600955c                jo_map_create
                0x060095d8                jo_map_add_tile
                0x060095fc                jo_map_add_animated_tile
                0x06009620                jo_map_draw_background
                0x060096b8                jo_map_3d_draw
                0x060097f4                jo_map_draw
                0x060098f0                jo_map_free
                0x06009908                jo_map_load_from_file
                0x06009ce0                jo_map_move_tiles_by_attribute
 .text          0x06009d60      0x200 ../../jo_engine/list.o
                0x06009dc8                jo_list_init
                0x06009dd8                jo_list_add
                0x06009e50                jo_list_insert_at
                0x06009f00                jo_list_remove
 .text          0x06009f60      0x2bc ../../jo_engine/sprite_animator.o
                0x0600a074                jo_replace_sprite_anim
                0x0600a128                jo_create_sprite_anim
                0x0600a1f4                jo_clear_all_sprite_anim
 .text          0x0600a21c      0x7b0 ../../jo_engine/image.o
                0x0600a284                __jo_bin_load
                0x0600a2d4                jo_free_img
                0x0600a31c                jo_bin_loader_from_stream
                0x0600a3ec                jo_bin_loader
                0x0600a470                jo_replace_color
                0x0600a4dc                jo_sprite_add_bin_tileset
                0x0600a6d4                jo_sprite_add_bin
                0x0600a7a0                jo_sprite_add_bin_from_stream
                0x0600a838                jo_sprite_add_image_pack
 .text          0x0600a9cc      0xbe8 ../../jo_engine/vdp2.o
                0x0600aab0                jo_set_default_background_color
                0x0600aaf0                jo_img_to_vdp2_cells
                0x0600ac14                jo_vdp2_replace_rbg0_plane_a_8bits_image
                0x0600ac28                jo_vdp2_replace_rbg0_plane_b_8bits_image
                0x0600ac3c                jo_vdp2_set_rbg0_plane_a_8bits_image
                0x0600ad04                jo_vdp2_set_rbg0_plane_b_8bits_image
                0x0600adcc                jo_vdp2_enable_rbg0
                0x0600aea0                jo_vdp2_disable_rbg0
                0x0600aeb8                jo_init_nbg0_printf
                0x0600af3c                __jo_init_vdp2
                0x0600afa0                jo_vdp2_disable_nbg0_line_scroll
                0x0600afc4                jo_vdp2_compute_nbg0_line_scroll
                0x0600afdc                jo_vdp2_enable_nbg0_line_scroll
                0x0600b04c                jo_vdp2_draw_bitmap_nbg1_line
                0x0600b118                jo_vdp2_clear_bitmap_nbg1
                0x0600b17c                jo_vdp2_set_nbg1_8bits_image
                0x0600b264                jo_vdp2_set_nbg1_image
                0x0600b3a0                jo_vdp2_disable_nbg1_line_scroll
                0x0600b3c4                jo_vdp2_compute_nbg1_line_scroll
                0x0600b3dc                jo_vdp2_enable_nbg1_line_scroll
                0x0600b44c                jo_set_displayed_screens
                0x0600b45c                jo_disable_all_screens_transparency
                0x0600b480                jo_enable_screen_transparency
 .text          0x0600b5b4      0x280 ../../jo_engine/time.o
                0x0600b61c                jo_time_init
                0x0600b648                jo_get_ticks
                0x0600b728                jo_fixed_point_time
 .text          0x0600b834       0x68 ../../jo_engine/vdp1_command_pipeline.o
 .text          0x0600b89c      0x334 ../../jo_engine/vdp2_malloc.o
                0x0600b904                jo_vdp2_malloc_init
                0x0600b93c                jo_vdp2_free
                0x0600b9fc                jo_vdp2_malloc
 .text          0x0600bbd0      0x238 ../../Compiler/COMMON/SGL_302j/LIB_ELF/SEGA_SYS.A(sys_exit.o)
                0x0600bbd0                sys_version
                0x0600bbf0                SYS_Exit
 *fill*         0x0600be08        0x8 
 .text          0x0600be10        0x6 ../../Compiler/COMMON/SGL_302j/LIB_ELF/SEGA_SYS.A(sys_sub.o)
                0x0600be10                SYSUB_SetStackptr
 *fill*         0x0600be16        0xa 
 .text          0x0600be20      0x3a0 ../../Compiler/COMMON/SGL_302j/LIB_ELF/LIBCD.A(CDC_CMN.O)
                0x0600be20                CDC_GetCurStat
                0x0600be70                CDC_GetLastStat
                0x0600be88                CDC_GetPeriStat
                0x0600bf5c                CDC_GetHwInfo
                0x0600bfc4                CDC_TgetToc
                0x0600c014                CDC_GetSes
                0x0600c050                CDC_CdInit
                0x0600c0d4                CDC_CdOpen
                0x0600c0fc                CDC_DataReady
                0x0600c168                CDC_DataEnd
 .text          0x0600c1c0      0x194 ../../Compiler/COMMON/SGL_302j/LIB_ELF/LIBCD.A(CDC_CFS.O)
                0x0600c1c0                CDC_ChgDir
                0x0600c1f4                CDC_ReadDir
                0x0600c228                CDC_GetFileScope
                0x0600c288                CDC_TgetFileInfo
                0x0600c2e4                CDC_ReadFile
                0x0600c318                CDC_AbortFile
 *fill*         0x0600c354        0xc 
 .text          0x0600c360      0x2dc ../../Compiler/COMMON/SGL_302j/LIB_ELF/LIBCD.A(CDC_REG.O)
                0x0600c360                CDC_GetDataPtr
                0x0600c370                CDC_GetHirqReq
                0x0600c384                CDC_ClrHirqReq
                0x0600c3b4                CDREG_ClrHirqReq
                0x0600c3c4                CDREG_InitHirqReq
                0x0600c3ec                CDREG_SetHirqFlag
                0x0600c400                CDC_GetHirqMsk
                0x0600c414                CDC_SetHirqMsk
                0x0600c424                CDC_GetMpegPtr
                0x0600c434                CDREG_TgetData
                0x0600c490                CDREG_CmdRsp
                0x0600c590                CDREG_WaitHirq
                0x0600c600                CDREG_ReadRsp
 *fill*         0x0600c63c        0x4 
 .text          0x0600c640      0x152 ../../Compiler/COMMON/SGL_302j/LIB_ELF/LIBCD.A(CDC_SUB.O)
                0x0600c640                CDSUB_UpdStatus
                0x0600c658                CDSUB_UpdCdstat
                0x0600c678                CDSUB_CdCmd
                0x0600c6e8                CDSUB_GetCdstat
                0x0600c728                CDSUB_RspToCdstat
                0x0600c770                CDSUB_SoftTimer
 *fill*         0x0600c792        0xe 
 .text          0x0600c7a0     0x1adc ../../Compiler/COMMON/SGL_302j/LIB_ELF/LIBCD.A(GFS.O)
                0x0600c7a0                gfs_version
                0x0600c7c0                GFS_Init
                0x0600c8a8                GFS_LoadDir
                0x0600c950                GFS_SetDir
                0x0600c9b8                GFS_NameToId
                0x0600ca1c                GFS_IdToName
                0x0600ca88                GFS_GetDirInfo
                0x0600caf8                GFS_Reset
                0x0600cb7c                GFS_Open
                0x0600cc30                GFS_Close
                0x0600cc68                GFS_Seek
                0x0600cd1c                GFS_Tell
                0x0600cd6c                GFS_IsEof
                0x0600cdc0                GFS_ByteToSct
                0x0600ce1c                GFS_GetFileSize
                0x0600ce78                GFS_GetFileInfo
                0x0600ceec                GFS_GetNumCdbuf
                0x0600cf14                GFS_Load
                0x0600cfd8                GFS_Fread
                0x0600d074                gfs_waitRead
                0x0600d11c                GFS_NwFread
                0x0600d228                GFS_NwCdRead
                0x0600d2a0                GFS_NwIsComplete
                0x0600d2d8                GFS_NwStop
                0x0600d344                GFS_NwGetStat
                0x0600d3c0                gfs_recovRdErr
                0x0600d3f0                GFS_NwExecOne
                0x0600d4b0                GFS_NwExecServer
                0x0600d52c                GFS_SetGmode
                0x0600d590                GFS_SetTmode
                0x0600d5fc                GFS_SetReadPara
                0x0600d660                GFS_SetTransPara
                0x0600d6cc                GFS_SetTrFunc
                0x0600d730                GFS_StartTrans
                0x0600d77c                GFS_CdMovePickup
                0x0600d7e8                GFS_SetErrFunc
                0x0600d814                GFS_GetErrStat
                0x0600d838                GFS_ConvTno
                0x0600d860                gfs_chgRoot
                0x0600d92c                gfs_aborttrans
                0x0600d938                gfs_mngSetupFuncTbl
                0x0600d96c                gfs_mngInitWork
                0x0600da10                gfs_mngGetNumFile
                0x0600da78                GFS_mngAllocGrp
                0x0600dac0                gfs_mngFreeGrp
                0x0600dacc                gfs_mngTermAccess
                0x0600db50                gfs_mngSetErrCode
                0x0600dbd0                gfs_svrSearchHndl
                0x0600dc10                gfs_svrAddHndl
                0x0600dc4c                gfs_svrRemoveHndl
                0x0600dca8                GFS_OpenSub
                0x0600dd00                gfs_loadVol
                0x0600ddc4                gfs_getRootDir
                0x0600dec0                gfs_loadRootDir
                0x0600df48                gfs_flowIn
                0x0600dff0                gfs_transData
                0x0600e094                GFS_GetFad
                0x0600e0ec                gfs_SetSct
                0x0600e12c                gfs_GetFinfo
                0x0600e16c                gfs_closeSub
                0x0600e1a8                gfs_getGmode
                0x0600e1b4                gfs_isTaskDone
                0x0600e208                gfs_convFinStat
 *fill*         0x0600e27c        0x4 
 .text          0x0600e280      0x106 ../../Compiler/COMMON/SGL_302j/LIB_ELF/LIBCD.A(GFS_BUF.O)
                0x0600e2b0                GFBF_GetTranData
                0x0600e2d8                GFBF_GetNumData
                0x0600e308                GFBF_GetSrcPk
                0x0600e330                GFBF_GetSctData
                0x0600e354                GFBF_RtnPk
                0x0600e37c                gfbf_getSctDt
 *fill*         0x0600e386        0xa 
 .text          0x0600e390      0x600 ../../Compiler/COMMON/SGL_302j/LIB_ELF/LIBCD.A(GFS_CDB.O)
                0x0600e390                GFCB_Setup
                0x0600e4b0                GFCB_Close
                0x0600e4d8                GFCB_GetLenData
                0x0600e584                GFCB_GetLenRoom
                0x0600e590                GFCB_SetFilt
                0x0600e5f8                GFCB_DeleteAllData
                0x0600e620                GFCB_Tell
                0x0600e630                gfcb_getSctNum
                0x0600e680                GFCB_Seek
                0x0600e77c                GFCB_GetSrcPack
                0x0600e85c                GFCB_GetSctData
                0x0600e894                GFCB_GetDstPack
                0x0600e8a0                GFCB_RtnPk
                0x0600e8e8                GFCB_MovePickup
                0x0600e904                GFCB_SetCon
                0x0600e938                GFCB_GetPickup
                0x0600e960                GFCB_IsPuOwner
                0x0600e978                GFCB_UngetPickup
 .text          0x0600e990     0x1a10 ../../Compiler/COMMON/SGL_302j/LIB_ELF/LIBCD.A(GFS_CDC.O)
                0x0600e990                GFCD_SetCdbfs
                0x0600e9bc                GFCD_Init
                0x0600ebc0                GFCD_AllocFilt
                0x0600ebfc                GFCD_FreeFilt
                0x0600ec2c                GFCD_AllocBuf
                0x0600ec60                GFCD_FreeBuf
                0x0600ed04                GFCD_GetBaseFad
                0x0600ed38                GFCD_GetPickup
                0x0600ed6c                GFCD_UngetPickup
                0x0600ed98                GFCD_IsPuOwner
                0x0600edbc                GFCD_SetFilt
                0x0600ee80                GFCD_GetFilt
                0x0600eec8                GFCD_SetCon
                0x0600ef20                GFCD_Play
                0x0600ef80                GFCD_GetLenData
                0x0600efe8                GFCD_ReqData
                0x0600f044                GFCD_EndData
                0x0600f08c                GFCD_DelSctData
                0x0600f0e4                GFCD_CheckDelSctData
                0x0600f114                GFCD_GetStat
                0x0600f1c8                GFCD_MovePickup
                0x0600f214                GFCD_MoveSctData
                0x0600f288                GFCD_CheckMove
                0x0600f2ac                GFCD_GetSctInfo
                0x0600f2f4                GFCD_ChgDir
                0x0600f368                GFCD_SetFiltCon
                0x0600f450                GFCD_GetFileInfo
                0x0600f52c                GFCD_GetBufSiz
                0x0600f564                GFCD_ExecServer
                0x0600f638                gfcd_isIdleTask
                0x0600f6c4                gfcd_doTask
                0x0600f770                GFCD_SetTimer
                0x0600f784                GFCD_WaitServer
                0x0600f7c0                gfcd_doSetFiltTsk
                0x0600f984                gfcd_doSetConTsk
                0x0600fa14                gfcd_doGetLenDataTsk
                0x0600fb68                gfcd_doReqDataTsk
                0x0600fc08                gfcd_doDelSctDataTsk
                0x0600fd3c                gfcd_doMoveSctTsk
                0x0600fea0                gfcd_doChgDirTsk
                0x0601009c                gfcd_doSetFiltConTsk
                0x060101e0                gfcd_checkEflag
                0x06010204                gfcd_initCdbMng
                0x06010284                gfcd_setStat
                0x060102b0                GFCD_SetCsctFunc
                0x060102cc                GFCD_ChkScdqFlag
                0x060102f0                GFCD_ClrScdqFlag
                0x0601030c                GFCD_WaitScdqFlag
                0x06010350                GFCD_WaitPause
 .text          0x060103a0      0x8d8 ../../Compiler/COMMON/SGL_302j/LIB_ELF/LIBCD.A(GFS_CDF.O)
                0x060103a0                GFCF_Init
                0x06010440                GFCF_Setup
                0x06010588                GFCF_SetSct
                0x060105cc                GFCF_GetFileInfo
                0x06010640                GFCF_FlowInBuf
                0x06010794                GFCF_StopInBuf
                0x06010834                GFCF_Recover
                0x0601087c                GFCF_Tell
                0x06010894                GFCF_Seek
                0x060108ac                GFCF_MovePickup
                0x06010948                GFCF_cnvIntlvOfs
                0x0601099c                GFCF_GetStat
                0x06010a34                gfcf_getSctSize
                0x06010a70                gfcf_isCdOk
                0x06010b30                gfcf_getPlayRange
 *fill*         0x06010c78        0x8 
 .text          0x06010c80      0x92c ../../Compiler/COMMON/SGL_302j/LIB_ELF/LIBCD.A(GFS_DIR.O)
                0x06010c80                GFDR_SetupDirTbl
                0x06010cf4                GFDR_NameToId
                0x06010d54                GFDR_GetInfoDirId
                0x06010d68                GFDR_GetInfoDirName
                0x06010d7c                GFDR_GetAtrDirId
                0x06010d94                GFDR_GetAtrDirName
                0x06010dac                GFDR_ChgRoot
                0x06010dc4                GFDR_ChgDir
                0x06010e38                gfdr_setupDirIdTbl
                0x06010ebc                gfdr_setupDirNameTbl
                0x06010f68                gfdr_open
                0x06010f90                gfdr_read
                0x06011050                gfdr_readByte
                0x0601107c                gfdr_readWord
                0x060110a8                gfdr_readWordNB
                0x060110fc                gfdr_readLongNB
                0x06011148                gfdr_readLongNM
                0x06011170                gfdr_setNextRec
                0x060111f4                gfdr_readDirEnt
                0x06011570                gfdr_setDirrecCd
 *fill*         0x060115ac        0x4 
 .text          0x060115b0      0x9c6 ../../Compiler/COMMON/SGL_302j/LIB_ELF/LIBCD.A(GFS_TRN.O)
                0x060115e0                GFTR_Setup
                0x06011624                GFTR_SetMode
                0x06011638                GFTR_SetUnit
                0x06011644                GFTR_SetTransPara
                0x06011678                GFTR_GetTransPara
                0x06011684                GFTR_GetNumTrans
                0x06011690                GFTR_SetTransMax
                0x0601169c                GFTR_Start
                0x060116a8                GFTR_Pause
                0x060116b4                GFTR_Stop
                0x0601176c                GFTR_Exec
                0x060117f0                GFTR_Idle
                0x06011868                GFTR_ExecSvr
                0x06011970                gftr_getSrcPack
                0x060119f8                gftr_getDstPack
                0x06011a54                gftr_reqScu
                0x06011a60                gftr_execScu
                0x06011afc                gftr_remScu
                0x06011b30                gfdma_canUse
                0x06011b3c                gfdma_exec
                0x06011bac                gfdma_getBytecnt
                0x06011be4                gftr_reqDma0
                0x06011bfc                gftr_execSdma0
                0x06011c20                gftr_remDma0
                0x06011c38                gftr_reqDma1
                0x06011c50                gftr_execSdma1
                0x06011c74                gftr_remDma1
                0x06011c8c                gftr_reqCpu
                0x06011c98                gftr_execCpu
                0x06011cd8                gftr_remCpu
                0x06011ce4                gftr_reqTrn
                0x06011d54                gftr_execTrn
                0x06011e2c                gftr_remTrn
                0x06011ea0                gftr_copyFrac
                0x06011ec8                GFTR_GetLenData
                0x06011ed4                GFTR_GetLenRoom
                0x06011eec                GFTR_GetDstPack
                0x06011f20                GFTR_RtnDstPk
                0x06011f3c                GFTR_GetData
                0x06011f50                GFTR_SetData
                0x06011f64                GFTR_SetTransFunc
 *fill*         0x06011f76        0xa 
 .text          0x06011f80      0x130 ../../Compiler/COMMON/SGL_302j/LIB_ELF/LIBCD.A(CDC_DRV.O)
                0x06011f80                CDC_CdPlay
                0x0601204c                CDC_CdSeek
                0x06012080                CDC_CdScan
 .text          0x060120b0       0xa8 ../../Compiler/COMMON/SGL_302j/LIB_ELF/LIBCD.A(CDC_DEV.O)
                0x060120b0                CDC_CdSetCon
                0x060120e0                CDC_CdGetCon
                0x0601211c                CDC_CdGetLastBuf
 *fill*         0x06012158        0x8 
 .text          0x06012160      0x2b8 ../../Compiler/COMMON/SGL_302j/LIB_ELF/LIBCD.A(CDC_SEL.O)
                0x06012160                CDC_SetFiltRange
                0x06012194                CDC_GetFiltRange
                0x060121ec                CDC_SetFiltSubh
                0x0601225c                CDC_GetFiltSubh
                0x060122d8                CDC_SetFiltMode
                0x0601230c                CDC_GetFiltMode
                0x06012350                CDC_SetFiltCon
                0x06012390                CDC_GetFiltCon
                0x060123e4                CDC_ResetSelector
 *fill*         0x06012418        0x8 
 .text          0x06012420      0x270 ../../Compiler/COMMON/SGL_302j/LIB_ELF/LIBCD.A(CDC_BIF.O)
                0x06012420                CDC_GetBufSiz
                0x0601247c                CDC_GetSctNum
                0x060124c0                CDC_CalActSiz
                0x060124fc                CDC_GetActSiz
                0x0601257c                CDC_GetSctInfo
                0x060125fc                CDC_ExeFadSearch
                0x06012634                CDC_GetFadSearch
 .text          0x06012690      0x1e4 ../../Compiler/COMMON/SGL_302j/LIB_ELF/LIBCD.A(CDC_BIO.O)
                0x06012690                CDC_SetSctLen
                0x060126c4                CDC_GetSctData
                0x06012700                CDC_DelSctData
                0x0601273c                CDC_GetdelSctData
                0x06012778                CDC_PutSctData
                0x060127b0                CDC_CopySctData
                0x060127f4                CDC_MoveSctData
                0x06012838                CDC_GetCopyErr
 *fill*         0x06012874        0xc 
 .text          0x06012880        0x0 ../../Compiler/COMMON/SGL_302j/LIB_ELF/LIBSGL.A(sglA17.o)
 .text          0x06012880        0x0 ../../Compiler/COMMON/SGL_302j/LIB_ELF/LIBSGL.A(sglA18.o)
 .text          0x06012880        0x0 ../../Compiler/COMMON/SGL_302j/LIB_ELF/LIBSGL.A(sglA19.o)
 .text          0x06012880        0x0 ../../Compiler/COMMON/SGL_302j/LIB_ELF/LIBSGL.A(sglA20.o)
 .text          0x06012880        0x0 ../../Compiler/COMMON/SGL_302j/LIB_ELF/LIBSGL.A(sglA21.o)
 .text          0x06012880        0x0 ../../Compiler/COMMON/SGL_302j/LIB_ELF/LIBSGL.A(sglA27.o)
 .text          0x06012880        0x0 ../../Compiler/COMMON/SGL_302j/LIB_ELF/LIBSGL.A(sglB001.o)
 .text          0x06012880        0x0 ../../Compiler/COMMON/SGL_302j/LIB_ELF/LIBSGL.A(sglB011.o)
 .text          0x06012880        0x0 ../../Compiler/COMMON/SGL_302j/LIB_ELF/LIBSGL.A(sglB014.o)
 .text          0x06012880        0x0 ../../Compiler/COMMON/SGL_302j/LIB_ELF/LIBSGL.A(sglB015.o)
 .text          0x06012880        0x0 ../../Compiler/COMMON/SGL_302j/LIB_ELF/LIBSGL.A(sglB016.o)
 .text          0x06012880        0x0 ../../Compiler/COMMON/SGL_302j/LIB_ELF/LIBSGL.A(sglB020.o)
 .text          0x06012880        0x0 ../../Compiler/COMMON/SGL_302j/LIB_ELF/LIBSGL.A(sglB021.o)
 .text          0x06012880        0x0 ../../Compiler/COMMON/SGL_302j/LIB_ELF/LIBSGL.A(sglB023.o)
 .text          0x06012880        0x0 ../../Compiler/COMMON/SGL_302j/LIB_ELF/LIBSGL.A(sglB032.o)
 .text          0x06012880        0x0 ../../Compiler/COMMON/SGL_302j/LIB_ELF/LIBSGL.A(sglB035.o)
 .text          0x06012880        0x0 ../../Compiler/COMMON/SGL_302j/LIB_ELF/LIBSGL.A(sglB036.o)
 .text          0x06012880        0x0 ../../Compiler/COMMON/SGL_302j/LIB_ELF/LIBSGL.A(sglB038.o)
 .text          0x06012880        0x0 ../../Compiler/COMMON/SGL_302j/LIB_ELF/LIBSGL.A(sglB039.o)
 .text          0x06012880        0x0 ../../Compiler/COMMON/SGL_302j/LIB_ELF/LIBSGL.A(sglB040.o)
 .text          0x06012880        0x0 ../../Compiler/COMMON/SGL_302j/LIB_ELF/LIBSGL.A(sglB041.o)
 .text          0x06012880        0x0 ../../Compiler/COMMON/SGL_302j/LIB_ELF/LIBSGL.A(sglB043.o)
 .text          0x06012880        0x0 ../../Compiler/COMMON/SGL_302j/LIB_ELF/LIBSGL.A(sglB047.o)
 .text          0x06012880        0x0 ../../Compiler/COMMON/SGL_302j/LIB_ELF/LIBSGL.A(sglB048.o)
 .text          0x06012880        0x0 ../../Compiler/COMMON/SGL_302j/LIB_ELF/LIBSGL.A(sglB056.o)
 .text          0x06012880        0x0 ../../Compiler/COMMON/SGL_302j/LIB_ELF/LIBSGL.A(sglB059.o)
 .text          0x06012880        0x0 ../../Compiler/COMMON/SGL_302j/LIB_ELF/LIBSGL.A(sglB060.o)
 .text          0x06012880        0x0 ../../Compiler/COMMON/SGL_302j/LIB_ELF/LIBSGL.A(sglB063.o)
 .text          0x06012880        0x0 ../../Compiler/COMMON/SGL_302j/LIB_ELF/LIBSGL.A(sglB087.o)
 .text          0x06012880        0x0 ../../Compiler/COMMON/SGL_302j/LIB_ELF/LIBSGL.A(sglB088.o)
 .text          0x06012880        0x0 ../../Compiler/COMMON/SGL_302j/LIB_ELF/LIBSGL.A(sglB090.o)
 .text          0x06012880        0x0 ../../Compiler/COMMON/SGL_302j/LIB_ELF/LIBSGL.A(sglB200.o)
 .text          0x06012880        0x0 ../../Compiler/COMMON/SGL_302j/LIB_ELF/LIBSGL.A(sglC04.o)
 .text          0x06012880        0x0 ../../Compiler/COMMON/SGL_302j/LIB_ELF/LIBSGL.A(sglC05.o)
 .text          0x06012880        0x0 ../../Compiler/COMMON/SGL_302j/LIB_ELF/LIBSGL.A(sglC06.o)
 .text          0x06012880        0x0 ../../Compiler/COMMON/SGL_302j/LIB_ELF/LIBSGL.A(sglC07.o)
 .text          0x06012880        0x0 ../../Compiler/COMMON/SGL_302j/LIB_ELF/LIBSGL.A(sglC08.o)
 .text          0x06012880        0x0 ../../Compiler/COMMON/SGL_302j/LIB_ELF/LIBSGL.A(sglC17.o)
 .text          0x06012880        0x0 ../../Compiler/COMMON/SGL_302j/LIB_ELF/LIBSGL.A(sglC19.o)
 .text          0x06012880        0x0 ../../Compiler/COMMON/SGL_302j/LIB_ELF/LIBSGL.A(sglC20.o)
 .text          0x06012880        0x0 ../../Compiler/COMMON/SGL_302j/LIB_ELF/LIBSGL.A(sglC21.o)
 .text          0x06012880        0x0 ../../Compiler/COMMON/SGL_302j/LIB_ELF/LIBSGL.A(sglD00.o)
 .text          0x06012880        0x0 ../../Compiler/COMMON/SGL_302j/LIB_ELF/LIBSGL.A(sglD01.o)
 .text          0x06012880        0x0 ../../Compiler/COMMON/SGL_302j/LIB_ELF/LIBSGL.A(sglD03.o)
 .text          0x06012880        0x0 ../../Compiler/COMMON/SGL_302j/LIB_ELF/LIBSGL.A(sglD15.o)
 .text          0x06012880        0x0 ../../Compiler/COMMON/SGL_302j/LIB_ELF/LIBSGL.A(sglD16.o)
 .text          0x06012880        0x0 ../../Compiler/COMMON/SGL_302j/LIB_ELF/LIBSGL.A(sglD17.o)
 .text          0x06012880        0x0 ../../Compiler/COMMON/SGL_302j/LIB_ELF/LIBSGL.A(sglD18.o)
 .text          0x06012880        0x0 ../../Compiler/COMMON/SGL_302j/LIB_ELF/LIBSGL.A(sglF00.o)
 .text          0x06012880        0x0 ../../Compiler/COMMON/SGL_302j/LIB_ELF/LIBSGL.A(sglF05.o)
 .text          0x06012880        0x0 ../../Compiler/COMMON/SGL_302j/LIB_ELF/LIBSGL.A(sglF08.o)
 .text          0x06012880        0x0 ../../Compiler/COMMON/SGL_302j/LIB_ELF/LIBSGL.A(sglH00.o)
 .text          0x06012880        0x0 ../../Compiler/COMMON/SGL_302j/LIB_ELF/LIBSGL.A(sglH01.o)
 .text          0x06012880        0x0 ../../Compiler/COMMON/SGL_302j/LIB_ELF/LIBSGL.A(sglH02.o)
 .text          0x06012880        0x0 ../../Compiler/COMMON/SGL_302j/LIB_ELF/LIBSGL.A(sglH04.o)
 .text          0x06012880        0x0 ../../Compiler/COMMON/SGL_302j/LIB_ELF/LIBSGL.A(sglI01.o)
 .text          0x06012880        0x0 ../../Compiler/COMMON/SGL_302j/LIB_ELF/LIBSGL.A(sglI04.o)
 .text          0x06012880      0x128 ../../Compiler/COMMON/SGL_302j/LIB_ELF/LIBSGL.A(sglIc0.o)
                0x06012880                slInitSystem
 *fill*         0x060129a8        0x8 
 .text          0x060129b0        0x0 ../../Compiler/COMMON/SGL_302j/LIB_ELF/LIBSGL.A(sglJ00.o)
 .text          0x060129b0        0x0 ../../Compiler/COMMON/SGL_302j/LIB_ELF/LIBSGL.A(sglJ01.o)
 .text          0x060129b0        0x0 ../../Compiler/COMMON/SGL_302j/LIB_ELF/LIBSGL.A(sglJ02.o)
 .text          0x060129b0        0x0 ../../Compiler/COMMON/SGL_302j/LIB_ELF/LIBSGL.A(sglJ03.o)
 .text          0x060129b0        0x0 ../../Compiler/COMMON/SGL_302j/LIB_ELF/LIBSGL.A(sglJ04.o)
 .text          0x060129b0        0x0 ../../Compiler/COMMON/SGL_302j/LIB_ELF/LIBSGL.A(sglJ05.o)
 .text          0x060129b0        0x0 ../../Compiler/COMMON/SGL_302j/LIB_ELF/LIBSGL.A(sglK01.o)
 .text          0x060129b0        0x0 ../../Compiler/COMMON/SGL_302j/LIB_ELF/LIBSGL.A(sglM01.o)
 .text          0x060129b0        0x0 ../../Compiler/COMMON/SGL_302j/LIB_ELF/LIBSGL.A(sglA00.o)
 .text          0x060129b0        0x0 ../../Compiler/COMMON/SGL_302j/LIB_ELF/LIBSGL.A(sglA01.o)
 .text          0x060129b0        0x0 ../../Compiler/COMMON/SGL_302j/LIB_ELF/LIBSGL.A(sglB000.o)
 .text          0x060129b0        0x0 ../../Compiler/COMMON/SGL_302j/LIB_ELF/LIBSGL.A(sglC00.o)
 .text          0x060129b0        0x0 ../../Compiler/COMMON/SGL_302j/LIB_ELF/LIBSGL.A(sglI00.o)
 .text          0x060129b0        0x0 ../../Compiler/COMMON/SGL_302j/LIB_ELF/LIBSGL.A(sglH03.o)
 .text          0x060129b0       0x52 e:/12gits/joengine/compiler/windows/bin/../lib/gcc/sh-elf/9.3.0\libgcc.a(_ashiftrt.o)
                0x060129b0                __ashiftrt_r4_31
                0x060129b0                __ashiftrt_r4_32
                0x060129b6                __ashiftrt_r4_30
                0x060129b8                __ashiftrt_r4_29
                0x060129ba                __ashiftrt_r4_28
                0x060129bc                __ashiftrt_r4_27
                0x060129be                __ashiftrt_r4_26
                0x060129c0                __ashiftrt_r4_25
                0x060129c2                __ashiftrt_r4_24
                0x060129ca                __ashiftrt_r4_23
                0x060129cc                __ashiftrt_r4_22
                0x060129ce                __ashiftrt_r4_21
                0x060129d0                __ashiftrt_r4_20
                0x060129d2                __ashiftrt_r4_19
                0x060129d4                __ashiftrt_r4_18
                0x060129d6                __ashiftrt_r4_17
                0x060129d8                __ashiftrt_r4_16
                0x060129de                __ashiftrt_r4_15
                0x060129e0                __ashiftrt_r4_14
                0x060129e2                __ashiftrt_r4_13
                0x060129e4                __ashiftrt_r4_12
                0x060129e6                __ashiftrt_r4_11
                0x060129e8                __ashiftrt_r4_10
                0x060129ea                __ashiftrt_r4_9
                0x060129ec                __ashiftrt_r4_8
                0x060129ee                __ashiftrt_r4_7
                0x060129f0                __ashiftrt_r4_6
                0x060129f2                __ashiftrt_r4_5
                0x060129f4                __ashiftrt_r4_4
                0x060129f6                __ashiftrt_r4_3
                0x060129f8                __ashiftrt_r4_2
                0x060129fa                __ashiftrt_r4_1
                0x060129fe                __ashiftrt_r4_0
 *fill*         0x06012a02        0x2 
 .text          0x06012a04       0x80 e:/12gits/joengine/compiler/windows/bin/../lib/gcc/sh-elf/9.3.0\libgcc.a(_ashiftrt_n.o)
                0x06012a04                __ashrsi3
 .text          0x06012a84       0xbc e:/12gits/joengine/compiler/windows/bin/../lib/gcc/sh-elf/9.3.0\libgcc.a(_ashiftlt.o)
                0x06012a84                __ashlsi3
                0x06012a88                __ashlsi3_r0
 .text          0x06012b40       0xbc e:/12gits/joengine/compiler/windows/bin/../lib/gcc/sh-elf/9.3.0\libgcc.a(_lshiftrt.o)
                0x06012b40                __lshrsi3
                0x06012b44                __lshrsi3_r0
 .text          0x06012bfc       0xa0 e:/12gits/joengine/compiler/windows/bin/../lib/gcc/sh-elf/9.3.0\libgcc.a(_sdivsi3.o)
                0x06012bfc                __sdivsi3
 .text          0x06012c9c       0x6c e:/12gits/joengine/compiler/windows/bin/../lib/gcc/sh-elf/9.3.0\libgcc.a(_udivsi3.o)
                0x06012cbe                __udivsi3
 .text          0x06012d08      0x21c e:/12gits/joengine/compiler/windows/bin/../lib/gcc/sh-elf/9.3.0\libgcc.a(_addsub_sf.o)
                0x06012e88                __addsf3
                0x06012ed4                __subsf3
 .text          0x06012f24      0x134 e:/12gits/joengine/compiler/windows/bin/../lib/gcc/sh-elf/9.3.0\libgcc.a(_mul_sf.o)
                0x06012f24                __mulsf3
 .text          0x06013058       0xdc e:/12gits/joengine/compiler/windows/bin/../lib/gcc/sh-elf/9.3.0\libgcc.a(_div_sf.o)
                0x06013058                __divsf3
 .text          0x06013134       0x54 e:/12gits/joengine/compiler/windows/bin/../lib/gcc/sh-elf/9.3.0\libgcc.a(_gt_sf.o)
                0x06013134                __gtsf2
 .text          0x06013188       0x54 e:/12gits/joengine/compiler/windows/bin/../lib/gcc/sh-elf/9.3.0\libgcc.a(_ge_sf.o)
                0x06013188                __gesf2
 .text          0x060131dc       0x54 e:/12gits/joengine/compiler/windows/bin/../lib/gcc/sh-elf/9.3.0\libgcc.a(_lt_sf.o)
                0x060131dc                __ltsf2
 .text          0x06013230       0x54 e:/12gits/joengine/compiler/windows/bin/../lib/gcc/sh-elf/9.3.0\libgcc.a(_le_sf.o)
                0x06013230                __lesf2
 .text          0x06013284       0x84 e:/12gits/joengine/compiler/windows/bin/../lib/gcc/sh-elf/9.3.0\libgcc.a(_si_to_sf.o)
                0x06013284                __floatsisf
 .text          0x06013308       0x70 e:/12gits/joengine/compiler/windows/bin/../lib/gcc/sh-elf/9.3.0\libgcc.a(_sf_to_si.o)
                0x06013308                __fixsfsi
 .text          0x06013378       0x3c e:/12gits/joengine/compiler/windows/bin/../lib/gcc/sh-elf/9.3.0\libgcc.a(_sf_to_df.o)
                0x06013378                __extendsfdf2
 .text          0x060133b4        0x0 e:/12gits/joengine/compiler/windows/bin/../lib/gcc/sh-elf/9.3.0\libgcc.a(_thenan_sf.o)
 .text          0x060133b4       0x94 e:/12gits/joengine/compiler/windows/bin/../lib/gcc/sh-elf/9.3.0\libgcc.a(_usi_to_sf.o)
                0x060133b4                __floatunsisf
 .text          0x06013448      0x3e0 e:/12gits/joengine/compiler/windows/bin/../lib/gcc/sh-elf/9.3.0\libgcc.a(_addsub_df.o)
                0x06013784                __adddf3
                0x060137d4                __subdf3
 .text          0x06013828      0x208 e:/12gits/joengine/compiler/windows/bin/../lib/gcc/sh-elf/9.3.0\libgcc.a(_mul_df.o)
                0x06013828                __muldf3
 .text          0x06013a30       0xa8 e:/12gits/joengine/compiler/windows/bin/../lib/gcc/sh-elf/9.3.0\libgcc.a(_si_to_df.o)
                0x06013a30                __floatsidf
 .text          0x06013ad8       0xa0 e:/12gits/joengine/compiler/windows/bin/../lib/gcc/sh-elf/9.3.0\libgcc.a(_df_to_si.o)
                0x06013ad8                __fixdfsi
 .text          0x06013b78       0x28 e:/12gits/joengine/compiler/windows/bin/../lib/gcc/sh-elf/9.3.0\libgcc.a(_make_df.o)
                0x06013b78                __make_dp
 .text          0x06013ba0       0x4c e:/12gits/joengine/compiler/windows/bin/../lib/gcc/sh-elf/9.3.0\libgcc.a(_df_to_sf.o)
                0x06013ba0                __truncdfsf2
 .text          0x06013bec        0x0 e:/12gits/joengine/compiler/windows/bin/../lib/gcc/sh-elf/9.3.0\libgcc.a(_thenan_df.o)
 .text          0x06013bec       0x54 e:/12gits/joengine/compiler/windows/bin/../lib/gcc/sh-elf/9.3.0\libgcc.a(_clzsi2.o)
                0x06013bec                __clzsi2
 .text          0x06013c40      0x11c e:/12gits/joengine/compiler/windows/bin/../lib/gcc/sh-elf/9.3.0\libgcc.a(_pack_sf.o)
                0x06013c40                __pack_f
 .text          0x06013d5c       0xa0 e:/12gits/joengine/compiler/windows/bin/../lib/gcc/sh-elf/9.3.0\libgcc.a(_unpack_sf.o)
                0x06013d5c                __unpack_f
 .text          0x06013dfc       0xac e:/12gits/joengine/compiler/windows/bin/../lib/gcc/sh-elf/9.3.0\libgcc.a(_fpcmp_parts_sf.o)
                0x06013dfc                __fpcmp_parts_f
 .text          0x06013ea8       0x20 e:/12gits/joengine/compiler/windows/bin/../lib/gcc/sh-elf/9.3.0\libgcc.a(_make_sf.o)
                0x06013ea8                __make_fp
 .text          0x06013ec8      0x274 e:/12gits/joengine/compiler/windows/bin/../lib/gcc/sh-elf/9.3.0\libgcc.a(_pack_df.o)
                0x06013ec8                __pack_d
 .text          0x0601413c       0xcc e:/12gits/joengine/compiler/windows/bin/../lib/gcc/sh-elf/9.3.0\libgcc.a(_unpack_df.o)
                0x0601413c                __unpack_d
 .text          0x06014208        0x0 e:/12gits/joengine/compiler/windows/bin/../lib/gcc/sh-elf/9.3.0\libgcc.a(_clz.o)
 .text          0x06014208       0x1e e:/12gits/joengine/compiler/windows/bin/../lib/gcc/sh-elf/9.3.0/../../../../sh-elf/lib\libc.a(lib_a-memcmp.o)
                0x06014208                memcmp
 *fill*         0x06014226        0x2 
 .text          0x06014228       0x94 e:/12gits/joengine/compiler/windows/bin/../lib/gcc/sh-elf/9.3.0/../../../../sh-elf/lib\libc.a(lib_a-memcpy.o)
                0x06014228                memcpy
 .text          0x060142bc       0x40 e:/12gits/joengine/compiler/windows/bin/../lib/gcc/sh-elf/9.3.0/../../../../sh-elf/lib\libc.a(lib_a-memset.o)
                0x060142bc                memset
 .text          0x060142fc       0x8c e:/12gits/joengine/compiler/windows/bin/../lib/gcc/sh-elf/9.3.0/../../../../sh-elf/lib\libc.a(lib_a-sprintf.o)
                0x060142fc                _siprintf_r
                0x060142fc                _sprintf_r
                0x0601433c                siprintf
                0x0601433c                sprintf
 .text          0x06014388       0x2a e:/12gits/joengine/compiler/windows/bin/../lib/gcc/sh-elf/9.3.0/../../../../sh-elf/lib\libc.a(lib_a-strncmp.o)
                0x06014388                strncmp
 .text          0x060143b2       0x36 e:/12gits/joengine/compiler/windows/bin/../lib/gcc/sh-elf/9.3.0/../../../../sh-elf/lib\libc.a(lib_a-strncpy.o)
                0x060143b2                strncpy
 .text          0x060143e8        0x0 e:/12gits/joengine/compiler/windows/bin/../lib/gcc/sh-elf/9.3.0/../../../../sh-elf/lib\libc.a(lib_a-impure.o)
 .text          0x060143e8      0x444 e:/12gits/joengine/compiler/windows/bin/../lib/gcc/sh-elf/9.3.0/../../../../sh-elf/lib\libc.a(lib_a-nano-svfprintf.o)
                0x060143e8                __ssputs_r
                0x060144dc                __ssprint_r
                0x06014610                _svfprintf_r
                0x06014610                _svfiprintf_r
 .text          0x0601482c      0x380 e:/12gits/joengine/compiler/windows/bin/../lib/gcc/sh-elf/9.3.0/../../../../sh-elf/lib\libc.a(lib_a-nano-vfprintf_i.o)
                0x0601482c                _printf_common
                0x0601492c                _printf_i
 .text          0x06014bac       0x1c e:/12gits/joengine/compiler/windows/bin/../lib/gcc/sh-elf/9.3.0/../../../../sh-elf/lib\libc.a(lib_a-memchr.o)
                0x06014bac                memchr
 .text          0x06014bc8       0x3c e:/12gits/joengine/compiler/windows/bin/../lib/gcc/sh-elf/9.3.0/../../../../sh-elf/lib\libc.a(lib_a-memmove.o)
                0x06014bc8                memmove
 .text          0x06014c04       0xd0 e:/12gits/joengine/compiler/windows/bin/../lib/gcc/sh-elf/9.3.0/../../../../sh-elf/lib\libc.a(lib_a-nano-freer.o)
                0x06014c04                _free_r
 .text          0x06014cd4       0xf8 e:/12gits/joengine/compiler/windows/bin/../lib/gcc/sh-elf/9.3.0/../../../../sh-elf/lib\libc.a(lib_a-nano-mallocr.o)
                0x06014cd4                _malloc_r
 .text          0x06014dcc       0x7c e:/12gits/joengine/compiler/windows/bin/../lib/gcc/sh-elf/9.3.0/../../../../sh-elf/lib\libc.a(lib_a-nano-reallocr.o)
                0x06014dcc                _realloc_r
 .text          0x06014e48       0x30 e:/12gits/joengine/compiler/windows/bin/../lib/gcc/sh-elf/9.3.0/../../../../sh-elf/lib\libc.a(lib_a-sbrkr.o)
                0x06014e48                _sbrk_r
 .text          0x06014e78      0x25c e:/12gits/joengine/compiler/windows/bin/../lib/gcc/sh-elf/9.3.0/../../../../sh-elf/lib\libc.a(lib_a-syscalls.o)
                0x06014ef0                _read
                0x06014f00                _lseek
                0x06014f10                _write
                0x06014f20                _close
                0x06014f30                _link
                0x06014f34                _sbrk
                0x06014f8c                _fstat
                0x06014f96                _open
                0x06014fa8                _creat
                0x06014fb8                _unlink
                0x06014fbc                isatty
                0x06014fc0                _isatty
                0x06014fc4                _exit
                0x06014fd4                _kill
                0x06014fe8                _getpid
                0x06014fec                _raise
                0x06014ff0                _stat
                0x06015000                _chmod
                0x06015010                _chown
                0x06015020                _utime
                0x06015034                _fork
                0x06015040                _wait
                0x06015050                _execve
                0x06015060                _execv
                0x06015070                _pipe
                0x0601507c                _times
                0x06015080                _gettimeofday
                0x060150a8                __setup_argv_and_call_main
 .text          0x060150d4       0x14 e:/12gits/joengine/compiler/windows/bin/../lib/gcc/sh-elf/9.3.0/../../../../sh-elf/lib\libc.a(lib_a-trap.o)
                0x060150d4                __trap34
 .text          0x060150e8       0x18 e:/12gits/joengine/compiler/windows/bin/../lib/gcc/sh-elf/9.3.0/../../../../sh-elf/lib\libc.a(lib_a-abort.o)
                0x060150e8                abort
 .text          0x06015100        0x8 e:/12gits/joengine/compiler/windows/bin/../lib/gcc/sh-elf/9.3.0/../../../../sh-elf/lib\libc.a(lib_a-mlock.o)
                0x06015100                __malloc_lock
                0x06015104                __malloc_unlock
 .text          0x06015108       0x16 e:/12gits/joengine/compiler/windows/bin/../lib/gcc/sh-elf/9.3.0/../../../../sh-elf/lib\libc.a(lib_a-nano-msizer.o)
                0x06015108                _malloc_usable_size_r
 *fill*         0x0601511e        0x2 
 .text          0x06015120      0x1b4 e:/12gits/joengine/compiler/windows/bin/../lib/gcc/sh-elf/9.3.0/../../../../sh-elf/lib\libc.a(lib_a-signal.o)
                0x06015120                _init_signal_r
                0x06015160                _signal_r
                0x060151ac                _raise_r
                0x06015224                __sigtramp_r
                0x06015288                raise
                0x0601529c                signal
                0x060152b0                _init_signal
                0x060152c0                __sigtramp
 .text          0x060152d4       0x40 e:/12gits/joengine/compiler/windows/bin/../lib/gcc/sh-elf/9.3.0/../../../../sh-elf/lib\libc.a(lib_a-signalr.o)
                0x060152d4                _kill_r
                0x06015308                _getpid_r
 *(.strings)
 *(SEGA_P)
 *(.eh_frame_hdr)
 *(.eh_frame)
                0x06015314                __etext = .

.text.startup   0x06015320       0x40
 .text.startup  0x06015320       0x40 ../../jo_engine/core.o
                0x06015320                main

SLPROG          0x06015360    0x121f0
                0x06015360                __slprog_start = .
 *(SLPROG)
 SLPROG         0x06015360     0x6540 ../../Compiler/COMMON/SGL_302j/LIB_ELF/SGLAREA.O
                0x06015360                MasterStack
                0x06015364                SlaveStack
                0x06015368                MaxVertices
                0x0601536a                MaxPolygons
                0x0601536c                SortList
                0x06015370                SortListSize
                0x06015374                TransList
                0x06015378                Zbuffer
                0x0601537c                SpriteBuf
                0x06015380                SpriteBufSize
                0x06015384                Pbuffer
                0x06015388                CommandBuf
                0x0601538c                CLOfstBuf
                0x06015390                PCM_Work
                0x06015394                PCM_WkSize
                0x06015398                MaxEvents
                0x0601539a                EventSize
                0x0601539c                MaxWorks
                0x0601539e                WorkSize
                0x060153a0                RemainEvent
                0x060154a0                RemainWork
                0x060158a0                EventBuf
                0x060178a0                WorkBuf
 SLPROG         0x0601b8a0       0x78 ../../Compiler/COMMON/SGL_302j/LIB_ELF/LIBSGL.A(sglA17.o)
                0x0601b8a0                slRotZ
                0x0601b8aa                slRotZSC
 *fill*         0x0601b918        0x8 
 SLPROG         0x0601b920       0x78 ../../Compiler/COMMON/SGL_302j/LIB_ELF/LIBSGL.A(sglA18.o)
                0x0601b920                slRotY
                0x0601b92a                slRotYSC
 *fill*         0x0601b998        0x8 
 SLPROG         0x0601b9a0       0x78 ../../Compiler/COMMON/SGL_302j/LIB_ELF/LIBSGL.A(sglA19.o)
                0x0601b9a0                slRotX
                0x0601b9aa                slRotXSC
 *fill*         0x0601ba18        0x8 
 SLPROG         0x0601ba20      0x42c ../../Compiler/COMMON/SGL_302j/LIB_ELF/LIBSGL.A(sglA20.o)
                0x0601ba20                slInitMatrix
                0x0601ba2a                slPushUnitMatrix
                0x0601ba3e                slUnitMatrix
 *fill*         0x0601be4c        0x4 
 SLPROG         0x0601be50       0x48 ../../Compiler/COMMON/SGL_302j/LIB_ELF/LIBSGL.A(sglA21.o)
                0x0601be50                slPushMatrix
                0x0601be84                slDecMatrixPtr
                0x0601be84                slPopMatrix
 *fill*         0x0601be98        0x8 
 SLPROG         0x0601bea0       0x50 ../../Compiler/COMMON/SGL_302j/LIB_ELF/LIBSGL.A(sglA27.o)
                0x0601bea0                slTranslate
 SLPROG         0x0601bef0       0x20 ../../Compiler/COMMON/SGL_302j/LIB_ELF/LIBSGL.A(sglB001.o)
                0x0601bef0                slTVOn
                0x0601befa                slTVOff
 SLPROG         0x0601bf10       0x24 ../../Compiler/COMMON/SGL_302j/LIB_ELF/LIBSGL.A(sglB011.o)
                0x0601bf10                slBitMapNbg1
 *fill*         0x0601bf34        0xc 
 SLPROG         0x0601bf40        0x8 ../../Compiler/COMMON/SGL_302j/LIB_ELF/LIBSGL.A(sglB014.o)
                0x0601bf40                slScrTransparent
 *fill*         0x0601bf48        0x8 
 SLPROG         0x0601bf50      0x40c ../../Compiler/COMMON/SGL_302j/LIB_ELF/LIBSGL.A(sglB015.o)
                0x0601bf50                slScrAutoDisp
 *fill*         0x0601c35c        0x4 
 SLPROG         0x0601c360        0xc ../../Compiler/COMMON/SGL_302j/LIB_ELF/LIBSGL.A(sglB016.o)
                0x0601c360                slBack1ColSet
 *fill*         0x0601c36c        0x4 
 SLPROG         0x0601c370       0x10 ../../Compiler/COMMON/SGL_302j/LIB_ELF/LIBSGL.A(sglB020.o)
                0x0601c370                slColorCalc
 SLPROG         0x0601c380        0xc ../../Compiler/COMMON/SGL_302j/LIB_ELF/LIBSGL.A(sglB021.o)
                0x0601c380                slColorCalcOn
 *fill*         0x0601c38c        0x4 
 SLPROG         0x0601c390        0xc ../../Compiler/COMMON/SGL_302j/LIB_ELF/LIBSGL.A(sglB023.o)
                0x0601c390                slColRate
 *fill*         0x0601c39c        0x4 
 SLPROG         0x0601c3a0       0xb4 ../../Compiler/COMMON/SGL_302j/LIB_ELF/LIBSGL.A(sglB032.o)
                0x0601c3a0                slMapNbg1
 *fill*         0x0601c454        0xc 
 SLPROG         0x0601c460       0xd4 ../../Compiler/COMMON/SGL_302j/LIB_ELF/LIBSGL.A(sglB035.o)
                0x0601c460                sl1MapRA
                0x0601c4f2                rbank_set
 *fill*         0x0601c534        0xc 
 SLPROG         0x0601c540       0xa0 ../../Compiler/COMMON/SGL_302j/LIB_ELF/LIBSGL.A(sglB036.o)
                0x0601c540                sl1MapRB
 SLPROG         0x0601c5e0       0x70 ../../Compiler/COMMON/SGL_302j/LIB_ELF/LIBSGL.A(sglB038.o)
                0x0601c5e0                slRparaInitSet
 SLPROG         0x0601c650       0x7e ../../Compiler/COMMON/SGL_302j/LIB_ELF/LIBSGL.A(sglB039.o)
                0x0601c650                slMakeKtable
 *fill*         0x0601c6ce        0x2 
 SLPROG         0x0601c6d0       0x58 ../../Compiler/COMMON/SGL_302j/LIB_ELF/LIBSGL.A(sglB040.o)
                0x0601c6d0                slKtableRA
 *fill*         0x0601c728        0x8 
 SLPROG         0x0601c730       0x5c ../../Compiler/COMMON/SGL_302j/LIB_ELF/LIBSGL.A(sglB041.o)
                0x0601c730                slKtableRB
 *fill*         0x0601c78c        0x4 
 SLPROG         0x0601c790        0x8 ../../Compiler/COMMON/SGL_302j/LIB_ELF/LIBSGL.A(sglB043.o)
                0x0601c790                slRparaMode
 *fill*         0x0601c798        0x8 
 SLPROG         0x0601c7a0        0xc ../../Compiler/COMMON/SGL_302j/LIB_ELF/LIBSGL.A(sglB047.o)
                0x0601c7a0                slOverRA
 *fill*         0x0601c7ac        0x4 
 SLPROG         0x0601c7b0       0x10 ../../Compiler/COMMON/SGL_302j/LIB_ELF/LIBSGL.A(sglB048.o)
                0x0601c7b0                slOverRB
 SLPROG         0x0601c7c0        0xc ../../Compiler/COMMON/SGL_302j/LIB_ELF/LIBSGL.A(sglB056.o)
                0x0601c7c0                slPlaneNbg1
 *fill*         0x0601c7cc        0x4 
 SLPROG         0x0601c7d0        0xc ../../Compiler/COMMON/SGL_302j/LIB_ELF/LIBSGL.A(sglB059.o)
                0x0601c7d0                slPlaneRA
 *fill*         0x0601c7dc        0x4 
 SLPROG         0x0601c7e0       0x10 ../../Compiler/COMMON/SGL_302j/LIB_ELF/LIBSGL.A(sglB060.o)
                0x0601c7e0                slPlaneRB
 SLPROG         0x0601c7f0        0xc ../../Compiler/COMMON/SGL_302j/LIB_ELF/LIBSGL.A(sglB063.o)
                0x0601c7f0                slPriority
 *fill*         0x0601c7fc        0x4 
 SLPROG         0x0601c800       0x18 ../../Compiler/COMMON/SGL_302j/LIB_ELF/LIBSGL.A(sglB087.o)
                0x0601c800                slLineScrollTable0
 *fill*         0x0601c818        0x8 
 SLPROG         0x0601c820        0x8 ../../Compiler/COMMON/SGL_302j/LIB_ELF/LIBSGL.A(sglB088.o)
                0x0601c820                slLineScrollTable1
 *fill*         0x0601c828        0x8 
 SLPROG         0x0601c830        0xc ../../Compiler/COMMON/SGL_302j/LIB_ELF/LIBSGL.A(sglB090.o)
                0x0601c830                slLineScrollMode
 *fill*         0x0601c83c        0x4 
 SLPROG         0x0601c840      0x114 ../../Compiler/COMMON/SGL_302j/LIB_ELF/LIBSGL.A(sglB200.o)
                0x0601c840                slCharRbg0
                0x0601c84c                slCharNbg0
                0x0601c858                slCharNbg1
                0x0601c864                slCharNbg2
                0x0601c87a                slCharNbg3
                0x0601c892                slPageRbg0
                0x0601c8a8                slPageNbg1
                0x0601c8b0                slPageNbg2
                0x0601c8b8                slPageNbg3
                0x0601c8c4                slPageNbg0
 *fill*         0x0601c954        0xc 
 SLPROG         0x0601c960       0x2c ../../Compiler/COMMON/SGL_302j/LIB_ELF/LIBSGL.A(sglC04.o)
                0x0601c960                slZdspLevel
 *fill*         0x0601c98c        0x4 
 SLPROG         0x0601c990       0x78 ../../Compiler/COMMON/SGL_302j/LIB_ELF/LIBSGL.A(sglC05.o)
                0x0601c990                slSetSprite
 *fill*         0x0601ca08        0x8 
 SLPROG         0x0601ca10       0xfa ../../Compiler/COMMON/SGL_302j/LIB_ELF/LIBSGL.A(sglC06.o)
                0x0601ca10                slDispSprite
 *fill*         0x0601cb0a        0x6 
 SLPROG         0x0601cb10      0x162 ../../Compiler/COMMON/SGL_302j/LIB_ELF/LIBSGL.A(sglC07.o)
                0x0601cb16                slPutSprite
 *fill*         0x0601cc72        0xe 
 SLPROG         0x0601cc80     0x1218 ../../Compiler/COMMON/SGL_302j/LIB_ELF/LIBSGL.A(sglC08.o)
                0x0601cc80                slPutPolygon
                0x0601d8fc                MsCalcDepthFlat
 *fill*         0x0601de98        0x8 
 SLPROG         0x0601dea0       0x4c ../../Compiler/COMMON/SGL_302j/LIB_ELF/LIBSGL.A(sglC17.o)
                0x0601dea0                slDispSpriteHV
 *fill*         0x0601deec        0x4 
 SLPROG         0x0601def0       0xd4 ../../Compiler/COMMON/SGL_302j/LIB_ELF/LIBSGL.A(sglC19.o)
                0x0601def0                slDispSprite4P
 *fill*         0x0601dfc4        0xc 
 SLPROG         0x0601dfd0       0x40 ../../Compiler/COMMON/SGL_302j/LIB_ELF/LIBSGL.A(sglC20.o)
                0x0601dfd0                SpriteEntry
 SLPROG         0x0601e010      0x4ae ../../Compiler/COMMON/SGL_302j/LIB_ELF/LIBSGL.A(sglC21.o)
                0x0601e098                RotSprite
                0x0601e126                SetSprPosition
 *fill*         0x0601e4be        0x2 
 SLPROG         0x0601e4c0       0x84 ../../Compiler/COMMON/SGL_302j/LIB_ELF/LIBSGL.A(sglD00.o)
                0x0601e4c0                slCpuDMACopy
                0x0601e4c0                slDMACopy
                0x0601e51a                CSH_AllClr
                0x0601e51a                slCashPurge
 *fill*         0x0601e544        0xc 
 SLPROG         0x0601e550       0xa0 ../../Compiler/COMMON/SGL_302j/LIB_ELF/LIBSGL.A(sglD01.o)
                0x0601e550                slDMAXCopy
 SLPROG         0x0601e5f0        0xc ../../Compiler/COMMON/SGL_302j/LIB_ELF/LIBSGL.A(sglD03.o)
                0x0601e5f0                slDMAStatus
 *fill*         0x0601e5fc        0x4 
 SLPROG         0x0601e600       0x20 ../../Compiler/COMMON/SGL_302j/LIB_ELF/LIBSGL.A(sglD15.o)
                0x0601e600                CSH_Purge
 SLPROG         0x0601e620       0x84 ../../Compiler/COMMON/SGL_302j/LIB_ELF/LIBSGL.A(sglD16.o)
                0x0601e620                DMA_ScuSetPrm
                0x0601e668                DMA_SCU_PRM0
 *fill*         0x0601e6a4        0xc 
 SLPROG         0x0601e6b0       0x88 ../../Compiler/COMMON/SGL_302j/LIB_ELF/LIBSGL.A(sglD17.o)
                0x0601e6b0                DMA_ScuStart
 *fill*         0x0601e738        0x8 
 SLPROG         0x0601e740       0x34 ../../Compiler/COMMON/SGL_302j/LIB_ELF/LIBSGL.A(sglD18.o)
                0x0601e740                DMA_ScuGetStatus
 *fill*         0x0601e774        0xc 
 SLPROG         0x0601e780       0x4e ../../Compiler/COMMON/SGL_302j/LIB_ELF/LIBSGL.A(sglF00.o)
                0x0601e780                slCurScrn
                0x0601e790                slCurColor
                0x0601e79a                slLocate
                0x0601e7cc                CurrentScreen
 *fill*         0x0601e7ce        0x2 
 SLPROG         0x0601e7d0       0x1c ../../Compiler/COMMON/SGL_302j/LIB_ELF/LIBSGL.A(sglF05.o)
                0x0601e7d0                slPrint
 *fill*         0x0601e7ec        0x4 
 SLPROG         0x0601e7f0       0x34 ../../Compiler/COMMON/SGL_302j/LIB_ELF/LIBSGL.A(sglF08.o)
                0x0601e7f0                slDec2Hex
 *fill*         0x0601e824        0xc 
 SLPROG         0x0601e830      0xfc8 ../../Compiler/COMMON/SGL_302j/LIB_ELF/LIBSGL.A(sglH00.o)
                0x0601e848                slGetPortDir1
                0x0601e850                slGetPortDir2
                0x0601e858                slSetPortDir1
                0x0601e882                slSetPortDir2
                0x0601e8bc                slGetPortData1
                0x0601e8c4                slGetPortData2
                0x0601e8cc                slSetPortData1
                0x0601e8d6                slSetPortData2
                0x0601e8e8                slGetPortSelect1
                0x0601e8f2                slGetPortSelect2
                0x0601e8fc                slSetPortSelect1
                0x0601e930                slSetPortSelect2
                0x0601e96c                slGetPortExt1
                0x0601e976                slGetPortExt2
                0x0601e980                slSetPortExt1
                0x0601e9b0                slSetPortExt2
                0x0601eb24                slSmpcDirectAccess
                0x0601eba4                slInitPeripheral
                0x0601ec36                slSetResultBuffer
                0x0601ecc2                slCheckIntBackSet
                0x0601ecce                slIntBackCancel
                0x0601ecf8                slCheckReset
                0x0601ed02                slClearReset
                0x0601eec8                slSmpcCashSend
                0x0601ef84                slSmpcCashBlow
                0x0601f060                slGetOptimize
                0x0601f06a                slSetOptimize
                0x0601f090                slGetPortMode1
                0x0601f09c                slGetPortMode2
                0x0601f0aa                slSetPortMode1
                0x0601f0e8                slSetPortMode2
                0x0601f274                slRequestCommand
                0x0601f2e4                Smpc_Status
                0x0601f2e8                Smpc_Result
                0x0601f2ec                Smpc_Peripheral
                0x0601f2f2                Per_Connect1
                0x0601f2f3                Per_Connect2
                0x0601f314                SmpcStatusBuf
 *fill*         0x0601f7f8        0x8 
 SLPROG         0x0601f800       0xa8 ../../Compiler/COMMON/SGL_302j/LIB_ELF/LIBSGL.A(sglH01.o)
                0x0601f800                slGetLanguage
                0x0601f80a                slSetLanguage
                0x0601f82c                slGetSoundEffect
                0x0601f838                slSetSoundEffect
                0x0601f854                slGetSoundOutput
                0x0601f860                slSetSoundOutput
                0x0601f87c                slGetHelpWindow
                0x0601f888                slSetHelpWindow
 *fill*         0x0601f8a8        0x8 
 SLPROG         0x0601f8b0      0x470 ../../Compiler/COMMON/SGL_302j/LIB_ELF/LIBSGL.A(sglH02.o)
                0x0601fca0                smpc_pfr_tbl
                0x0601fce0                smpc_ptf_tbl
 SLPROG         0x0601fd20       0x60 ../../Compiler/COMMON/SGL_302j/LIB_ELF/LIBSGL.A(sglH04.o)
                0x0601fd20                slComPrmIntBack
                0x0601fd34                slComPrmSetMemory
                0x0601fd4a                slComPrmSetTime
 SLPROG         0x0601fd80      0x3a4 ../../Compiler/COMMON/SGL_302j/LIB_ELF/LIBSGL.A(sglI01.o)
                0x0601fd80                slInitSynch
                0x0601fd9a                slSynch
                0x0601fe90                slRandom
                0x0601feae                PCM_EndCheck
                0x0601ff6a                RetPCMBuf
                0x06020004                PCM_Buf
                0x060200a4                Sound_Buf
 *fill*         0x06020124        0xc 
 SLPROG         0x06020130       0x10 ../../Compiler/COMMON/SGL_302j/LIB_ELF/LIBSGL.A(sglI04.o)
                0x06020130                slIntFunction
 SLPROG         0x06020140       0x74 ../../Compiler/COMMON/SGL_302j/LIB_ELF/LIBSGL.A(sglJ00.o)
                0x06020140                InitSlaveSH
                0x060201a8                SlaveCommand
 *fill*         0x060201b4        0xc 
 SLPROG         0x060201c0      0x3d0 ../../Compiler/COMMON/SGL_302j/LIB_ELF/LIBSGL.A(sglJ01.o)
                0x060201c0                SlaveControl
                0x0602057c                ErasePolygonData
 SLPROG         0x06020590     0x12b8 ../../Compiler/COMMON/SGL_302j/LIB_ELF/LIBSGL.A(sglJ02.o)
                0x06020590                sbMakePolygon
                0x06020778                sbCalcPolygon
                0x060214b0                SetTexture
                0x060214bc                SetPolygon
                0x060214c4                SetPosition
                0x060214fc                stvtc_4
                0x060215b4                stvtc_3
                0x060217c4                stvtc_1
                0x060217d8                stvtc_2
                0x060217ec                stvtc_0
 *fill*         0x06021848        0x8 
 SLPROG         0x06021850      0x140 ../../Compiler/COMMON/SGL_302j/LIB_ELF/LIBSGL.A(sglJ03.o)
                0x06021850                sbMakeDMATable
 SLPROG         0x06021990      0x470 ../../Compiler/COMMON/SGL_302j/LIB_ELF/LIBSGL.A(sglJ04.o)
                0x060219ee                sbMakeSprite
                0x06021a54                sbMakeRotSprite
 SLPROG         0x06021e00       0x3c ../../Compiler/COMMON/SGL_302j/LIB_ELF/LIBSGL.A(sglJ05.o)
                0x06021e00                sbSortEntry
 *fill*         0x06021e3c        0x4 
 SLPROG         0x06021e40       0x6a ../../Compiler/COMMON/SGL_302j/LIB_ELF/LIBSGL.A(sglM01.o)
                0x06021e40                slSetDepthLimit
                0x06021e6c                slSetDepthTbl
                0x06021e9c                DepthWorkArea
 *fill*         0x06021eaa        0x6 
 SLPROG         0x06021eb0       0x20 ../../Compiler/COMMON/SGL_302j/LIB_ELF/LIBSGL.A(sglA00.o)
                0x06021eb0                set_imask
                0x06021eb0                _builtin_set_imask
                0x06021ec4                _builtin_get_imask
                0x06021ec4                get_imask
 SLPROG         0x06021ed0     0x411e ../../Compiler/COMMON/SGL_302j/LIB_ELF/LIBSGL.A(sglA01.o)
                0x06021ed0                slSin
                0x06021ef4                slCos
                0x06021f18                GetSinCos
                0x06021fac                sin_cos_index_tbl
                0x06021fec                sin_tbl
 *fill*         0x06025fee        0x2 
 SLPROG         0x06025ff0      0xbd0 ../../Compiler/COMMON/SGL_302j/LIB_ELF/LIBSGL.A(sglB000.o)
                0x06025ff0                slInitScroll
                0x06026110                setASC_1to8
                0x06026140                setASC_4to8
                0x06026250                TVSizeTbl
                0x060262d0                TVModeTbl
                0x060264a8                SGL_ASCII_CG
 SLPROG         0x06026bc0      0x134 ../../Compiler/COMMON/SGL_302j/LIB_ELF/LIBSGL.A(sglC00.o)
                0x06026bc0                slInitSprite
 *fill*         0x06026cf4        0xc 
 SLPROG         0x06026d00      0x75c ../../Compiler/COMMON/SGL_302j/LIB_ELF/LIBSGL.A(sglI00.o)
                0x06026ff0                slInitInterrupt
 *fill*         0x0602745c        0x4 
 SLPROG         0x06027460       0xf0 ../../Compiler/COMMON/SGL_302j/LIB_ELF/LIBSGL.A(sglH03.o)
                0x060274c4                slSmpcIntBack
                0x06027550                __slprog_end = .

.tors           0x06027550        0x0
                0x06027550                ___ctors = .
 *(.ctors)
                0x06027550                ___ctors_end = .
                0x06027550                ___dtors = .
 *(.dtors)
                0x06027550                ___dtors_end = .

.data           0x06027550      0x540
 *(.data)
 .data          0x06027550        0x0 ../../Compiler/COMMON/SGL_302j/LIB_ELF/SGLAREA.O
 .data          0x06027550       0x24 main.o
                0x06027550                frustrum
                0x06027554                near
                0x06027558                far
                0x0602755c                z
                0x06027560                pos_frust_ext
                0x06027564                neg_frust_ext
                0x06027568                rot_pos_frust
                0x0602756c                rot_neg_frust
                0x06027570                rot_multiplier
 .data          0x06027574        0x0 ../../jo_engine/tga.o
 .data          0x06027574       0x28 ../../jo_engine/3d.o
 .data          0x0602759c        0x4 ../../jo_engine/fs.o
 .data          0x060275a0        0x0 ../../jo_engine/font.o
 .data          0x060275a0        0x0 ../../jo_engine/input.o
 .data          0x060275a0        0x0 ../../jo_engine/physics.o
 .data          0x060275a0        0x0 ../../jo_engine/core.o
 .data          0x060275a0        0x4 ../../jo_engine/math.o
                0x060275a0                jo_random_seed
 .data          0x060275a4        0x0 ../../jo_engine/malloc.o
 .data          0x060275a4        0x0 ../../jo_engine/tools.o
 .data          0x060275a4        0x0 ../../jo_engine/palette.o
 .data          0x060275a4       0x2c ../../jo_engine/sprites.o
                0x060275a8                __jo_gouraud_shading_runtime_index
                0x060275ac                __jo_sprite_pos
                0x060275b8                __jo_sprite_attributes
 .data          0x060275d0        0x0 ../../jo_engine/map.o
 .data          0x060275d0        0x0 ../../jo_engine/list.o
 .data          0x060275d0        0x4 ../../jo_engine/sprite_animator.o
 .data          0x060275d4        0x0 ../../jo_engine/image.o
 .data          0x060275d4        0x0 ../../jo_engine/vdp2.o
 .data          0x060275d4        0x0 ../../jo_engine/time.o
 .data          0x060275d4        0x0 ../../jo_engine/vdp1_command_pipeline.o
 .data          0x060275d4       0x10 ../../jo_engine/vdp2_malloc.o
 *fill*         0x060275e4        0xc 
 .data          0x060275f0        0x0 ../../Compiler/COMMON/SGL_302j/LIB_ELF/SEGA_SYS.A(sys_exit.o)
 .data          0x060275f0        0x0 ../../Compiler/COMMON/SGL_302j/LIB_ELF/SEGA_SYS.A(sys_sub.o)
 .data          0x060275f0        0x0 ../../Compiler/COMMON/SGL_302j/LIB_ELF/LIBCD.A(CDC_CMN.O)
 .data          0x060275f0        0x0 ../../Compiler/COMMON/SGL_302j/LIB_ELF/LIBCD.A(CDC_CFS.O)
 .data          0x060275f0        0x0 ../../Compiler/COMMON/SGL_302j/LIB_ELF/LIBCD.A(CDC_REG.O)
 .data          0x060275f0        0x0 ../../Compiler/COMMON/SGL_302j/LIB_ELF/LIBCD.A(CDC_SUB.O)
 .data          0x060275f0        0x0 ../../Compiler/COMMON/SGL_302j/LIB_ELF/LIBCD.A(GFS.O)
 .data          0x060275f0        0x0 ../../Compiler/COMMON/SGL_302j/LIB_ELF/LIBCD.A(GFS_BUF.O)
 .data          0x060275f0        0x0 ../../Compiler/COMMON/SGL_302j/LIB_ELF/LIBCD.A(GFS_CDB.O)
 .data          0x060275f0        0x0 ../../Compiler/COMMON/SGL_302j/LIB_ELF/LIBCD.A(GFS_CDC.O)
 .data          0x060275f0        0x0 ../../Compiler/COMMON/SGL_302j/LIB_ELF/LIBCD.A(GFS_CDF.O)
 .data          0x060275f0        0x0 ../../Compiler/COMMON/SGL_302j/LIB_ELF/LIBCD.A(GFS_DIR.O)
 .data          0x060275f0        0x0 ../../Compiler/COMMON/SGL_302j/LIB_ELF/LIBCD.A(GFS_TRN.O)
 .data          0x060275f0        0x0 ../../Compiler/COMMON/SGL_302j/LIB_ELF/LIBCD.A(CDC_DRV.O)
 .data          0x060275f0        0x0 ../../Compiler/COMMON/SGL_302j/LIB_ELF/LIBCD.A(CDC_DEV.O)
 .data          0x060275f0        0x0 ../../Compiler/COMMON/SGL_302j/LIB_ELF/LIBCD.A(CDC_SEL.O)
 .data          0x060275f0        0x0 ../../Compiler/COMMON/SGL_302j/LIB_ELF/LIBCD.A(CDC_BIF.O)
 .data          0x060275f0        0x0 ../../Compiler/COMMON/SGL_302j/LIB_ELF/LIBCD.A(CDC_BIO.O)
 .data          0x060275f0        0x0 ../../Compiler/COMMON/SGL_302j/LIB_ELF/LIBSGL.A(sglA17.o)
 .data          0x060275f0        0x0 ../../Compiler/COMMON/SGL_302j/LIB_ELF/LIBSGL.A(sglA18.o)
 .data          0x060275f0        0x0 ../../Compiler/COMMON/SGL_302j/LIB_ELF/LIBSGL.A(sglA19.o)
 .data          0x060275f0        0x0 ../../Compiler/COMMON/SGL_302j/LIB_ELF/LIBSGL.A(sglA20.o)
 .data          0x060275f0        0x0 ../../Compiler/COMMON/SGL_302j/LIB_ELF/LIBSGL.A(sglA21.o)
 .data          0x060275f0        0x0 ../../Compiler/COMMON/SGL_302j/LIB_ELF/LIBSGL.A(sglA27.o)
 .data          0x060275f0        0x0 ../../Compiler/COMMON/SGL_302j/LIB_ELF/LIBSGL.A(sglB001.o)
 .data          0x060275f0        0x0 ../../Compiler/COMMON/SGL_302j/LIB_ELF/LIBSGL.A(sglB011.o)
 .data          0x060275f0        0x0 ../../Compiler/COMMON/SGL_302j/LIB_ELF/LIBSGL.A(sglB014.o)
 .data          0x060275f0        0x0 ../../Compiler/COMMON/SGL_302j/LIB_ELF/LIBSGL.A(sglB015.o)
 .data          0x060275f0        0x0 ../../Compiler/COMMON/SGL_302j/LIB_ELF/LIBSGL.A(sglB016.o)
 .data          0x060275f0        0x0 ../../Compiler/COMMON/SGL_302j/LIB_ELF/LIBSGL.A(sglB020.o)
 .data          0x060275f0        0x0 ../../Compiler/COMMON/SGL_302j/LIB_ELF/LIBSGL.A(sglB021.o)
 .data          0x060275f0        0x0 ../../Compiler/COMMON/SGL_302j/LIB_ELF/LIBSGL.A(sglB023.o)
 .data          0x060275f0        0x0 ../../Compiler/COMMON/SGL_302j/LIB_ELF/LIBSGL.A(sglB032.o)
 .data          0x060275f0        0x0 ../../Compiler/COMMON/SGL_302j/LIB_ELF/LIBSGL.A(sglB035.o)
 .data          0x060275f0        0x0 ../../Compiler/COMMON/SGL_302j/LIB_ELF/LIBSGL.A(sglB036.o)
 .data          0x060275f0        0x0 ../../Compiler/COMMON/SGL_302j/LIB_ELF/LIBSGL.A(sglB038.o)
 .data          0x060275f0        0x0 ../../Compiler/COMMON/SGL_302j/LIB_ELF/LIBSGL.A(sglB039.o)
 .data          0x060275f0        0x0 ../../Compiler/COMMON/SGL_302j/LIB_ELF/LIBSGL.A(sglB040.o)
 .data          0x060275f0        0x0 ../../Compiler/COMMON/SGL_302j/LIB_ELF/LIBSGL.A(sglB041.o)
 .data          0x060275f0        0x0 ../../Compiler/COMMON/SGL_302j/LIB_ELF/LIBSGL.A(sglB043.o)
 .data          0x060275f0        0x0 ../../Compiler/COMMON/SGL_302j/LIB_ELF/LIBSGL.A(sglB047.o)
 .data          0x060275f0        0x0 ../../Compiler/COMMON/SGL_302j/LIB_ELF/LIBSGL.A(sglB048.o)
 .data          0x060275f0        0x0 ../../Compiler/COMMON/SGL_302j/LIB_ELF/LIBSGL.A(sglB056.o)
 .data          0x060275f0        0x0 ../../Compiler/COMMON/SGL_302j/LIB_ELF/LIBSGL.A(sglB059.o)
 .data          0x060275f0        0x0 ../../Compiler/COMMON/SGL_302j/LIB_ELF/LIBSGL.A(sglB060.o)
 .data          0x060275f0        0x0 ../../Compiler/COMMON/SGL_302j/LIB_ELF/LIBSGL.A(sglB063.o)
 .data          0x060275f0        0x0 ../../Compiler/COMMON/SGL_302j/LIB_ELF/LIBSGL.A(sglB087.o)
 .data          0x060275f0        0x0 ../../Compiler/COMMON/SGL_302j/LIB_ELF/LIBSGL.A(sglB088.o)
 .data          0x060275f0        0x0 ../../Compiler/COMMON/SGL_302j/LIB_ELF/LIBSGL.A(sglB090.o)
 .data          0x060275f0        0x0 ../../Compiler/COMMON/SGL_302j/LIB_ELF/LIBSGL.A(sglB200.o)
 .data          0x060275f0        0x0 ../../Compiler/COMMON/SGL_302j/LIB_ELF/LIBSGL.A(sglC04.o)
 .data          0x060275f0        0x0 ../../Compiler/COMMON/SGL_302j/LIB_ELF/LIBSGL.A(sglC05.o)
 .data          0x060275f0        0x0 ../../Compiler/COMMON/SGL_302j/LIB_ELF/LIBSGL.A(sglC06.o)
 .data          0x060275f0        0x0 ../../Compiler/COMMON/SGL_302j/LIB_ELF/LIBSGL.A(sglC07.o)
 .data          0x060275f0        0x0 ../../Compiler/COMMON/SGL_302j/LIB_ELF/LIBSGL.A(sglC08.o)
 .data          0x060275f0        0x0 ../../Compiler/COMMON/SGL_302j/LIB_ELF/LIBSGL.A(sglC17.o)
 .data          0x060275f0        0x0 ../../Compiler/COMMON/SGL_302j/LIB_ELF/LIBSGL.A(sglC19.o)
 .data          0x060275f0        0x0 ../../Compiler/COMMON/SGL_302j/LIB_ELF/LIBSGL.A(sglC20.o)
 .data          0x060275f0        0x0 ../../Compiler/COMMON/SGL_302j/LIB_ELF/LIBSGL.A(sglC21.o)
 .data          0x060275f0        0x0 ../../Compiler/COMMON/SGL_302j/LIB_ELF/LIBSGL.A(sglD00.o)
 .data          0x060275f0        0x0 ../../Compiler/COMMON/SGL_302j/LIB_ELF/LIBSGL.A(sglD01.o)
 .data          0x060275f0        0x0 ../../Compiler/COMMON/SGL_302j/LIB_ELF/LIBSGL.A(sglD03.o)
 .data          0x060275f0        0x0 ../../Compiler/COMMON/SGL_302j/LIB_ELF/LIBSGL.A(sglD15.o)
 .data          0x060275f0        0x0 ../../Compiler/COMMON/SGL_302j/LIB_ELF/LIBSGL.A(sglD16.o)
 .data          0x060275f0        0x0 ../../Compiler/COMMON/SGL_302j/LIB_ELF/LIBSGL.A(sglD17.o)
 .data          0x060275f0        0x0 ../../Compiler/COMMON/SGL_302j/LIB_ELF/LIBSGL.A(sglD18.o)
 .data          0x060275f0        0x0 ../../Compiler/COMMON/SGL_302j/LIB_ELF/LIBSGL.A(sglF00.o)
 .data          0x060275f0        0x0 ../../Compiler/COMMON/SGL_302j/LIB_ELF/LIBSGL.A(sglF05.o)
 .data          0x060275f0        0x0 ../../Compiler/COMMON/SGL_302j/LIB_ELF/LIBSGL.A(sglF08.o)
 .data          0x060275f0        0x0 ../../Compiler/COMMON/SGL_302j/LIB_ELF/LIBSGL.A(sglH00.o)
 .data          0x060275f0        0x0 ../../Compiler/COMMON/SGL_302j/LIB_ELF/LIBSGL.A(sglH01.o)
 .data          0x060275f0        0x0 ../../Compiler/COMMON/SGL_302j/LIB_ELF/LIBSGL.A(sglH02.o)
 .data          0x060275f0        0x0 ../../Compiler/COMMON/SGL_302j/LIB_ELF/LIBSGL.A(sglH04.o)
 .data          0x060275f0        0x0 ../../Compiler/COMMON/SGL_302j/LIB_ELF/LIBSGL.A(sglI01.o)
 .data          0x060275f0        0x0 ../../Compiler/COMMON/SGL_302j/LIB_ELF/LIBSGL.A(sglI04.o)
 .data          0x060275f0       0x80 ../../Compiler/COMMON/SGL_302j/LIB_ELF/LIBSGL.A(sglIc0.o)
                0x060275f0                IntPrioMask
 .data          0x06027670        0x0 ../../Compiler/COMMON/SGL_302j/LIB_ELF/LIBSGL.A(sglJ00.o)
 .data          0x06027670        0x0 ../../Compiler/COMMON/SGL_302j/LIB_ELF/LIBSGL.A(sglJ01.o)
 .data          0x06027670        0x0 ../../Compiler/COMMON/SGL_302j/LIB_ELF/LIBSGL.A(sglJ02.o)
 .data          0x06027670        0x0 ../../Compiler/COMMON/SGL_302j/LIB_ELF/LIBSGL.A(sglJ03.o)
 .data          0x06027670        0x0 ../../Compiler/COMMON/SGL_302j/LIB_ELF/LIBSGL.A(sglJ04.o)
 .data          0x06027670        0x0 ../../Compiler/COMMON/SGL_302j/LIB_ELF/LIBSGL.A(sglJ05.o)
 .data          0x06027670        0x0 ../../Compiler/COMMON/SGL_302j/LIB_ELF/LIBSGL.A(sglK01.o)
 .data          0x06027670        0x0 ../../Compiler/COMMON/SGL_302j/LIB_ELF/LIBSGL.A(sglM01.o)
 .data          0x06027670        0x0 ../../Compiler/COMMON/SGL_302j/LIB_ELF/LIBSGL.A(sglA00.o)
 .data          0x06027670        0x0 ../../Compiler/COMMON/SGL_302j/LIB_ELF/LIBSGL.A(sglA01.o)
 .data          0x06027670        0x0 ../../Compiler/COMMON/SGL_302j/LIB_ELF/LIBSGL.A(sglB000.o)
 .data          0x06027670        0x0 ../../Compiler/COMMON/SGL_302j/LIB_ELF/LIBSGL.A(sglC00.o)
 .data          0x06027670        0x0 ../../Compiler/COMMON/SGL_302j/LIB_ELF/LIBSGL.A(sglI00.o)
 .data          0x06027670        0x0 ../../Compiler/COMMON/SGL_302j/LIB_ELF/LIBSGL.A(sglH03.o)
 .data          0x06027670        0x0 e:/12gits/joengine/compiler/windows/bin/../lib/gcc/sh-elf/9.3.0\libgcc.a(_ashiftrt.o)
 .data          0x06027670        0x0 e:/12gits/joengine/compiler/windows/bin/../lib/gcc/sh-elf/9.3.0\libgcc.a(_ashiftrt_n.o)
 .data          0x06027670        0x0 e:/12gits/joengine/compiler/windows/bin/../lib/gcc/sh-elf/9.3.0\libgcc.a(_ashiftlt.o)
 .data          0x06027670        0x0 e:/12gits/joengine/compiler/windows/bin/../lib/gcc/sh-elf/9.3.0\libgcc.a(_lshiftrt.o)
 .data          0x06027670        0x0 e:/12gits/joengine/compiler/windows/bin/../lib/gcc/sh-elf/9.3.0\libgcc.a(_sdivsi3.o)
 .data          0x06027670        0x0 e:/12gits/joengine/compiler/windows/bin/../lib/gcc/sh-elf/9.3.0\libgcc.a(_udivsi3.o)
 .data          0x06027670        0x0 e:/12gits/joengine/compiler/windows/bin/../lib/gcc/sh-elf/9.3.0\libgcc.a(_addsub_sf.o)
 .data          0x06027670        0x0 e:/12gits/joengine/compiler/windows/bin/../lib/gcc/sh-elf/9.3.0\libgcc.a(_mul_sf.o)
 .data          0x06027670        0x0 e:/12gits/joengine/compiler/windows/bin/../lib/gcc/sh-elf/9.3.0\libgcc.a(_div_sf.o)
 .data          0x06027670        0x0 e:/12gits/joengine/compiler/windows/bin/../lib/gcc/sh-elf/9.3.0\libgcc.a(_gt_sf.o)
 .data          0x06027670        0x0 e:/12gits/joengine/compiler/windows/bin/../lib/gcc/sh-elf/9.3.0\libgcc.a(_ge_sf.o)
 .data          0x06027670        0x0 e:/12gits/joengine/compiler/windows/bin/../lib/gcc/sh-elf/9.3.0\libgcc.a(_lt_sf.o)
 .data          0x06027670        0x0 e:/12gits/joengine/compiler/windows/bin/../lib/gcc/sh-elf/9.3.0\libgcc.a(_le_sf.o)
 .data          0x06027670        0x0 e:/12gits/joengine/compiler/windows/bin/../lib/gcc/sh-elf/9.3.0\libgcc.a(_si_to_sf.o)
 .data          0x06027670        0x0 e:/12gits/joengine/compiler/windows/bin/../lib/gcc/sh-elf/9.3.0\libgcc.a(_sf_to_si.o)
 .data          0x06027670        0x0 e:/12gits/joengine/compiler/windows/bin/../lib/gcc/sh-elf/9.3.0\libgcc.a(_sf_to_df.o)
 .data          0x06027670        0x0 e:/12gits/joengine/compiler/windows/bin/../lib/gcc/sh-elf/9.3.0\libgcc.a(_thenan_sf.o)
 .data          0x06027670        0x0 e:/12gits/joengine/compiler/windows/bin/../lib/gcc/sh-elf/9.3.0\libgcc.a(_usi_to_sf.o)
 .data          0x06027670        0x0 e:/12gits/joengine/compiler/windows/bin/../lib/gcc/sh-elf/9.3.0\libgcc.a(_addsub_df.o)
 .data          0x06027670        0x0 e:/12gits/joengine/compiler/windows/bin/../lib/gcc/sh-elf/9.3.0\libgcc.a(_mul_df.o)
 .data          0x06027670        0x0 e:/12gits/joengine/compiler/windows/bin/../lib/gcc/sh-elf/9.3.0\libgcc.a(_si_to_df.o)
 .data          0x06027670        0x0 e:/12gits/joengine/compiler/windows/bin/../lib/gcc/sh-elf/9.3.0\libgcc.a(_df_to_si.o)
 .data          0x06027670        0x0 e:/12gits/joengine/compiler/windows/bin/../lib/gcc/sh-elf/9.3.0\libgcc.a(_make_df.o)
 .data          0x06027670        0x0 e:/12gits/joengine/compiler/windows/bin/../lib/gcc/sh-elf/9.3.0\libgcc.a(_df_to_sf.o)
 .data          0x06027670        0x0 e:/12gits/joengine/compiler/windows/bin/../lib/gcc/sh-elf/9.3.0\libgcc.a(_thenan_df.o)
 .data          0x06027670        0x0 e:/12gits/joengine/compiler/windows/bin/../lib/gcc/sh-elf/9.3.0\libgcc.a(_clzsi2.o)
 .data          0x06027670        0x0 e:/12gits/joengine/compiler/windows/bin/../lib/gcc/sh-elf/9.3.0\libgcc.a(_pack_sf.o)
 .data          0x06027670        0x0 e:/12gits/joengine/compiler/windows/bin/../lib/gcc/sh-elf/9.3.0\libgcc.a(_unpack_sf.o)
 .data          0x06027670        0x0 e:/12gits/joengine/compiler/windows/bin/../lib/gcc/sh-elf/9.3.0\libgcc.a(_fpcmp_parts_sf.o)
 .data          0x06027670        0x0 e:/12gits/joengine/compiler/windows/bin/../lib/gcc/sh-elf/9.3.0\libgcc.a(_make_sf.o)
 .data          0x06027670        0x0 e:/12gits/joengine/compiler/windows/bin/../lib/gcc/sh-elf/9.3.0\libgcc.a(_pack_df.o)
 .data          0x06027670        0x0 e:/12gits/joengine/compiler/windows/bin/../lib/gcc/sh-elf/9.3.0\libgcc.a(_unpack_df.o)
 .data          0x06027670        0x0 e:/12gits/joengine/compiler/windows/bin/../lib/gcc/sh-elf/9.3.0\libgcc.a(_clz.o)
 .data          0x06027670        0x0 e:/12gits/joengine/compiler/windows/bin/../lib/gcc/sh-elf/9.3.0/../../../../sh-elf/lib\libc.a(lib_a-memcmp.o)
 .data          0x06027670        0x0 e:/12gits/joengine/compiler/windows/bin/../lib/gcc/sh-elf/9.3.0/../../../../sh-elf/lib\libc.a(lib_a-memcpy.o)
 .data          0x06027670        0x0 e:/12gits/joengine/compiler/windows/bin/../lib/gcc/sh-elf/9.3.0/../../../../sh-elf/lib\libc.a(lib_a-memset.o)
 .data          0x06027670        0x0 e:/12gits/joengine/compiler/windows/bin/../lib/gcc/sh-elf/9.3.0/../../../../sh-elf/lib\libc.a(lib_a-sprintf.o)
 .data          0x06027670        0x0 e:/12gits/joengine/compiler/windows/bin/../lib/gcc/sh-elf/9.3.0/../../../../sh-elf/lib\libc.a(lib_a-strncmp.o)
 .data          0x06027670        0x0 e:/12gits/joengine/compiler/windows/bin/../lib/gcc/sh-elf/9.3.0/../../../../sh-elf/lib\libc.a(lib_a-strncpy.o)
 .data          0x06027670      0x41c e:/12gits/joengine/compiler/windows/bin/../lib/gcc/sh-elf/9.3.0/../../../../sh-elf/lib\libc.a(lib_a-impure.o)
                0x06027670                _impure_ptr
 .data          0x06027a8c        0x0 e:/12gits/joengine/compiler/windows/bin/../lib/gcc/sh-elf/9.3.0/../../../../sh-elf/lib\libc.a(lib_a-nano-svfprintf.o)
 .data          0x06027a8c        0x0 e:/12gits/joengine/compiler/windows/bin/../lib/gcc/sh-elf/9.3.0/../../../../sh-elf/lib\libc.a(lib_a-nano-vfprintf_i.o)
 .data          0x06027a8c        0x0 e:/12gits/joengine/compiler/windows/bin/../lib/gcc/sh-elf/9.3.0/../../../../sh-elf/lib\libc.a(lib_a-memchr.o)
 .data          0x06027a8c        0x0 e:/12gits/joengine/compiler/windows/bin/../lib/gcc/sh-elf/9.3.0/../../../../sh-elf/lib\libc.a(lib_a-memmove.o)
 .data          0x06027a8c        0x0 e:/12gits/joengine/compiler/windows/bin/../lib/gcc/sh-elf/9.3.0/../../../../sh-elf/lib\libc.a(lib_a-nano-freer.o)
 .data          0x06027a8c        0x0 e:/12gits/joengine/compiler/windows/bin/../lib/gcc/sh-elf/9.3.0/../../../../sh-elf/lib\libc.a(lib_a-nano-mallocr.o)
 .data          0x06027a8c        0x0 e:/12gits/joengine/compiler/windows/bin/../lib/gcc/sh-elf/9.3.0/../../../../sh-elf/lib\libc.a(lib_a-nano-reallocr.o)
 .data          0x06027a8c        0x0 e:/12gits/joengine/compiler/windows/bin/../lib/gcc/sh-elf/9.3.0/../../../../sh-elf/lib\libc.a(lib_a-sbrkr.o)
 .data          0x06027a8c        0x0 e:/12gits/joengine/compiler/windows/bin/../lib/gcc/sh-elf/9.3.0/../../../../sh-elf/lib\libc.a(lib_a-syscalls.o)
 .data          0x06027a8c        0x0 e:/12gits/joengine/compiler/windows/bin/../lib/gcc/sh-elf/9.3.0/../../../../sh-elf/lib\libc.a(lib_a-trap.o)
 .data          0x06027a8c        0x0 e:/12gits/joengine/compiler/windows/bin/../lib/gcc/sh-elf/9.3.0/../../../../sh-elf/lib\libc.a(lib_a-abort.o)
 .data          0x06027a8c        0x0 e:/12gits/joengine/compiler/windows/bin/../lib/gcc/sh-elf/9.3.0/../../../../sh-elf/lib\libc.a(lib_a-mlock.o)
 .data          0x06027a8c        0x0 e:/12gits/joengine/compiler/windows/bin/../lib/gcc/sh-elf/9.3.0/../../../../sh-elf/lib\libc.a(lib_a-nano-msizer.o)
 .data          0x06027a8c        0x0 e:/12gits/joengine/compiler/windows/bin/../lib/gcc/sh-elf/9.3.0/../../../../sh-elf/lib\libc.a(lib_a-signal.o)
 .data          0x06027a8c        0x0 e:/12gits/joengine/compiler/windows/bin/../lib/gcc/sh-elf/9.3.0/../../../../sh-elf/lib\libc.a(lib_a-signalr.o)
                0x06027a8c                __edata = .

.rodata         0x06027aa0      0x150
 *(.rodata)
 .rodata        0x06027aa0       0x10 ../../jo_engine/math.o
 .rodata        0x06027ab0        0xa ../../jo_engine/sprites.o
 *fill*         0x06027aba        0x2 
 .rodata        0x06027abc       0x10 e:/12gits/joengine/compiler/windows/bin/../lib/gcc/sh-elf/9.3.0\libgcc.a(_thenan_sf.o)
                0x06027abc                __thenan_sf
 .rodata        0x06027acc       0x14 e:/12gits/joengine/compiler/windows/bin/../lib/gcc/sh-elf/9.3.0\libgcc.a(_thenan_df.o)
                0x06027acc                __thenan_df
 .rodata        0x06027ae0      0x100 e:/12gits/joengine/compiler/windows/bin/../lib/gcc/sh-elf/9.3.0\libgcc.a(_clz.o)
                0x06027ae0                __clz_tab
 .rodata        0x06027be0        0x4 e:/12gits/joengine/compiler/windows/bin/../lib/gcc/sh-elf/9.3.0/../../../../sh-elf/lib\libc.a(lib_a-impure.o)
                0x06027be0                _global_impure_ptr

.rodata.str1.4  0x06027bf0      0xfa0
 .rodata.str1.4
                0x06027bf0      0x10a main.o
 *fill*         0x06027cfa        0x2 
 .rodata.str1.4
                0x06027cfc      0x142 ../../jo_engine/tga.o
 *fill*         0x06027e3e        0x2 
 .rodata.str1.4
                0x06027e40      0x1ac ../../jo_engine/3d.o
 .rodata.str1.4
                0x06027fec      0x203 ../../jo_engine/fs.o
 *fill*         0x060281ef        0x1 
 .rodata.str1.4
                0x060281f0       0xb9 ../../jo_engine/font.o
 *fill*         0x060282a9        0x3 
 .rodata.str1.4
                0x060282ac      0x20d ../../jo_engine/core.o
 *fill*         0x060284b9        0x3 
 .rodata.str1.4
                0x060284bc       0x2f ../../jo_engine/math.o
 *fill*         0x060284eb        0x1 
 .rodata.str1.4
                0x060284ec       0xdf ../../jo_engine/malloc.o
 *fill*         0x060285cb        0x1 
 .rodata.str1.4
                0x060285cc       0x65 ../../jo_engine/tools.o
 *fill*         0x06028631        0x3 
 .rodata.str1.4
                0x06028634       0x6a ../../jo_engine/palette.o
 *fill*         0x0602869e        0x2 
 .rodata.str1.4
                0x060286a0      0x137 ../../jo_engine/sprites.o
 *fill*         0x060287d7        0x1 
 .rodata.str1.4
                0x060287d8       0x82 ../../jo_engine/map.o
 *fill*         0x0602885a        0x2 
 .rodata.str1.4
                0x0602885c       0x2e ../../jo_engine/list.o
 *fill*         0x0602888a        0x2 
 .rodata.str1.4
                0x0602888c       0x7b ../../jo_engine/sprite_animator.o
 *fill*         0x06028907        0x1 
 .rodata.str1.4
                0x06028908      0x17c ../../jo_engine/image.o
 .rodata.str1.4
                0x06028a84       0x69 ../../jo_engine/vdp2.o
 *fill*         0x06028aed        0x3 
 .rodata.str1.4
                0x06028af0       0x3b ../../jo_engine/vdp2_malloc.o
 *fill*         0x06028b2b        0x1 
 .rodata.str1.4
                0x06028b2c       0x13 e:/12gits/joengine/compiler/windows/bin/../lib/gcc/sh-elf/9.3.0/../../../../sh-elf/lib\libc.a(lib_a-nano-svfprintf.o)
 *fill*         0x06028b3f        0x1 
 .rodata.str1.4
                0x06028b40       0x25 e:/12gits/joengine/compiler/windows/bin/../lib/gcc/sh-elf/9.3.0/../../../../sh-elf/lib\libc.a(lib_a-nano-vfprintf_i.o)
 *fill*         0x06028b65        0x3 
 .rodata.str1.4
                0x06028b68       0x1a e:/12gits/joengine/compiler/windows/bin/../lib/gcc/sh-elf/9.3.0/../../../../sh-elf/lib\libc.a(lib_a-syscalls.o)

.bss            0x06028b90    0x64290
                0x06028b90                __bstart = .
 *(.bss)
 .bss           0x06028b90        0x0 ../../Compiler/COMMON/SGL_302j/LIB_ELF/SGLAREA.O
 .bss           0x06028b90       0x44 main.o
                0x06028b90                toggle_auto_rot
                0x06028b94                rot_z
                0x06028b98                rot_y
                0x06028b9c                rot_x
                0x06028ba0                img_loaded
 .bss           0x06028bd4        0x4 ../../jo_engine/tga.o