Archive member included to satisfy reference by file (symbol)

../../Compiler/COMMON/SGL_302j/LIB_ELF/SEGA_SYS.A(sys_exit.o)
                              ../../jo_engine/core.o (SYS_Exit)
../../Compiler/COMMON/SGL_302j/LIB_ELF/SEGA_SYS.A(sys_sub.o)
                              ../../Compiler/COMMON/SGL_302j/LIB_ELF/SEGA_SYS.A(sys_exit.o) (SYSUB_SetStackptr)
../../Compiler/COMMON/SGL_302j/LIB_ELF/LIBCD.A(CDC_CMN.O)
                              ../../Compiler/COMMON/SGL_302j/LIB_ELF/SEGA_SYS.A(sys_exit.o) (CDC_GetCurStat)
../../Compiler/COMMON/SGL_302j/LIB_ELF/LIBCD.A(CDC_CFS.O)
                              ../../Compiler/COMMON/SGL_302j/LIB_ELF/SEGA_SYS.A(sys_exit.o) (CDC_ChgDir)
../../Compiler/COMMON/SGL_302j/LIB_ELF/LIBCD.A(CDC_REG.O)
                              ../../Compiler/COMMON/SGL_302j/LIB_ELF/SEGA_SYS.A(sys_exit.o) (CDC_GetHirqReq)
../../Compiler/COMMON/SGL_302j/LIB_ELF/LIBCD.A(CDC_SUB.O)
                              ../../Compiler/COMMON/SGL_302j/LIB_ELF/LIBCD.A(CDC_CMN.O) (CDSUB_UpdStatus)
../../Compiler/COMMON/SGL_302j/LIB_ELF/LIBCD.A(GFS.O)
                              ../../jo_engine/fs.o (GFS_Init)
../../Compiler/COMMON/SGL_302j/LIB_ELF/LIBCD.A(GFS_BUF.O)
                              ../../Compiler/COMMON/SGL_302j/LIB_ELF/LIBCD.A(GFS.O) (GFBF_GetNumData)
../../Compiler/COMMON/SGL_302j/LIB_ELF/LIBCD.A(GFS_CDB.O)
                              ../../Compiler/COMMON/SGL_302j/LIB_ELF/LIBCD.A(GFS.O) (GFCB_Close)
../../Compiler/COMMON/SGL_302j/LIB_ELF/LIBCD.A(GFS_CDC.O)
                              ../../Compiler/COMMON/SGL_302j/LIB_ELF/LIBCD.A(GFS.O) (GFCD_SetCdbfs)
../../Compiler/COMMON/SGL_302j/LIB_ELF/LIBCD.A(GFS_CDF.O)
                              ../../Compiler/COMMON/SGL_302j/LIB_ELF/LIBCD.A(GFS.O) (GFCF_Init)
../../Compiler/COMMON/SGL_302j/LIB_ELF/LIBCD.A(GFS_DIR.O)
                              ../../Compiler/COMMON/SGL_302j/LIB_ELF/LIBCD.A(GFS.O) (GFDR_SetupDirTbl)
../../Compiler/COMMON/SGL_302j/LIB_ELF/LIBCD.A(GFS_TRN.O)
                              ../../Compiler/COMMON/SGL_302j/LIB_ELF/LIBCD.A(GFS.O) (GFTR_Setup)
../../Compiler/COMMON/SGL_302j/LIB_ELF/LIBCD.A(CDC_DRV.O)
                              ../../Compiler/COMMON/SGL_302j/LIB_ELF/LIBCD.A(GFS_CDC.O) (CDC_CdPlay)
../../Compiler/COMMON/SGL_302j/LIB_ELF/LIBCD.A(CDC_DEV.O)
                              ../../Compiler/COMMON/SGL_302j/LIB_ELF/LIBCD.A(GFS_CDC.O) (CDC_CdSetCon)
../../Compiler/COMMON/SGL_302j/LIB_ELF/LIBCD.A(CDC_SEL.O)
                              ../../Compiler/COMMON/SGL_302j/LIB_ELF/LIBCD.A(GFS_CDC.O) (CDC_SetFiltRange)
../../Compiler/COMMON/SGL_302j/LIB_ELF/LIBCD.A(CDC_BIF.O)
                              ../../Compiler/COMMON/SGL_302j/LIB_ELF/LIBCD.A(GFS_CDC.O) (CDC_GetBufSiz)
../../Compiler/COMMON/SGL_302j/LIB_ELF/LIBCD.A(CDC_BIO.O)
                              ../../Compiler/COMMON/SGL_302j/LIB_ELF/LIBCD.A(GFS_CDC.O) (CDC_SetSctLen)
../../Compiler/COMMON/SGL_302j/LIB_ELF/LIBSGL.A(sglA17.o)
                              main.o (slRotZ)
../../Compiler/COMMON/SGL_302j/LIB_ELF/LIBSGL.A(sglA18.o)
                              main.o (slRotY)
../../Compiler/COMMON/SGL_302j/LIB_ELF/LIBSGL.A(sglA19.o)
                              main.o (slRotX)
../../Compiler/COMMON/SGL_302j/LIB_ELF/LIBSGL.A(sglA20.o)
                              ../../jo_engine/core.o (slUnitMatrix)
../../Compiler/COMMON/SGL_302j/LIB_ELF/LIBSGL.A(sglA21.o)
                              main.o (slPushMatrix)
../../Compiler/COMMON/SGL_302j/LIB_ELF/LIBSGL.A(sglA22.o)
                              main.o (slLoadMatrix)
../../Compiler/COMMON/SGL_302j/LIB_ELF/LIBSGL.A(sglA27.o)
                              main.o (slTranslate)
../../Compiler/COMMON/SGL_302j/LIB_ELF/LIBSGL.A(sglB001.o)
                              main.o (slTVOn)
../../Compiler/COMMON/SGL_302j/LIB_ELF/LIBSGL.A(sglB011.o)
                              ../../jo_engine/vdp2.o (slBitMapNbg1)
../../Compiler/COMMON/SGL_302j/LIB_ELF/LIBSGL.A(sglB014.o)
                              ../../jo_engine/vdp2.o (slScrTransparent)
../../Compiler/COMMON/SGL_302j/LIB_ELF/LIBSGL.A(sglB015.o)
                              ../../jo_engine/vdp2.o (slScrAutoDisp)
../../Compiler/COMMON/SGL_302j/LIB_ELF/LIBSGL.A(sglB016.o)
                              ../../jo_engine/vdp2.o (slBack1ColSet)
../../Compiler/COMMON/SGL_302j/LIB_ELF/LIBSGL.A(sglB020.o)
                              ../../jo_engine/vdp2.o (slColorCalc)
../../Compiler/COMMON/SGL_302j/LIB_ELF/LIBSGL.A(sglB021.o)
                              ../../jo_engine/vdp2.o (slColorCalcOn)
../../Compiler/COMMON/SGL_302j/LIB_ELF/LIBSGL.A(sglB023.o)
                              ../../jo_engine/vdp2.o (slColRate)
../../Compiler/COMMON/SGL_302j/LIB_ELF/LIBSGL.A(sglB032.o)
                              ../../jo_engine/vdp2.o (slMapNbg1)
../../Compiler/COMMON/SGL_302j/LIB_ELF/LIBSGL.A(sglB035.o)
                              ../../jo_engine/vdp2.o (sl1MapRA)
../../Compiler/COMMON/SGL_302j/LIB_ELF/LIBSGL.A(sglB036.o)
[...]
Memory Configuration

Name             Origin             Length             Attributes
*default*        0x00000000         0xffffffff

Linker script and memory map


SLSTART         0x06004000       0x30
                0x06004000                ___Start = .
 *(SLSTART)
 SLSTART        0x06004000       0x28 ../../Compiler/COMMON/SGL_302j/LIB_ELF/LIBSGL.A(sglI00.o)
                0x06004000                SGL_Start
                0x06004002                slStartSGL

.text           0x06004040    0x11370
 *(.text)
 .text          0x06004040        0x0 ../../Compiler/COMMON/SGL_302j/LIB_ELF/SGLAREA.O
 .text          0x06004040      0x618 main.o
                0x06004040                my_input
                0x06004278                my_draw
                0x0600441c                my_tga_palette_handling
                0x06004520                LoadAssets
                0x06004558                add_image_files
                0x06004614                jo_main
 .text          0x06004658      0xae4 ../../jo_engine/tga.o
                0x060048d4                jo_set_tga_palette_handling
                0x060048e0                __jo_tga_load
                0x06004a00                __jo_tga_any_loader_from_stream
                0x06004a48                jo_tga_8bits_loader_from_stream
                0x06004a60                jo_tga_loader_from_stream
                0x06004a78                __jo_tga_any_loader
                0x06004ac8                jo_tga_8bits_loader
                0x06004ae4                jo_tga_loader
                0x06004b00                jo_tga_8bits_tileset_loader
                0x06004d3c                jo_sprite_add_tga_tileset
                0x06004f94                jo_sprite_add_tga_from_stream
                0x0600504c                jo_sprite_add_tga
 .text          0x0600513c      0x8e8 ../../jo_engine/3d.o
                0x060051a4                jo_3d_init
                0x060051cc                jo_3d_create_triangle
                0x06005208                jo_3d_create_plane
                0x06005248                jo_3d_create_mesh_from_vertices_and_normals
                0x0600535c                jo_3d_free_mesh
                0x060053b0                jo_3d_create_cube
                0x0600540c                jo_3d_set_mesh_polygon_transparency
                0x06005480                jo_3d_set_mesh_transparency
                0x060054ec                jo_3d_set_mesh_polygon_screen_doors
                0x06005564                jo_3d_set_mesh_screen_doors
                0x060055d0                jo_3d_set_mesh_polygon_light
                0x06005640                jo_3d_set_mesh_light
                0x060056ac                jo_3d_set_mesh_polygon_texture
                0x06005778                jo_3d_set_mesh_texture
                0x060057e4                jo_3d_set_mesh_polygon_color
                0x06005890                jo_3d_set_mesh_color
                0x060058fc                jo_3d_free_sprite_quad
                0x06005928                jo_3d_create_sprite_quad
 .text          0x06005a24      0x960 ../../jo_engine/fs.o
                0x06005a8c                jo_fs_init
                0x06005b3c                jo_fs_do_background_jobs
                0x06005bf8                jo_fs_read_file_async_ptr
                0x06005d9c                jo_fs_cd
                0x06005e0c                jo_fs_read_file_ptr
                0x06005fa8                jo_fs_read_file_in_dir
                0x06005ff4                jo_fs_open
                0x060060f0                jo_fs_seek_forward
                0x06006200                jo_fs_read_next_bytes
                0x060062f8                jo_fs_close
                0x06006344                jo_fs_set_read_sector_count
 .text          0x06006384      0x574 ../../jo_engine/font.o
                0x060063ec                jo_font_load
                0x0600667c                jo_font_print
                0x060067a0                jo_font_print_centered
 .text          0x060068f8      0x118 ../../jo_engine/input.o
                0x06006960                jo_get_inputs_vblank
                0x060069a8                jo_get_input_type
                0x060069ec                jo_get_input_count
 .text          0x06006a10        0x0 ../../jo_engine/physics.o
 .text          0x06006a10      0x888 ../../jo_engine/core.o
                0x06006a9c                __jo_core_set_screens_order
                0x06006bd4                jo_goto_boot_menu
                0x06006be0                jo_core_suspend
                0x06006cc0                __jo_core_error
                0x06006de0                jo_core_add_vblank_callback
                0x06006e64                jo_core_init
                0x06007050                jo_core_remove_vblank_callback
                0x060070b0                jo_core_add_callback
                0x06007100                jo_core_remove_callback
                0x06007140                jo_core_set_restart_game_callback
                0x0600714c                jo_core_run
                0x060071e0                jo_dump_vdp1_registers
                0x0600723c                jo_dump_vdp2_registers
 .text          0x06007298      0xb50 ../../jo_engine/math.o
                0x06007300                jo_fixed_mult
                0x06007314                jo_fixed_dot
                0x0600732c                jo_fixed_pow
                0x06007364                jo_fixed_div
                0x0600738c                jo_fixed_sin
                0x06007490                jo_gcd
                0x060074f8                jo_atan2f_rad
                0x060076bc                jo_planar_rotate
                0x06007828                jo_random
                0x06007898                jo_vector_fixed_compute_bezier_point
                0x06007a28                jo_vectorf_compute_bezier_point
                0x06007b78                jo_fixed_sqrt
                0x06007c28                jo_sqrt
                0x06007c68                jo_fixed_rsqrt
                0x06007d78                jo_rsqrt
 .text          0x06007de8      0x4b4 ../../jo_engine/malloc.o
                0x06007e50                jo_add_memory_zone
                0x06007ec0                jo_malloc_with_behaviour
                0x0600800c                jo_reduce_memory_fragmentation
                0x06008080                jo_free
                0x060080fc                jo_memory_usage_percent
                0x06008200                jo_memory_fragmentation
 .text          0x0600829c      0x4a8 ../../jo_engine/tools.o
                0x06008304                jo_print
                0x06008354                jo_clear_screen_line
                0x0600839c                jo_clear_screen
                0x060083c0                jo_getdate
                0x0600845c                jo_get_current_language
                0x06008480                jo_tools_atoi
                0x06008500                jo_strlen
                0x06008550                jo_endwith
                0x060085fc                jo_strcmp
                0x0600862c                jo_memset
                0x060086d0                jo_map_to_vram
 .text          0x06008744      0x134 ../../jo_engine/palette.o
                0x060087ac                jo_create_palette
                0x06008800                jo_set_palette_register
                0x06008864                jo_get_palette_register
 .text          0x06008878      0xa34 ../../jo_engine/sprites.o
                0x06008a14                jo_sprite_usage_percent
                0x06008aa0                jo_get_last_sprite_id
                0x06008aac                jo_sprite_init
                0x06008b30                jo_sprite_name2id
                0x06008ba8                jo_sprite_replace
                0x06008cc8                jo_sprite_add
                0x06008d14                jo_sprite_add_8bits_image
                0x06008d60                jo_sprite_free_from
                0x06008e08                jo_set_gouraud_shading_colors
                0x06008e30                jo_set_gouraud_shading_brightness
                0x06008e70                jo_sprite_draw_4p_fixed
                0x06008f8c                jo_sprite_draw
                0x060090d8                jo_sprite_draw_rotate
                0x06009278                jo_sprite_set_clipping_area
 .text          0x060092ac      0xb38 ../../jo_engine/map.o
                0x060093dc                jo_map_per_pixel_vertical_collision
                0x06009570                jo_map_hitbox_detection_custom_boundaries
                0x060095e0                jo_map_create
                0x0600965c                jo_map_add_tile
                0x06009680                jo_map_add_animated_tile
                0x060096a4                jo_map_draw_background
                0x0600973c                jo_map_3d_draw
                0x06009878                jo_map_draw
                0x06009974                jo_map_free
                0x0600998c                jo_map_load_from_file
                0x06009d64                jo_map_move_tiles_by_attribute
 .text          0x06009de4      0x200 ../../jo_engine/list.o
                0x06009e4c                jo_list_init
                0x06009e5c                jo_list_add
                0x06009ed4                jo_list_insert_at
                0x06009f84                jo_list_remove
 .text          0x06009fe4      0x2bc ../../jo_engine/sprite_animator.o
                0x0600a0f8                jo_replace_sprite_anim
                0x0600a1ac                jo_create_sprite_anim
                0x0600a278                jo_clear_all_sprite_anim
 .text          0x0600a2a0      0x7b0 ../../jo_engine/image.o
                0x0600a308                __jo_bin_load
                0x0600a358                jo_free_img
                0x0600a3a0                jo_bin_loader_from_stream
                0x0600a470                jo_bin_loader
                0x0600a4f4                jo_replace_color
                0x0600a560                jo_sprite_add_bin_tileset
                0x0600a758                jo_sprite_add_bin
                0x0600a824                jo_sprite_add_bin_from_stream
                0x0600a8bc                jo_sprite_add_image_pack
 .text          0x0600aa50      0xbe8 ../../jo_engine/vdp2.o
                0x0600ab34                jo_set_default_background_color
                0x0600ab74                jo_img_to_vdp2_cells
                0x0600ac98                jo_vdp2_replace_rbg0_plane_a_8bits_image
                0x0600acac                jo_vdp2_replace_rbg0_plane_b_8bits_image
                0x0600acc0                jo_vdp2_set_rbg0_plane_a_8bits_image
                0x0600ad88                jo_vdp2_set_rbg0_plane_b_8bits_image
                0x0600ae50                jo_vdp2_enable_rbg0
                0x0600af24                jo_vdp2_disable_rbg0
                0x0600af3c                jo_init_nbg0_printf
                0x0600afc0                __jo_init_vdp2
                0x0600b024                jo_vdp2_disable_nbg0_line_scroll
                0x0600b048                jo_vdp2_compute_nbg0_line_scroll
                0x0600b060                jo_vdp2_enable_nbg0_line_scroll
                0x0600b0d0                jo_vdp2_draw_bitmap_nbg1_line
                0x0600b19c                jo_vdp2_clear_bitmap_nbg1
                0x0600b200                jo_vdp2_set_nbg1_8bits_image
                0x0600b2e8                jo_vdp2_set_nbg1_image
                0x0600b424                jo_vdp2_disable_nbg1_line_scroll
                0x0600b448                jo_vdp2_compute_nbg1_line_scroll
                0x0600b460                jo_vdp2_enable_nbg1_line_scroll
                0x0600b4d0                jo_set_displayed_screens
                0x0600b4e0                jo_disable_all_screens_transparency
                0x0600b504                jo_enable_screen_transparency
 .text          0x0600b638      0x280 ../../jo_engine/time.o
                0x0600b6a0                jo_time_init
                0x0600b6cc                jo_get_ticks
                0x0600b7ac                jo_fixed_point_time
 .text          0x0600b8b8       0x68 ../../jo_engine/vdp1_command_pipeline.o
 .text          0x0600b920      0x334 ../../jo_engine/vdp2_malloc.o
                0x0600b988                jo_vdp2_malloc_init
                0x0600b9c0                jo_vdp2_free
                0x0600ba80                jo_vdp2_malloc
 *fill*         0x0600bc54        0xc 
 .text          0x0600bc60      0x238 ../../Compiler/COMMON/SGL_302j/LIB_ELF/SEGA_SYS.A(sys_exit.o)
                0x0600bc60                sys_version
                0x0600bc80                SYS_Exit
 *fill*         0x0600be98        0x8 
 .text          0x0600bea0        0x6 ../../Compiler/COMMON/SGL_302j/LIB_ELF/SEGA_SYS.A(sys_sub.o)
                0x0600bea0                SYSUB_SetStackptr
 *fill*         0x0600bea6        0xa 
 .text          0x0600beb0      0x3a0 ../../Compiler/COMMON/SGL_302j/LIB_ELF/LIBCD.A(CDC_CMN.O)
                0x0600beb0                CDC_GetCurStat
                0x0600bf00                CDC_GetLastStat
                0x0600bf18                CDC_GetPeriStat
                0x0600bfec                CDC_GetHwInfo
                0x0600c054                CDC_TgetToc
                0x0600c0a4                CDC_GetSes
                0x0600c0e0                CDC_CdInit
                0x0600c164                CDC_CdOpen
                0x0600c18c                CDC_DataReady
                0x0600c1f8                CDC_DataEnd
 .text          0x0600c250      0x194 ../../Compiler/COMMON/SGL_302j/LIB_ELF/LIBCD.A(CDC_CFS.O)
                0x0600c250                CDC_ChgDir
                0x0600c284                CDC_ReadDir
                0x0600c2b8                CDC_GetFileScope
                0x0600c318                CDC_TgetFileInfo
                0x0600c374                CDC_ReadFile
                0x0600c3a8                CDC_AbortFile
 *fill*         0x0600c3e4        0xc 
 .text          0x0600c3f0      0x2dc ../../Compiler/COMMON/SGL_302j/LIB_ELF/LIBCD.A(CDC_REG.O)
                0x0600c3f0                CDC_GetDataPtr
                0x0600c400                CDC_GetHirqReq
                0x0600c414                CDC_ClrHirqReq
                0x0600c444                CDREG_ClrHirqReq
                0x0600c454                CDREG_InitHirqReq
                0x0600c47c                CDREG_SetHirqFlag
                0x0600c490                CDC_GetHirqMsk
                0x0600c4a4                CDC_SetHirqMsk
                0x0600c4b4                CDC_GetMpegPtr
                0x0600c4c4                CDREG_TgetData
                0x0600c520                CDREG_CmdRsp
                0x0600c620                CDREG_WaitHirq
                0x0600c690                CDREG_ReadRsp
 *fill*         0x0600c6cc        0x4 
 .text          0x0600c6d0      0x152 ../../Compiler/COMMON/SGL_302j/LIB_ELF/LIBCD.A(CDC_SUB.O)
                0x0600c6d0                CDSUB_UpdStatus
                0x0600c6e8                CDSUB_UpdCdstat
                0x0600c708                CDSUB_CdCmd
                0x0600c778                CDSUB_GetCdstat
                0x0600c7b8                CDSUB_RspToCdstat
                0x0600c800                CDSUB_SoftTimer
 *fill*         0x0600c822        0xe 
 .text          0x0600c830     0x1adc ../../Compiler/COMMON/SGL_302j/LIB_ELF/LIBCD.A(GFS.O)
                0x0600c830                gfs_version
                0x0600c850                GFS_Init
                0x0600c938                GFS_LoadDir
                0x0600c9e0                GFS_SetDir
                0x0600ca48                GFS_NameToId
                0x0600caac                GFS_IdToName
                0x0600cb18                GFS_GetDirInfo
                0x0600cb88                GFS_Reset
                0x0600cc0c                GFS_Open
                0x0600ccc0                GFS_Close
                0x0600ccf8                GFS_Seek
                0x0600cdac                GFS_Tell
                0x0600cdfc                GFS_IsEof
                0x0600ce50                GFS_ByteToSct
                0x0600ceac                GFS_GetFileSize
                0x0600cf08                GFS_GetFileInfo
                0x0600cf7c                GFS_GetNumCdbuf
                0x0600cfa4                GFS_Load
                0x0600d068                GFS_Fread
                0x0600d104                gfs_waitRead
                0x0600d1ac                GFS_NwFread
                0x0600d2b8                GFS_NwCdRead
                0x0600d330                GFS_NwIsComplete
                0x0600d368                GFS_NwStop
                0x0600d3d4                GFS_NwGetStat
                0x0600d450                gfs_recovRdErr
                0x0600d480                GFS_NwExecOne
                0x0600d540                GFS_NwExecServer
                0x0600d5bc                GFS_SetGmode
                0x0600d620                GFS_SetTmode
                0x0600d68c                GFS_SetReadPara
                0x0600d6f0                GFS_SetTransPara
                0x0600d75c                GFS_SetTrFunc
                0x0600d7c0                GFS_StartTrans
                0x0600d80c                GFS_CdMovePickup
                0x0600d878                GFS_SetErrFunc
                0x0600d8a4                GFS_GetErrStat
                0x0600d8c8                GFS_ConvTno
                0x0600d8f0                gfs_chgRoot
                0x0600d9bc                gfs_aborttrans
                0x0600d9c8                gfs_mngSetupFuncTbl
                0x0600d9fc                gfs_mngInitWork
                0x0600daa0                gfs_mngGetNumFile
                0x0600db08                GFS_mngAllocGrp
                0x0600db50                gfs_mngFreeGrp
                0x0600db5c                gfs_mngTermAccess
                0x0600dbe0                gfs_mngSetErrCode
                0x0600dc60                gfs_svrSearchHndl
                0x0600dca0                gfs_svrAddHndl
                0x0600dcdc                gfs_svrRemoveHndl
                0x0600dd38                GFS_OpenSub
                0x0600dd90                gfs_loadVol
                0x0600de54                gfs_getRootDir
                0x0600df50                gfs_loadRootDir
                0x0600dfd8                gfs_flowIn
                0x0600e080                gfs_transData
                0x0600e124                GFS_GetFad
                0x0600e17c                gfs_SetSct
                0x0600e1bc                gfs_GetFinfo
                0x0600e1fc                gfs_closeSub
                0x0600e238                gfs_getGmode
                0x0600e244                gfs_isTaskDone
                0x0600e298                gfs_convFinStat
 *fill*         0x0600e30c        0x4 
 .text          0x0600e310      0x106 ../../Compiler/COMMON/SGL_302j/LIB_ELF/LIBCD.A(GFS_BUF.O)
                0x0600e340                GFBF_GetTranData
                0x0600e368                GFBF_GetNumData
                0x0600e398                GFBF_GetSrcPk
                0x0600e3c0                GFBF_GetSctData
                0x0600e3e4                GFBF_RtnPk
                0x0600e40c                gfbf_getSctDt
 *fill*         0x0600e416        0xa 
 .text          0x0600e420      0x600 ../../Compiler/COMMON/SGL_302j/LIB_ELF/LIBCD.A(GFS_CDB.O)
                0x0600e420                GFCB_Setup
                0x0600e540                GFCB_Close
                0x0600e568                GFCB_GetLenData
                0x0600e614                GFCB_GetLenRoom
                0x0600e620                GFCB_SetFilt
                0x0600e688                GFCB_DeleteAllData
                0x0600e6b0                GFCB_Tell
                0x0600e6c0                gfcb_getSctNum
                0x0600e710                GFCB_Seek
                0x0600e80c                GFCB_GetSrcPack
                0x0600e8ec                GFCB_GetSctData
                0x0600e924                GFCB_GetDstPack
                0x0600e930                GFCB_RtnPk
                0x0600e978                GFCB_MovePickup
                0x0600e994                GFCB_SetCon
                0x0600e9c8                GFCB_GetPickup
                0x0600e9f0                GFCB_IsPuOwner
                0x0600ea08                GFCB_UngetPickup
 .text          0x0600ea20     0x1a10 ../../Compiler/COMMON/SGL_302j/LIB_ELF/LIBCD.A(GFS_CDC.O)
                0x0600ea20                GFCD_SetCdbfs
                0x0600ea4c                GFCD_Init
                0x0600ec50                GFCD_AllocFilt
                0x0600ec8c                GFCD_FreeFilt
                0x0600ecbc                GFCD_AllocBuf
                0x0600ecf0                GFCD_FreeBuf
                0x0600ed94                GFCD_GetBaseFad
                0x0600edc8                GFCD_GetPickup
                0x0600edfc                GFCD_UngetPickup
                0x0600ee28                GFCD_IsPuOwner
                0x0600ee4c                GFCD_SetFilt
                0x0600ef10                GFCD_GetFilt
                0x0600ef58                GFCD_SetCon
                0x0600efb0                GFCD_Play
                0x0600f010                GFCD_GetLenData
                0x0600f078                GFCD_ReqData
                0x0600f0d4                GFCD_EndData
                0x0600f11c                GFCD_DelSctData
                0x0600f174                GFCD_CheckDelSctData
                0x0600f1a4                GFCD_GetStat
                0x0600f258                GFCD_MovePickup
                0x0600f2a4                GFCD_MoveSctData
                0x0600f318                GFCD_CheckMove
                0x0600f33c                GFCD_GetSctInfo
                0x0600f384                GFCD_ChgDir
                0x0600f3f8                GFCD_SetFiltCon
                0x0600f4e0                GFCD_GetFileInfo
                0x0600f5bc                GFCD_GetBufSiz
                0x0600f5f4                GFCD_ExecServer
                0x0600f6c8                gfcd_isIdleTask
                0x0600f754                gfcd_doTask
                0x0600f800                GFCD_SetTimer
                0x0600f814                GFCD_WaitServer
                0x0600f850                gfcd_doSetFiltTsk
                0x0600fa14                gfcd_doSetConTsk
                0x0600faa4                gfcd_doGetLenDataTsk
                0x0600fbf8                gfcd_doReqDataTsk
                0x0600fc98                gfcd_doDelSctDataTsk
                0x0600fdcc                gfcd_doMoveSctTsk
                0x0600ff30                gfcd_doChgDirTsk
                0x0601012c                gfcd_doSetFiltConTsk
                0x06010270                gfcd_checkEflag
                0x06010294                gfcd_initCdbMng
                0x06010314                gfcd_setStat
                0x06010340                GFCD_SetCsctFunc
                0x0601035c                GFCD_ChkScdqFlag
                0x06010380                GFCD_ClrScdqFlag
                0x0601039c                GFCD_WaitScdqFlag
                0x060103e0                GFCD_WaitPause
 .text          0x06010430      0x8d8 ../../Compiler/COMMON/SGL_302j/LIB_ELF/LIBCD.A(GFS_CDF.O)
                0x06010430                GFCF_Init
                0x060104d0                GFCF_Setup
                0x06010618                GFCF_SetSct
                0x0601065c                GFCF_GetFileInfo
                0x060106d0                GFCF_FlowInBuf
                0x06010824                GFCF_StopInBuf
                0x060108c4                GFCF_Recover
                0x0601090c                GFCF_Tell
                0x06010924                GFCF_Seek
                0x0601093c                GFCF_MovePickup
                0x060109d8                GFCF_cnvIntlvOfs
                0x06010a2c                GFCF_GetStat
                0x06010ac4                gfcf_getSctSize
                0x06010b00                gfcf_isCdOk
                0x06010bc0                gfcf_getPlayRange
 *fill*         0x06010d08        0x8 
 .text          0x06010d10      0x92c ../../Compiler/COMMON/SGL_302j/LIB_ELF/LIBCD.A(GFS_DIR.O)
                0x06010d10                GFDR_SetupDirTbl
                0x06010d84                GFDR_NameToId
                0x06010de4                GFDR_GetInfoDirId
                0x06010df8                GFDR_GetInfoDirName
                0x06010e0c                GFDR_GetAtrDirId
                0x06010e24                GFDR_GetAtrDirName
                0x06010e3c                GFDR_ChgRoot
                0x06010e54                GFDR_ChgDir
                0x06010ec8                gfdr_setupDirIdTbl
                0x06010f4c                gfdr_setupDirNameTbl
                0x06010ff8                gfdr_open
                0x06011020                gfdr_read
                0x060110e0                gfdr_readByte
                0x0601110c                gfdr_readWord
                0x06011138                gfdr_readWordNB
                0x0601118c                gfdr_readLongNB
                0x060111d8                gfdr_readLongNM
                0x06011200                gfdr_setNextRec
                0x06011284                gfdr_readDirEnt
                0x06011600                gfdr_setDirrecCd
 *fill*         0x0601163c        0x4 
 .text          0x06011640      0x9c6 ../../Compiler/COMMON/SGL_302j/LIB_ELF/LIBCD.A(GFS_TRN.O)
                0x06011670                GFTR_Setup
                0x060116b4                GFTR_SetMode
                0x060116c8                GFTR_SetUnit
                0x060116d4                GFTR_SetTransPara
                0x06011708                GFTR_GetTransPara
                0x06011714                GFTR_GetNumTrans
                0x06011720                GFTR_SetTransMax
                0x0601172c                GFTR_Start
                0x06011738                GFTR_Pause
                0x06011744                GFTR_Stop
                0x060117fc                GFTR_Exec
                0x06011880                GFTR_Idle
                0x060118f8                GFTR_ExecSvr
                0x06011a00                gftr_getSrcPack
                0x06011a88                gftr_getDstPack
                0x06011ae4                gftr_reqScu
                0x06011af0                gftr_execScu
                0x06011b8c                gftr_remScu
                0x06011bc0                gfdma_canUse
                0x06011bcc                gfdma_exec
                0x06011c3c                gfdma_getBytecnt
                0x06011c74                gftr_reqDma0
                0x06011c8c                gftr_execSdma0
                0x06011cb0                gftr_remDma0
                0x06011cc8                gftr_reqDma1
                0x06011ce0                gftr_execSdma1
                0x06011d04                gftr_remDma1
                0x06011d1c                gftr_reqCpu
                0x06011d28                gftr_execCpu
                0x06011d68                gftr_remCpu
                0x06011d74                gftr_reqTrn
                0x06011de4                gftr_execTrn
                0x06011ebc                gftr_remTrn
                0x06011f30                gftr_copyFrac
                0x06011f58                GFTR_GetLenData
                0x06011f64                GFTR_GetLenRoom
                0x06011f7c                GFTR_GetDstPack
                0x06011fb0                GFTR_RtnDstPk
                0x06011fcc                GFTR_GetData
                0x06011fe0                GFTR_SetData
                0x06011ff4                GFTR_SetTransFunc
 *fill*         0x06012006        0xa 
 .text          0x06012010      0x130 ../../Compiler/COMMON/SGL_302j/LIB_ELF/LIBCD.A(CDC_DRV.O)
                0x06012010                CDC_CdPlay
                0x060120dc                CDC_CdSeek
                0x06012110                CDC_CdScan
 .text          0x06012140       0xa8 ../../Compiler/COMMON/SGL_302j/LIB_ELF/LIBCD.A(CDC_DEV.O)
                0x06012140                CDC_CdSetCon
                0x06012170                CDC_CdGetCon
                0x060121ac                CDC_CdGetLastBuf
 *fill*         0x060121e8        0x8 
 .text          0x060121f0      0x2b8 ../../Compiler/COMMON/SGL_302j/LIB_ELF/LIBCD.A(CDC_SEL.O)
                0x060121f0                CDC_SetFiltRange
                0x06012224                CDC_GetFiltRange
                0x0601227c                CDC_SetFiltSubh
                0x060122ec                CDC_GetFiltSubh
                0x06012368                CDC_SetFiltMode
                0x0601239c                CDC_GetFiltMode
                0x060123e0                CDC_SetFiltCon
                0x06012420                CDC_GetFiltCon
                0x06012474                CDC_ResetSelector
 *fill*         0x060124a8        0x8 
 .text          0x060124b0      0x270 ../../Compiler/COMMON/SGL_302j/LIB_ELF/LIBCD.A(CDC_BIF.O)
                0x060124b0                CDC_GetBufSiz
                0x0601250c                CDC_GetSctNum
                0x06012550                CDC_CalActSiz
                0x0601258c                CDC_GetActSiz
                0x0601260c                CDC_GetSctInfo
                0x0601268c                CDC_ExeFadSearch
                0x060126c4                CDC_GetFadSearch
 .text          0x06012720      0x1e4 ../../Compiler/COMMON/SGL_302j/LIB_ELF/LIBCD.A(CDC_BIO.O)
                0x06012720                CDC_SetSctLen
                0x06012754                CDC_GetSctData
                0x06012790                CDC_DelSctData
                0x060127cc                CDC_GetdelSctData
                0x06012808                CDC_PutSctData
                0x06012840                CDC_CopySctData
                0x06012884                CDC_MoveSctData
                0x060128c8                CDC_GetCopyErr
 *fill*         0x06012904        0xc 
 .text          0x06012910        0x0 ../../Compiler/COMMON/SGL_302j/LIB_ELF/LIBSGL.A(sglA17.o)
 .text          0x06012910        0x0 ../../Compiler/COMMON/SGL_302j/LIB_ELF/LIBSGL.A(sglA18.o)
 .text          0x06012910        0x0 ../../Compiler/COMMON/SGL_302j/LIB_ELF/LIBSGL.A(sglA19.o)
 .text          0x06012910        0x0 ../../Compiler/COMMON/SGL_302j/LIB_ELF/LIBSGL.A(sglA20.o)
 .text          0x06012910        0x0 ../../Compiler/COMMON/SGL_302j/LIB_ELF/LIBSGL.A(sglA21.o)
 .text          0x06012910        0x0 ../../Compiler/COMMON/SGL_302j/LIB_ELF/LIBSGL.A(sglA22.o)
 .text          0x06012910        0x0 ../../Compiler/COMMON/SGL_302j/LIB_ELF/LIBSGL.A(sglA27.o)
 .text          0x06012910        0x0 ../../Compiler/COMMON/SGL_302j/LIB_ELF/LIBSGL.A(sglB001.o)
 .text          0x06012910        0x0 ../../Compiler/COMMON/SGL_302j/LIB_ELF/LIBSGL.A(sglB011.o)
 .text          0x06012910        0x0 ../../Compiler/COMMON/SGL_302j/LIB_ELF/LIBSGL.A(sglB014.o)
 .text          0x06012910        0x0 ../../Compiler/COMMON/SGL_302j/LIB_ELF/LIBSGL.A(sglB015.o)
 .text          0x06012910        0x0 ../../Compiler/COMMON/SGL_302j/LIB_ELF/LIBSGL.A(sglB016.o)
 .text          0x06012910        0x0 ../../Compiler/COMMON/SGL_302j/LIB_ELF/LIBSGL.A(sglB020.o)
 .text          0x06012910        0x0 ../../Compiler/COMMON/SGL_302j/LIB_ELF/LIBSGL.A(sglB021.o)
 .text          0x06012910        0x0 ../../Compiler/COMMON/SGL_302j/LIB_ELF/LIBSGL.A(sglB023.o)
 .text          0x06012910        0x0 ../../Compiler/COMMON/SGL_302j/LIB_ELF/LIBSGL.A(sglB032.o)
 .text          0x06012910        0x0 ../../Compiler/COMMON/SGL_302j/LIB_ELF/LIBSGL.A(sglB035.o)
 .text          0x06012910        0x0 ../../Compiler/COMMON/SGL_302j/LIB_ELF/LIBSGL.A(sglB036.o)
 .text          0x06012910        0x0 ../../Compiler/COMMON/SGL_302j/LIB_ELF/LIBSGL.A(sglB038.o)
 .text          0x06012910        0x0 ../../Compiler/COMMON/SGL_302j/LIB_ELF/LIBSGL.A(sglB039.o)
 .text          0x06012910        0x0 ../../Compiler/COMMON/SGL_302j/LIB_ELF/LIBSGL.A(sglB040.o)
 .text          0x06012910        0x0 ../../Compiler/COMMON/SGL_302j/LIB_ELF/LIBSGL.A(sglB041.o)
 .text          0x06012910        0x0 ../../Compiler/COMMON/SGL_302j/LIB_ELF/LIBSGL.A(sglB043.o)
 .text          0x06012910        0x0 ../../Compiler/COMMON/SGL_302j/LIB_ELF/LIBSGL.A(sglB047.o)
 .text          0x06012910        0x0 ../../Compiler/COMMON/SGL_302j/LIB_ELF/LIBSGL.A(sglB048.o)
 .text          0x06012910        0x0 ../../Compiler/COMMON/SGL_302j/LIB_ELF/LIBSGL.A(sglB056.o)
 .text          0x06012910        0x0 ../../Compiler/COMMON/SGL_302j/LIB_ELF/LIBSGL.A(sglB059.o)
 .text          0x06012910        0x0 ../../Compiler/COMMON/SGL_302j/LIB_ELF/LIBSGL.A(sglB060.o)
 .text          0x06012910        0x0 ../../Compiler/COMMON/SGL_302j/LIB_ELF/LIBSGL.A(sglB063.o)
 .text          0x06012910        0x0 ../../Compiler/COMMON/SGL_302j/LIB_ELF/LIBSGL.A(sglB087.o)
 .text          0x06012910        0x0 ../../Compiler/COMMON/SGL_302j/LIB_ELF/LIBSGL.A(sglB088.o)
 .text          0x06012910        0x0 ../../Compiler/COMMON/SGL_302j/LIB_ELF/LIBSGL.A(sglB090.o)
 .text          0x06012910        0x0 ../../Compiler/COMMON/SGL_302j/LIB_ELF/LIBSGL.A(sglB200.o)
 .text          0x06012910        0x0 ../../Compiler/COMMON/SGL_302j/LIB_ELF/LIBSGL.A(sglC04.o)
 .text          0x06012910        0x0 ../../Compiler/COMMON/SGL_302j/LIB_ELF/LIBSGL.A(sglC05.o)
 .text          0x06012910        0x0 ../../Compiler/COMMON/SGL_302j/LIB_ELF/LIBSGL.A(sglC06.o)
 .text          0x06012910        0x0 ../../Compiler/COMMON/SGL_302j/LIB_ELF/LIBSGL.A(sglC07.o)
 .text          0x06012910        0x0 ../../Compiler/COMMON/SGL_302j/LIB_ELF/LIBSGL.A(sglC08.o)
 .text          0x06012910        0x0 ../../Compiler/COMMON/SGL_302j/LIB_ELF/LIBSGL.A(sglC17.o)
 .text          0x06012910        0x0 ../../Compiler/COMMON/SGL_302j/LIB_ELF/LIBSGL.A(sglC19.o)
 .text          0x06012910        0x0 ../../Compiler/COMMON/SGL_302j/LIB_ELF/LIBSGL.A(sglC20.o)
 .text          0x06012910        0x0 ../../Compiler/COMMON/SGL_302j/LIB_ELF/LIBSGL.A(sglC21.o)
 .text          0x06012910        0x0 ../../Compiler/COMMON/SGL_302j/LIB_ELF/LIBSGL.A(sglD00.o)
 .text          0x06012910        0x0 ../../Compiler/COMMON/SGL_302j/LIB_ELF/LIBSGL.A(sglD01.o)
 .text          0x06012910        0x0 ../../Compiler/COMMON/SGL_302j/LIB_ELF/LIBSGL.A(sglD03.o)
 .text          0x06012910        0x0 ../../Compiler/COMMON/SGL_302j/LIB_ELF/LIBSGL.A(sglD15.o)
 .text          0x06012910        0x0 ../../Compiler/COMMON/SGL_302j/LIB_ELF/LIBSGL.A(sglD16.o)
 .text          0x06012910        0x0 ../../Compiler/COMMON/SGL_302j/LIB_ELF/LIBSGL.A(sglD17.o)
 .text          0x06012910        0x0 ../../Compiler/COMMON/SGL_302j/LIB_ELF/LIBSGL.A(sglD18.o)
 .text          0x06012910        0x0 ../../Compiler/COMMON/SGL_302j/LIB_ELF/LIBSGL.A(sglF00.o)
 .text          0x06012910        0x0 ../../Compiler/COMMON/SGL_302j/LIB_ELF/LIBSGL.A(sglF05.o)
 .text          0x06012910        0x0 ../../Compiler/COMMON/SGL_302j/LIB_ELF/LIBSGL.A(sglF08.o)
 .text          0x06012910        0x0 ../../Compiler/COMMON/SGL_302j/LIB_ELF/LIBSGL.A(sglH00.o)
 .text          0x06012910        0x0 ../../Compiler/COMMON/SGL_302j/LIB_ELF/LIBSGL.A(sglH01.o)
 .text          0x06012910        0x0 ../../Compiler/COMMON/SGL_302j/LIB_ELF/LIBSGL.A(sglH02.o)
 .text          0x06012910        0x0 ../../Compiler/COMMON/SGL_302j/LIB_ELF/LIBSGL.A(sglH04.o)
 .text          0x06012910        0x0 ../../Compiler/COMMON/SGL_302j/LIB_ELF/LIBSGL.A(sglI01.o)
 .text          0x06012910        0x0 ../../Compiler/COMMON/SGL_302j/LIB_ELF/LIBSGL.A(sglI04.o)
 .text          0x06012910      0x128 ../../Compiler/COMMON/SGL_302j/LIB_ELF/LIBSGL.A(sglIc0.o)
                0x06012910                slInitSystem
 *fill*         0x06012a38        0x8 
 .text          0x06012a40        0x0 ../../Compiler/COMMON/SGL_302j/LIB_ELF/LIBSGL.A(sglJ00.o)
 .text          0x06012a40        0x0 ../../Compiler/COMMON/SGL_302j/LIB_ELF/LIBSGL.A(sglJ01.o)
 .text          0x06012a40        0x0 ../../Compiler/COMMON/SGL_302j/LIB_ELF/LIBSGL.A(sglJ02.o)
 .text          0x06012a40        0x0 ../../Compiler/COMMON/SGL_302j/LIB_ELF/LIBSGL.A(sglJ03.o)
 .text          0x06012a40        0x0 ../../Compiler/COMMON/SGL_302j/LIB_ELF/LIBSGL.A(sglJ04.o)
 .text          0x06012a40        0x0 ../../Compiler/COMMON/SGL_302j/LIB_ELF/LIBSGL.A(sglJ05.o)
 .text          0x06012a40        0x0 ../../Compiler/COMMON/SGL_302j/LIB_ELF/LIBSGL.A(sglK01.o)
 .text          0x06012a40        0x0 ../../Compiler/COMMON/SGL_302j/LIB_ELF/LIBSGL.A(sglM01.o)
 .text          0x06012a40        0x0 ../../Compiler/COMMON/SGL_302j/LIB_ELF/LIBSGL.A(sglA00.o)
 .text          0x06012a40        0x0 ../../Compiler/COMMON/SGL_302j/LIB_ELF/LIBSGL.A(sglA01.o)
 .text          0x06012a40        0x0 ../../Compiler/COMMON/SGL_302j/LIB_ELF/LIBSGL.A(sglB000.o)
 .text          0x06012a40        0x0 ../../Compiler/COMMON/SGL_302j/LIB_ELF/LIBSGL.A(sglC00.o)
 .text          0x06012a40        0x0 ../../Compiler/COMMON/SGL_302j/LIB_ELF/LIBSGL.A(sglI00.o)
 .text          0x06012a40        0x0 ../../Compiler/COMMON/SGL_302j/LIB_ELF/LIBSGL.A(sglH03.o)
 .text          0x06012a40       0x52 e:/12gits/joengine/compiler/windows/bin/../lib/gcc/sh-elf/9.3.0\libgcc.a(_ashiftrt.o)
                0x06012a40                __ashiftrt_r4_31
                0x06012a40                __ashiftrt_r4_32
                0x06012a46                __ashiftrt_r4_30
                0x06012a48                __ashiftrt_r4_29
                0x06012a4a                __ashiftrt_r4_28
                0x06012a4c                __ashiftrt_r4_27
                0x06012a4e                __ashiftrt_r4_26
                0x06012a50                __ashiftrt_r4_25
                0x06012a52                __ashiftrt_r4_24
                0x06012a5a                __ashiftrt_r4_23
                0x06012a5c                __ashiftrt_r4_22
                0x06012a5e                __ashiftrt_r4_21
                0x06012a60                __ashiftrt_r4_20
                0x06012a62                __ashiftrt_r4_19
                0x06012a64                __ashiftrt_r4_18
                0x06012a66                __ashiftrt_r4_17
                0x06012a68                __ashiftrt_r4_16
                0x06012a6e                __ashiftrt_r4_15
                0x06012a70                __ashiftrt_r4_14
                0x06012a72                __ashiftrt_r4_13
                0x06012a74                __ashiftrt_r4_12
                0x06012a76                __ashiftrt_r4_11
                0x06012a78                __ashiftrt_r4_10
                0x06012a7a                __ashiftrt_r4_9
                0x06012a7c                __ashiftrt_r4_8
                0x06012a7e                __ashiftrt_r4_7
                0x06012a80                __ashiftrt_r4_6
                0x06012a82                __ashiftrt_r4_5
                0x06012a84                __ashiftrt_r4_4
                0x06012a86                __ashiftrt_r4_3
                0x06012a88                __ashiftrt_r4_2
                0x06012a8a                __ashiftrt_r4_1
                0x06012a8e                __ashiftrt_r4_0
 *fill*         0x06012a92        0x2 
 .text          0x06012a94       0x80 e:/12gits/joengine/compiler/windows/bin/../lib/gcc/sh-elf/9.3.0\libgcc.a(_ashiftrt_n.o)
                0x06012a94                __ashrsi3
 .text          0x06012b14       0xbc e:/12gits/joengine/compiler/windows/bin/../lib/gcc/sh-elf/9.3.0\libgcc.a(_ashiftlt.o)
                0x06012b14                __ashlsi3
                0x06012b18                __ashlsi3_r0
 .text          0x06012bd0       0xbc e:/12gits/joengine/compiler/windows/bin/../lib/gcc/sh-elf/9.3.0\libgcc.a(_lshiftrt.o)
                0x06012bd0                __lshrsi3
                0x06012bd4                __lshrsi3_r0
 .text          0x06012c8c       0xa0 e:/12gits/joengine/compiler/windows/bin/../lib/gcc/sh-elf/9.3.0\libgcc.a(_sdivsi3.o)
                0x06012c8c                __sdivsi3
 .text          0x06012d2c       0x6c e:/12gits/joengine/compiler/windows/bin/../lib/gcc/sh-elf/9.3.0\libgcc.a(_udivsi3.o)
                0x06012d4e                __udivsi3
 .text          0x06012d98      0x21c e:/12gits/joengine/compiler/windows/bin/../lib/gcc/sh-elf/9.3.0\libgcc.a(_addsub_sf.o)
                0x06012f18                __addsf3
                0x06012f64                __subsf3
 .text          0x06012fb4      0x134 e:/12gits/joengine/compiler/windows/bin/../lib/gcc/sh-elf/9.3.0\libgcc.a(_mul_sf.o)
                0x06012fb4                __mulsf3
 .text          0x060130e8       0xdc e:/12gits/joengine/compiler/windows/bin/../lib/gcc/sh-elf/9.3.0\libgcc.a(_div_sf.o)
                0x060130e8                __divsf3
 .text          0x060131c4       0x54 e:/12gits/joengine/compiler/windows/bin/../lib/gcc/sh-elf/9.3.0\libgcc.a(_gt_sf.o)
                0x060131c4                __gtsf2
 .text          0x06013218       0x54 e:/12gits/joengine/compiler/windows/bin/../lib/gcc/sh-elf/9.3.0\libgcc.a(_ge_sf.o)
                0x06013218                __gesf2
 .text          0x0601326c       0x54 e:/12gits/joengine/compiler/windows/bin/../lib/gcc/sh-elf/9.3.0\libgcc.a(_lt_sf.o)
                0x0601326c                __ltsf2
 .text          0x060132c0       0x54 e:/12gits/joengine/compiler/windows/bin/../lib/gcc/sh-elf/9.3.0\libgcc.a(_le_sf.o)
                0x060132c0                __lesf2
 .text          0x06013314       0x84 e:/12gits/joengine/compiler/windows/bin/../lib/gcc/sh-elf/9.3.0\libgcc.a(_si_to_sf.o)
                0x06013314                __floatsisf
 .text          0x06013398       0x70 e:/12gits/joengine/compiler/windows/bin/../lib/gcc/sh-elf/9.3.0\libgcc.a(_sf_to_si.o)
                0x06013398                __fixsfsi
 .text          0x06013408       0x3c e:/12gits/joengine/compiler/windows/bin/../lib/gcc/sh-elf/9.3.0\libgcc.a(_sf_to_df.o)
                0x06013408                __extendsfdf2
 .text          0x06013444        0x0 e:/12gits/joengine/compiler/windows/bin/../lib/gcc/sh-elf/9.3.0\libgcc.a(_thenan_sf.o)
 .text          0x06013444       0x94 e:/12gits/joengine/compiler/windows/bin/../lib/gcc/sh-elf/9.3.0\libgcc.a(_usi_to_sf.o)
                0x06013444                __floatunsisf
 .text          0x060134d8      0x3e0 e:/12gits/joengine/compiler/windows/bin/../lib/gcc/sh-elf/9.3.0\libgcc.a(_addsub_df.o)
                0x06013814                __adddf3
                0x06013864                __subdf3
 .text          0x060138b8      0x208 e:/12gits/joengine/compiler/windows/bin/../lib/gcc/sh-elf/9.3.0\libgcc.a(_mul_df.o)
                0x060138b8                __muldf3
 .text          0x06013ac0       0xa8 e:/12gits/joengine/compiler/windows/bin/../lib/gcc/sh-elf/9.3.0\libgcc.a(_si_to_df.o)
                0x06013ac0                __floatsidf
 .text          0x06013b68       0xa0 e:/12gits/joengine/compiler/windows/bin/../lib/gcc/sh-elf/9.3.0\libgcc.a(_df_to_si.o)
                0x06013b68                __fixdfsi
 .text          0x06013c08       0x28 e:/12gits/joengine/compiler/windows/bin/../lib/gcc/sh-elf/9.3.0\libgcc.a(_make_df.o)
                0x06013c08                __make_dp
 .text          0x06013c30       0x4c e:/12gits/joengine/compiler/windows/bin/../lib/gcc/sh-elf/9.3.0\libgcc.a(_df_to_sf.o)
                0x06013c30                __truncdfsf2
 .text          0x06013c7c        0x0 e:/12gits/joengine/compiler/windows/bin/../lib/gcc/sh-elf/9.3.0\libgcc.a(_thenan_df.o)
 .text          0x06013c7c       0x54 e:/12gits/joengine/compiler/windows/bin/../lib/gcc/sh-elf/9.3.0\libgcc.a(_clzsi2.o)
                0x06013c7c                __clzsi2
 .text          0x06013cd0      0x11c e:/12gits/joengine/compiler/windows/bin/../lib/gcc/sh-elf/9.3.0\libgcc.a(_pack_sf.o)
                0x06013cd0                __pack_f
 .text          0x06013dec       0xa0 e:/12gits/joengine/compiler/windows/bin/../lib/gcc/sh-elf/9.3.0\libgcc.a(_unpack_sf.o)
                0x06013dec                __unpack_f
 .text          0x06013e8c       0xac e:/12gits/joengine/compiler/windows/bin/../lib/gcc/sh-elf/9.3.0\libgcc.a(_fpcmp_parts_sf.o)
                0x06013e8c                __fpcmp_parts_f
 .text          0x06013f38       0x20 e:/12gits/joengine/compiler/windows/bin/../lib/gcc/sh-elf/9.3.0\libgcc.a(_make_sf.o)
                0x06013f38                __make_fp
 .text          0x06013f58      0x274 e:/12gits/joengine/compiler/windows/bin/../lib/gcc/sh-elf/9.3.0\libgcc.a(_pack_df.o)
                0x06013f58                __pack_d
 .text          0x060141cc       0xcc e:/12gits/joengine/compiler/windows/bin/../lib/gcc/sh-elf/9.3.0\libgcc.a(_unpack_df.o)
                0x060141cc                __unpack_d
 .text          0x06014298        0x0 e:/12gits/joengine/compiler/windows/bin/../lib/gcc/sh-elf/9.3.0\libgcc.a(_clz.o)
 .text          0x06014298       0x1e e:/12gits/joengine/compiler/windows/bin/../lib/gcc/sh-elf/9.3.0/../../../../sh-elf/lib\libc.a(lib_a-memcmp.o)
                0x06014298                memcmp
 *fill*         0x060142b6        0x2 
 .text          0x060142b8       0x94 e:/12gits/joengine/compiler/windows/bin/../lib/gcc/sh-elf/9.3.0/../../../../sh-elf/lib\libc.a(lib_a-memcpy.o)
                0x060142b8                memcpy
 .text          0x0601434c       0x40 e:/12gits/joengine/compiler/windows/bin/../lib/gcc/sh-elf/9.3.0/../../../../sh-elf/lib\libc.a(lib_a-memset.o)
                0x0601434c                memset
 .text          0x0601438c       0x8c e:/12gits/joengine/compiler/windows/bin/../lib/gcc/sh-elf/9.3.0/../../../../sh-elf/lib\libc.a(lib_a-sprintf.o)
                0x0601438c                _siprintf_r
                0x0601438c                _sprintf_r
                0x060143cc                siprintf
                0x060143cc                sprintf
 .text          0x06014418       0x2a e:/12gits/joengine/compiler/windows/bin/../lib/gcc/sh-elf/9.3.0/../../../../sh-elf/lib\libc.a(lib_a-strncmp.o)
                0x06014418                strncmp
 .text          0x06014442       0x36 e:/12gits/joengine/compiler/windows/bin/../lib/gcc/sh-elf/9.3.0/../../../../sh-elf/lib\libc.a(lib_a-strncpy.o)
                0x06014442                strncpy
 .text          0x06014478        0x0 e:/12gits/joengine/compiler/windows/bin/../lib/gcc/sh-elf/9.3.0/../../../../sh-elf/lib\libc.a(lib_a-impure.o)
 .text          0x06014478      0x444 e:/12gits/joengine/compiler/windows/bin/../lib/gcc/sh-elf/9.3.0/../../../../sh-elf/lib\libc.a(lib_a-nano-svfprintf.o)
                0x06014478                __ssputs_r
                0x0601456c                __ssprint_r
                0x060146a0                _svfprintf_r
                0x060146a0                _svfiprintf_r
 .text          0x060148bc      0x380 e:/12gits/joengine/compiler/windows/bin/../lib/gcc/sh-elf/9.3.0/../../../../sh-elf/lib\libc.a(lib_a-nano-vfprintf_i.o)
                0x060148bc                _printf_common
                0x060149bc                _printf_i
 .text          0x06014c3c       0x1c e:/12gits/joengine/compiler/windows/bin/../lib/gcc/sh-elf/9.3.0/../../../../sh-elf/lib\libc.a(lib_a-memchr.o)
                0x06014c3c                memchr
 .text          0x06014c58       0x3c e:/12gits/joengine/compiler/windows/bin/../lib/gcc/sh-elf/9.3.0/../../../../sh-elf/lib\libc.a(lib_a-memmove.o)
                0x06014c58                memmove
 .text          0x06014c94       0xd0 e:/12gits/joengine/compiler/windows/bin/../lib/gcc/sh-elf/9.3.0/../../../../sh-elf/lib\libc.a(lib_a-nano-freer.o)
                0x06014c94                _free_r
 .text          0x06014d64       0xf8 e:/12gits/joengine/compiler/windows/bin/../lib/gcc/sh-elf/9.3.0/../../../../sh-elf/lib\libc.a(lib_a-nano-mallocr.o)
                0x06014d64                _malloc_r
 .text          0x06014e5c       0x7c e:/12gits/joengine/compiler/windows/bin/../lib/gcc/sh-elf/9.3.0/../../../../sh-elf/lib\libc.a(lib_a-nano-reallocr.o)
                0x06014e5c                _realloc_r
 .text          0x06014ed8       0x30 e:/12gits/joengine/compiler/windows/bin/../lib/gcc/sh-elf/9.3.0/../../../../sh-elf/lib\libc.a(lib_a-sbrkr.o)
                0x06014ed8                _sbrk_r
 .text          0x06014f08      0x25c e:/12gits/joengine/compiler/windows/bin/../lib/gcc/sh-elf/9.3.0/../../../../sh-elf/lib\libc.a(lib_a-syscalls.o)
                0x06014f80                _read
                0x06014f90                _lseek
                0x06014fa0                _write
                0x06014fb0                _close
                0x06014fc0                _link
                0x06014fc4                _sbrk
                0x0601501c                _fstat
                0x06015026                _open
                0x06015038                _creat
                0x06015048                _unlink
                0x0601504c                isatty
                0x06015050                _isatty
                0x06015054                _exit
                0x06015064                _kill
                0x06015078                _getpid
                0x0601507c                _raise
                0x06015080                _stat
                0x06015090                _chmod
                0x060150a0                _chown
                0x060150b0                _utime
                0x060150c4                _fork
                0x060150d0                _wait
                0x060150e0                _execve
                0x060150f0                _execv
                0x06015100                _pipe
                0x0601510c                _times
                0x06015110                _gettimeofday
                0x06015138                __setup_argv_and_call_main
 .text          0x06015164       0x14 e:/12gits/joengine/compiler/windows/bin/../lib/gcc/sh-elf/9.3.0/../../../../sh-elf/lib\libc.a(lib_a-trap.o)
                0x06015164                __trap34
 .text          0x06015178       0x18 e:/12gits/joengine/compiler/windows/bin/../lib/gcc/sh-elf/9.3.0/../../../../sh-elf/lib\libc.a(lib_a-abort.o)
                0x06015178                abort
 .text          0x06015190        0x8 e:/12gits/joengine/compiler/windows/bin/../lib/gcc/sh-elf/9.3.0/../../../../sh-elf/lib\libc.a(lib_a-mlock.o)
                0x06015190                __malloc_lock
                0x06015194                __malloc_unlock
 .text          0x06015198       0x16 e:/12gits/joengine/compiler/windows/bin/../lib/gcc/sh-elf/9.3.0/../../../../sh-elf/lib\libc.a(lib_a-nano-msizer.o)
                0x06015198                _malloc_usable_size_r
 *fill*         0x060151ae        0x2 
 .text          0x060151b0      0x1b4 e:/12gits/joengine/compiler/windows/bin/../lib/gcc/sh-elf/9.3.0/../../../../sh-elf/lib\libc.a(lib_a-signal.o)
                0x060151b0                _init_signal_r
                0x060151f0                _signal_r
                0x0601523c                _raise_r
                0x060152b4                __sigtramp_r
                0x06015318                raise
                0x0601532c                signal
                0x06015340                _init_signal
                0x06015350                __sigtramp
 .text          0x06015364       0x40 e:/12gits/joengine/compiler/windows/bin/../lib/gcc/sh-elf/9.3.0/../../../../sh-elf/lib\libc.a(lib_a-signalr.o)
                0x06015364                _kill_r
                0x06015398                _getpid_r
 *(.strings)
 *(SEGA_P)
 *(.eh_frame_hdr)
 *(.eh_frame)
                0x060153a4                __etext = .

.text.startup   0x060153b0       0x40
 .text.startup  0x060153b0       0x40 ../../jo_engine/core.o
                0x060153b0                main

SLPROG          0x06015400    0x12210
                0x06015400                __slprog_start = .
 *(SLPROG)
 SLPROG         0x06015400     0x6540 ../../Compiler/COMMON/SGL_302j/LIB_ELF/SGLAREA.O
                0x06015400                MasterStack
                0x06015404                SlaveStack
                0x06015408                MaxVertices
                0x0601540a                MaxPolygons
                0x0601540c                SortList
                0x06015410                SortListSize
                0x06015414                TransList
                0x06015418                Zbuffer
                0x0601541c                SpriteBuf
                0x06015420                SpriteBufSize
                0x06015424                Pbuffer
                0x06015428                CommandBuf
                0x0601542c                CLOfstBuf
                0x06015430                PCM_Work
                0x06015434                PCM_WkSize
                0x06015438                MaxEvents
                0x0601543a                EventSize
                0x0601543c                MaxWorks
                0x0601543e                WorkSize
                0x06015440                RemainEvent
                0x06015540                RemainWork
                0x06015940                EventBuf
                0x06017940                WorkBuf
 SLPROG         0x0601b940       0x78 ../../Compiler/COMMON/SGL_302j/LIB_ELF/LIBSGL.A(sglA17.o)
                0x0601b940                slRotZ
                0x0601b94a                slRotZSC
 *fill*         0x0601b9b8        0x8 
 SLPROG         0x0601b9c0       0x78 ../../Compiler/COMMON/SGL_302j/LIB_ELF/LIBSGL.A(sglA18.o)
                0x0601b9c0                slRotY
                0x0601b9ca                slRotYSC
 *fill*         0x0601ba38        0x8 
 SLPROG         0x0601ba40       0x78 ../../Compiler/COMMON/SGL_302j/LIB_ELF/LIBSGL.A(sglA19.o)
                0x0601ba40                slRotX
                0x0601ba4a                slRotXSC
 *fill*         0x0601bab8        0x8 
 SLPROG         0x0601bac0      0x42c ../../Compiler/COMMON/SGL_302j/LIB_ELF/LIBSGL.A(sglA20.o)
                0x0601bac0                slInitMatrix
                0x0601baca                slPushUnitMatrix
                0x0601bade                slUnitMatrix
 *fill*         0x0601beec        0x4 
 SLPROG         0x0601bef0       0x48 ../../Compiler/COMMON/SGL_302j/LIB_ELF/LIBSGL.A(sglA21.o)
                0x0601bef0                slPushMatrix
                0x0601bf24                slDecMatrixPtr
                0x0601bf24                slPopMatrix
 *fill*         0x0601bf38        0x8 
 SLPROG         0x0601bf40       0x1a ../../Compiler/COMMON/SGL_302j/LIB_ELF/LIBSGL.A(sglA22.o)
                0x0601bf40                slLoadMatrix
 *fill*         0x0601bf5a        0x6 
 SLPROG         0x0601bf60       0x50 ../../Compiler/COMMON/SGL_302j/LIB_ELF/LIBSGL.A(sglA27.o)
                0x0601bf60                slTranslate
 SLPROG         0x0601bfb0       0x20 ../../Compiler/COMMON/SGL_302j/LIB_ELF/LIBSGL.A(sglB001.o)
                0x0601bfb0                slTVOn
                0x0601bfba                slTVOff
 SLPROG         0x0601bfd0       0x24 ../../Compiler/COMMON/SGL_302j/LIB_ELF/LIBSGL.A(sglB011.o)
                0x0601bfd0                slBitMapNbg1
 *fill*         0x0601bff4        0xc 
 SLPROG         0x0601c000        0x8 ../../Compiler/COMMON/SGL_302j/LIB_ELF/LIBSGL.A(sglB014.o)
                0x0601c000                slScrTransparent
 *fill*         0x0601c008        0x8 
 SLPROG         0x0601c010      0x40c ../../Compiler/COMMON/SGL_302j/LIB_ELF/LIBSGL.A(sglB015.o)
                0x0601c010                slScrAutoDisp
 *fill*         0x0601c41c        0x4 
 SLPROG         0x0601c420        0xc ../../Compiler/COMMON/SGL_302j/LIB_ELF/LIBSGL.A(sglB016.o)
                0x0601c420                slBack1ColSet
 *fill*         0x0601c42c        0x4 
 SLPROG         0x0601c430       0x10 ../../Compiler/COMMON/SGL_302j/LIB_ELF/LIBSGL.A(sglB020.o)
                0x0601c430                slColorCalc
 SLPROG         0x0601c440        0xc ../../Compiler/COMMON/SGL_302j/LIB_ELF/LIBSGL.A(sglB021.o)
                0x0601c440                slColorCalcOn
 *fill*         0x0601c44c        0x4 
 SLPROG         0x0601c450        0xc ../../Compiler/COMMON/SGL_302j/LIB_ELF/LIBSGL.A(sglB023.o)
                0x0601c450                slColRate
 *fill*         0x0601c45c        0x4 
 SLPROG         0x0601c460       0xb4 ../../Compiler/COMMON/SGL_302j/LIB_ELF/LIBSGL.A(sglB032.o)
                0x0601c460                slMapNbg1
 *fill*         0x0601c514        0xc 
 SLPROG         0x0601c520       0xd4 ../../Compiler/COMMON/SGL_302j/LIB_ELF/LIBSGL.A(sglB035.o)
                0x0601c520                sl1MapRA
                0x0601c5b2                rbank_set
 *fill*         0x0601c5f4        0xc 
 SLPROG         0x0601c600       0xa0 ../../Compiler/COMMON/SGL_302j/LIB_ELF/LIBSGL.A(sglB036.o)
                0x0601c600                sl1MapRB
 SLPROG         0x0601c6a0       0x70 ../../Compiler/COMMON/SGL_302j/LIB_ELF/LIBSGL.A(sglB038.o)
                0x0601c6a0                slRparaInitSet
 SLPROG         0x0601c710       0x7e ../../Compiler/COMMON/SGL_302j/LIB_ELF/LIBSGL.A(sglB039.o)
                0x0601c710                slMakeKtable
 *fill*         0x0601c78e        0x2 
 SLPROG         0x0601c790       0x58 ../../Compiler/COMMON/SGL_302j/LIB_ELF/LIBSGL.A(sglB040.o)
                0x0601c790                slKtableRA
 *fill*         0x0601c7e8        0x8 
 SLPROG         0x0601c7f0       0x5c ../../Compiler/COMMON/SGL_302j/LIB_ELF/LIBSGL.A(sglB041.o)
                0x0601c7f0                slKtableRB
 *fill*         0x0601c84c        0x4 
 SLPROG         0x0601c850        0x8 ../../Compiler/COMMON/SGL_302j/LIB_ELF/LIBSGL.A(sglB043.o)
                0x0601c850                slRparaMode
 *fill*         0x0601c858        0x8 
 SLPROG         0x0601c860        0xc ../../Compiler/COMMON/SGL_302j/LIB_ELF/LIBSGL.A(sglB047.o)
                0x0601c860                slOverRA
 *fill*         0x0601c86c        0x4 
 SLPROG         0x0601c870       0x10 ../../Compiler/COMMON/SGL_302j/LIB_ELF/LIBSGL.A(sglB048.o)
                0x0601c870                slOverRB
 SLPROG         0x0601c880        0xc ../../Compiler/COMMON/SGL_302j/LIB_ELF/LIBSGL.A(sglB056.o)
                0x0601c880                slPlaneNbg1
 *fill*         0x0601c88c        0x4 
 SLPROG         0x0601c890        0xc ../../Compiler/COMMON/SGL_302j/LIB_ELF/LIBSGL.A(sglB059.o)
                0x0601c890                slPlaneRA
 *fill*         0x0601c89c        0x4 
 SLPROG         0x0601c8a0       0x10 ../../Compiler/COMMON/SGL_302j/LIB_ELF/LIBSGL.A(sglB060.o)
                0x0601c8a0                slPlaneRB
 SLPROG         0x0601c8b0        0xc ../../Compiler/COMMON/SGL_302j/LIB_ELF/LIBSGL.A(sglB063.o)
                0x0601c8b0                slPriority
 *fill*         0x0601c8bc        0x4 
 SLPROG         0x0601c8c0       0x18 ../../Compiler/COMMON/SGL_302j/LIB_ELF/LIBSGL.A(sglB087.o)
                0x0601c8c0                slLineScrollTable0
 *fill*         0x0601c8d8        0x8 
 SLPROG         0x0601c8e0        0x8 ../../Compiler/COMMON/SGL_302j/LIB_ELF/LIBSGL.A(sglB088.o)
                0x0601c8e0                slLineScrollTable1
 *fill*         0x0601c8e8        0x8 
 SLPROG         0x0601c8f0        0xc ../../Compiler/COMMON/SGL_302j/LIB_ELF/LIBSGL.A(sglB090.o)
                0x0601c8f0                slLineScrollMode
 *fill*         0x0601c8fc        0x4 
 SLPROG         0x0601c900      0x114 ../../Compiler/COMMON/SGL_302j/LIB_ELF/LIBSGL.A(sglB200.o)
                0x0601c900                slCharRbg0
                0x0601c90c                slCharNbg0
                0x0601c918                slCharNbg1
                0x0601c924                slCharNbg2
                0x0601c93a                slCharNbg3
                0x0601c952                slPageRbg0
                0x0601c968                slPageNbg1
                0x0601c970                slPageNbg2
                0x0601c978                slPageNbg3
                0x0601c984                slPageNbg0
 *fill*         0x0601ca14        0xc 
 SLPROG         0x0601ca20       0x2c ../../Compiler/COMMON/SGL_302j/LIB_ELF/LIBSGL.A(sglC04.o)
                0x0601ca20                slZdspLevel
 *fill*         0x0601ca4c        0x4 
 SLPROG         0x0601ca50       0x78 ../../Compiler/COMMON/SGL_302j/LIB_ELF/LIBSGL.A(sglC05.o)
                0x0601ca50                slSetSprite
 *fill*         0x0601cac8        0x8 
 SLPROG         0x0601cad0       0xfa ../../Compiler/COMMON/SGL_302j/LIB_ELF/LIBSGL.A(sglC06.o)
                0x0601cad0                slDispSprite
 *fill*         0x0601cbca        0x6 
 SLPROG         0x0601cbd0      0x162 ../../Compiler/COMMON/SGL_302j/LIB_ELF/LIBSGL.A(sglC07.o)
                0x0601cbd6                slPutSprite
 *fill*         0x0601cd32        0xe 
 SLPROG         0x0601cd40     0x1218 ../../Compiler/COMMON/SGL_302j/LIB_ELF/LIBSGL.A(sglC08.o)
                0x0601cd40                slPutPolygon
                0x0601d9bc                MsCalcDepthFlat
 *fill*         0x0601df58        0x8 
 SLPROG         0x0601df60       0x4c ../../Compiler/COMMON/SGL_302j/LIB_ELF/LIBSGL.A(sglC17.o)
                0x0601df60                slDispSpriteHV
 *fill*         0x0601dfac        0x4 
 SLPROG         0x0601dfb0       0xd4 ../../Compiler/COMMON/SGL_302j/LIB_ELF/LIBSGL.A(sglC19.o)
                0x0601dfb0                slDispSprite4P
 *fill*         0x0601e084        0xc 
 SLPROG         0x0601e090       0x40 ../../Compiler/COMMON/SGL_302j/LIB_ELF/LIBSGL.A(sglC20.o)
                0x0601e090                SpriteEntry
 SLPROG         0x0601e0d0      0x4ae ../../Compiler/COMMON/SGL_302j/LIB_ELF/LIBSGL.A(sglC21.o)
                0x0601e158                RotSprite
                0x0601e1e6                SetSprPosition
 *fill*         0x0601e57e        0x2 
 SLPROG         0x0601e580       0x84 ../../Compiler/COMMON/SGL_302j/LIB_ELF/LIBSGL.A(sglD00.o)
                0x0601e580                slCpuDMACopy
                0x0601e580                slDMACopy
                0x0601e5da                CSH_AllClr
                0x0601e5da                slCashPurge
 *fill*         0x0601e604        0xc 
 SLPROG         0x0601e610       0xa0 ../../Compiler/COMMON/SGL_302j/LIB_ELF/LIBSGL.A(sglD01.o)
                0x0601e610                slDMAXCopy
 SLPROG         0x0601e6b0        0xc ../../Compiler/COMMON/SGL_302j/LIB_ELF/LIBSGL.A(sglD03.o)
                0x0601e6b0                slDMAStatus
 *fill*         0x0601e6bc        0x4 
 SLPROG         0x0601e6c0       0x20 ../../Compiler/COMMON/SGL_302j/LIB_ELF/LIBSGL.A(sglD15.o)
                0x0601e6c0                CSH_Purge
 SLPROG         0x0601e6e0       0x84 ../../Compiler/COMMON/SGL_302j/LIB_ELF/LIBSGL.A(sglD16.o)
                0x0601e6e0                DMA_ScuSetPrm
                0x0601e728                DMA_SCU_PRM0
 *fill*         0x0601e764        0xc 
 SLPROG         0x0601e770       0x88 ../../Compiler/COMMON/SGL_302j/LIB_ELF/LIBSGL.A(sglD17.o)
                0x0601e770                DMA_ScuStart
 *fill*         0x0601e7f8        0x8 
 SLPROG         0x0601e800       0x34 ../../Compiler/COMMON/SGL_302j/LIB_ELF/LIBSGL.A(sglD18.o)
                0x0601e800                DMA_ScuGetStatus
 *fill*         0x0601e834        0xc 
 SLPROG         0x0601e840       0x4e ../../Compiler/COMMON/SGL_302j/LIB_ELF/LIBSGL.A(sglF00.o)
                0x0601e840                slCurScrn
                0x0601e850                slCurColor
                0x0601e85a                slLocate
                0x0601e88c                CurrentScreen
 *fill*         0x0601e88e        0x2 
 SLPROG         0x0601e890       0x1c ../../Compiler/COMMON/SGL_302j/LIB_ELF/LIBSGL.A(sglF05.o)
                0x0601e890                slPrint
 *fill*         0x0601e8ac        0x4 
 SLPROG         0x0601e8b0       0x34 ../../Compiler/COMMON/SGL_302j/LIB_ELF/LIBSGL.A(sglF08.o)
                0x0601e8b0                slDec2Hex
 *fill*         0x0601e8e4        0xc 
 SLPROG         0x0601e8f0      0xfc8 ../../Compiler/COMMON/SGL_302j/LIB_ELF/LIBSGL.A(sglH00.o)
                0x0601e908                slGetPortDir1
                0x0601e910                slGetPortDir2
                0x0601e918                slSetPortDir1
                0x0601e942                slSetPortDir2
                0x0601e97c                slGetPortData1
                0x0601e984                slGetPortData2
                0x0601e98c                slSetPortData1
                0x0601e996                slSetPortData2
                0x0601e9a8                slGetPortSelect1
                0x0601e9b2                slGetPortSelect2
                0x0601e9bc                slSetPortSelect1
                0x0601e9f0                slSetPortSelect2
                0x0601ea2c                slGetPortExt1
                0x0601ea36                slGetPortExt2
                0x0601ea40                slSetPortExt1
                0x0601ea70                slSetPortExt2
                0x0601ebe4                slSmpcDirectAccess
                0x0601ec64                slInitPeripheral
                0x0601ecf6                slSetResultBuffer
                0x0601ed82                slCheckIntBackSet
                0x0601ed8e                slIntBackCancel
                0x0601edb8                slCheckReset
                0x0601edc2                slClearReset
                0x0601ef88                slSmpcCashSend
                0x0601f044                slSmpcCashBlow
                0x0601f120                slGetOptimize
                0x0601f12a                slSetOptimize
                0x0601f150                slGetPortMode1
                0x0601f15c                slGetPortMode2
                0x0601f16a                slSetPortMode1
                0x0601f1a8                slSetPortMode2
                0x0601f334                slRequestCommand
                0x0601f3a4                Smpc_Status
                0x0601f3a8                Smpc_Result
                0x0601f3ac                Smpc_Peripheral
                0x0601f3b2                Per_Connect1
                0x0601f3b3                Per_Connect2
                0x0601f3d4                SmpcStatusBuf
 *fill*         0x0601f8b8        0x8 
 SLPROG         0x0601f8c0       0xa8 ../../Compiler/COMMON/SGL_302j/LIB_ELF/LIBSGL.A(sglH01.o)
                0x0601f8c0                slGetLanguage
                0x0601f8ca                slSetLanguage
                0x0601f8ec                slGetSoundEffect
                0x0601f8f8                slSetSoundEffect
                0x0601f914                slGetSoundOutput
                0x0601f920                slSetSoundOutput
                0x0601f93c                slGetHelpWindow
                0x0601f948                slSetHelpWindow
 *fill*         0x0601f968        0x8 
 SLPROG         0x0601f970      0x470 ../../Compiler/COMMON/SGL_302j/LIB_ELF/LIBSGL.A(sglH02.o)
                0x0601fd60                smpc_pfr_tbl
                0x0601fda0                smpc_ptf_tbl
 SLPROG         0x0601fde0       0x60 ../../Compiler/COMMON/SGL_302j/LIB_ELF/LIBSGL.A(sglH04.o)
                0x0601fde0                slComPrmIntBack
                0x0601fdf4                slComPrmSetMemory
                0x0601fe0a                slComPrmSetTime
 SLPROG         0x0601fe40      0x3a4 ../../Compiler/COMMON/SGL_302j/LIB_ELF/LIBSGL.A(sglI01.o)
                0x0601fe40                slInitSynch
                0x0601fe5a                slSynch
                0x0601ff50                slRandom
                0x0601ff6e                PCM_EndCheck
                0x0602002a                RetPCMBuf
                0x060200c4                PCM_Buf
                0x06020164                Sound_Buf
 *fill*         0x060201e4        0xc 
 SLPROG         0x060201f0       0x10 ../../Compiler/COMMON/SGL_302j/LIB_ELF/LIBSGL.A(sglI04.o)
                0x060201f0                slIntFunction
 SLPROG         0x06020200       0x74 ../../Compiler/COMMON/SGL_302j/LIB_ELF/LIBSGL.A(sglJ00.o)
                0x06020200                InitSlaveSH
                0x06020268                SlaveCommand
 *fill*         0x06020274        0xc 
 SLPROG         0x06020280      0x3d0 ../../Compiler/COMMON/SGL_302j/LIB_ELF/LIBSGL.A(sglJ01.o)
                0x06020280                SlaveControl
                0x0602063c                ErasePolygonData
 SLPROG         0x06020650     0x12b8 ../../Compiler/COMMON/SGL_302j/LIB_ELF/LIBSGL.A(sglJ02.o)
                0x06020650                sbMakePolygon
                0x06020838                sbCalcPolygon
                0x06021570                SetTexture
                0x0602157c                SetPolygon
                0x06021584                SetPosition
                0x060215bc                stvtc_4
                0x06021674                stvtc_3
                0x06021884                stvtc_1
                0x06021898                stvtc_2
                0x060218ac                stvtc_0
 *fill*         0x06021908        0x8 
 SLPROG         0x06021910      0x140 ../../Compiler/COMMON/SGL_302j/LIB_ELF/LIBSGL.A(sglJ03.o)
                0x06021910                sbMakeDMATable
 SLPROG         0x06021a50      0x470 ../../Compiler/COMMON/SGL_302j/LIB_ELF/LIBSGL.A(sglJ04.o)
                0x06021aae                sbMakeSprite
                0x06021b14                sbMakeRotSprite
 SLPROG         0x06021ec0       0x3c ../../Compiler/COMMON/SGL_302j/LIB_ELF/LIBSGL.A(sglJ05.o)
                0x06021ec0                sbSortEntry
 *fill*         0x06021efc        0x4 
 SLPROG         0x06021f00       0x6a ../../Compiler/COMMON/SGL_302j/LIB_ELF/LIBSGL.A(sglM01.o)
                0x06021f00                slSetDepthLimit
                0x06021f2c                slSetDepthTbl
                0x06021f5c                DepthWorkArea
 *fill*         0x06021f6a        0x6 
 SLPROG         0x06021f70       0x20 ../../Compiler/COMMON/SGL_302j/LIB_ELF/LIBSGL.A(sglA00.o)
                0x06021f70                set_imask
                0x06021f70                _builtin_set_imask
                0x06021f84                _builtin_get_imask
                0x06021f84                get_imask
 SLPROG         0x06021f90     0x411e ../../Compiler/COMMON/SGL_302j/LIB_ELF/LIBSGL.A(sglA01.o)
                0x06021f90                slSin
                0x06021fb4                slCos
                0x06021fd8                GetSinCos
                0x0602206c                sin_cos_index_tbl
                0x060220ac                sin_tbl
 *fill*         0x060260ae        0x2 
 SLPROG         0x060260b0      0xbd0 ../../Compiler/COMMON/SGL_302j/LIB_ELF/LIBSGL.A(sglB000.o)
                0x060260b0                slInitScroll
                0x060261d0                setASC_1to8
                0x06026200                setASC_4to8
                0x06026310                TVSizeTbl
                0x06026390                TVModeTbl
                0x06026568                SGL_ASCII_CG
 SLPROG         0x06026c80      0x134 ../../Compiler/COMMON/SGL_302j/LIB_ELF/LIBSGL.A(sglC00.o)
                0x06026c80                slInitSprite
 *fill*         0x06026db4        0xc 
 SLPROG         0x06026dc0      0x75c ../../Compiler/COMMON/SGL_302j/LIB_ELF/LIBSGL.A(sglI00.o)
                0x060270b0                slInitInterrupt
 *fill*         0x0602751c        0x4 
 SLPROG         0x06027520       0xf0 ../../Compiler/COMMON/SGL_302j/LIB_ELF/LIBSGL.A(sglH03.o)
                0x06027584                slSmpcIntBack
                0x06027610                __slprog_end = .

.tors           0x06027610        0x0
                0x06027610                ___ctors = .
 *(.ctors)
                0x06027610                ___ctors_end = .
                0x06027610                ___dtors = .
 *(.dtors)
                0x06027610                ___dtors_end = .

.data           0x06027610      0x540
 *(.data)
 .data          0x06027610        0x0 ../../Compiler/COMMON/SGL_302j/LIB_ELF/SGLAREA.O
 .data          0x06027610       0x24 main.o
                0x06027610                frustrum
                0x06027614                near
                0x06027618                far
                0x0602761c                z
                0x06027620                pos_frust_ext
                0x06027624                neg_frust_ext
                0x06027628                rot_pos_frust
                0x0602762c                rot_neg_frust
                0x06027630                rot_multiplier
 .data          0x06027634        0x0 ../../jo_engine/tga.o
 .data          0x06027634       0x28 ../../jo_engine/3d.o
 .data          0x0602765c        0x4 ../../jo_engine/fs.o
 .data          0x06027660        0x0 ../../jo_engine/font.o
 .data          0x06027660        0x0 ../../jo_engine/input.o
 .data          0x06027660        0x0 ../../jo_engine/physics.o
 .data          0x06027660        0x0 ../../jo_engine/core.o
 .data          0x06027660        0x4 ../../jo_engine/math.o
                0x06027660                jo_random_seed
 .data          0x06027664        0x0 ../../jo_engine/malloc.o
 .data          0x06027664        0x0 ../../jo_engine/tools.o
 .data          0x06027664        0x0 ../../jo_engine/palette.o
 .data          0x06027664       0x2c ../../jo_engine/sprites.o
                0x06027668                __jo_gouraud_shading_runtime_index
                0x0602766c                __jo_sprite_pos
                0x06027678                __jo_sprite_attributes
 .data          0x06027690        0x0 ../../jo_engine/map.o
 .data          0x06027690        0x0 ../../jo_engine/list.o
 .data          0x06027690        0x4 ../../jo_engine/sprite_animator.o
 .data          0x06027694        0x0 ../../jo_engine/image.o
 .data          0x06027694        0x0 ../../jo_engine/vdp2.o
 .data          0x06027694        0x0 ../../jo_engine/time.o
 .data          0x06027694        0x0 ../../jo_engine/vdp1_command_pipeline.o
 .data          0x06027694       0x10 ../../jo_engine/vdp2_malloc.o
 *fill*         0x060276a4        0xc 
 .data          0x060276b0        0x0 ../../Compiler/COMMON/SGL_302j/LIB_ELF/SEGA_SYS.A(sys_exit.o)
 .data          0x060276b0        0x0 ../../Compiler/COMMON/SGL_302j/LIB_ELF/SEGA_SYS.A(sys_sub.o)
 .data          0x060276b0        0x0 ../../Compiler/COMMON/SGL_302j/LIB_ELF/LIBCD.A(CDC_CMN.O)
 .data          0x060276b0        0x0 ../../Compiler/COMMON/SGL_302j/LIB_ELF/LIBCD.A(CDC_CFS.O)
 .data          0x060276b0        0x0 ../../Compiler/COMMON/SGL_302j/LIB_ELF/LIBCD.A(CDC_REG.O)
 .data          0x060276b0        0x0 ../../Compiler/COMMON/SGL_302j/LIB_ELF/LIBCD.A(CDC_SUB.O)
 .data          0x060276b0        0x0 ../../Compiler/COMMON/SGL_302j/LIB_ELF/LIBCD.A(GFS.O)
 .data          0x060276b0        0x0 ../../Compiler/COMMON/SGL_302j/LIB_ELF/LIBCD.A(GFS_BUF.O)
 .data          0x060276b0        0x0 ../../Compiler/COMMON/SGL_302j/LIB_ELF/LIBCD.A(GFS_CDB.O)
 .data          0x060276b0        0x0 ../../Compiler/COMMON/SGL_302j/LIB_ELF/LIBCD.A(GFS_CDC.O)
 .data          0x060276b0        0x0 ../../Compiler/COMMON/SGL_302j/LIB_ELF/LIBCD.A(GFS_CDF.O)
 .data          0x060276b0        0x0 ../../Compiler/COMMON/SGL_302j/LIB_ELF/LIBCD.A(GFS_DIR.O)
 .data          0x060276b0        0x0 ../../Compiler/COMMON/SGL_302j/LIB_ELF/LIBCD.A(GFS_TRN.O)
 .data          0x060276b0        0x0 ../../Compiler/COMMON/SGL_302j/LIB_ELF/LIBCD.A(CDC_DRV.O)
 .data          0x060276b0        0x0 ../../Compiler/COMMON/SGL_302j/LIB_ELF/LIBCD.A(CDC_DEV.O)
 .data          0x060276b0        0x0 ../../Compiler/COMMON/SGL_302j/LIB_ELF/LIBCD.A(CDC_SEL.O)
 .data          0x060276b0        0x0 ../../Compiler/COMMON/SGL_302j/LIB_ELF/LIBCD.A(CDC_BIF.O)
 .data          0x060276b0        0x0 ../../Compiler/COMMON/SGL_302j/LIB_ELF/LIBCD.A(CDC_BIO.O)
 .data          0x060276b0        0x0 ../../Compiler/COMMON/SGL_302j/LIB_ELF/LIBSGL.A(sglA17.o)
 .data          0x060276b0        0x0 ../../Compiler/COMMON/SGL_302j/LIB_ELF/LIBSGL.A(sglA18.o)
 .data          0x060276b0        0x0 ../../Compiler/COMMON/SGL_302j/LIB_ELF/LIBSGL.A(sglA19.o)
 .data          0x060276b0        0x0 ../../Compiler/COMMON/SGL_302j/LIB_ELF/LIBSGL.A(sglA20.o)
 .data          0x060276b0        0x0 ../../Compiler/COMMON/SGL_302j/LIB_ELF/LIBSGL.A(sglA21.o)
 .data          0x060276b0        0x0 ../../Compiler/COMMON/SGL_302j/LIB_ELF/LIBSGL.A(sglA22.o)
 .data          0x060276b0        0x0 ../../Compiler/COMMON/SGL_302j/LIB_ELF/LIBSGL.A(sglA27.o)
 .data          0x060276b0        0x0 ../../Compiler/COMMON/SGL_302j/LIB_ELF/LIBSGL.A(sglB001.o)
 .data          0x060276b0        0x0 ../../Compiler/COMMON/SGL_302j/LIB_ELF/LIBSGL.A(sglB011.o)
 .data          0x060276b0        0x0 ../../Compiler/COMMON/SGL_302j/LIB_ELF/LIBSGL.A(sglB014.o)
 .data          0x060276b0        0x0 ../../Compiler/COMMON/SGL_302j/LIB_ELF/LIBSGL.A(sglB015.o)
 .data          0x060276b0        0x0 ../../Compiler/COMMON/SGL_302j/LIB_ELF/LIBSGL.A(sglB016.o)
 .data          0x060276b0        0x0 ../../Compiler/COMMON/SGL_302j/LIB_ELF/LIBSGL.A(sglB020.o)
 .data          0x060276b0        0x0 ../../Compiler/COMMON/SGL_302j/LIB_ELF/LIBSGL.A(sglB021.o)
 .data          0x060276b0        0x0 ../../Compiler/COMMON/SGL_302j/LIB_ELF/LIBSGL.A(sglB023.o)
 .data          0x060276b0        0x0 ../../Compiler/COMMON/SGL_302j/LIB_ELF/LIBSGL.A(sglB032.o)
 .data          0x060276b0        0x0 ../../Compiler/COMMON/SGL_302j/LIB_ELF/LIBSGL.A(sglB035.o)
 .data          0x060276b0        0x0 ../../Compiler/COMMON/SGL_302j/LIB_ELF/LIBSGL.A(sglB036.o)
 .data          0x060276b0        0x0 ../../Compiler/COMMON/SGL_302j/LIB_ELF/LIBSGL.A(sglB038.o)
 .data          0x060276b0        0x0 ../../Compiler/COMMON/SGL_302j/LIB_ELF/LIBSGL.A(sglB039.o)
 .data          0x060276b0        0x0 ../../Compiler/COMMON/SGL_302j/LIB_ELF/LIBSGL.A(sglB040.o)
 .data          0x060276b0        0x0 ../../Compiler/COMMON/SGL_302j/LIB_ELF/LIBSGL.A(sglB041.o)
 .data          0x060276b0        0x0 ../../Compiler/COMMON/SGL_302j/LIB_ELF/LIBSGL.A(sglB043.o)
 .data          0x060276b0        0x0 ../../Compiler/COMMON/SGL_302j/LIB_ELF/LIBSGL.A(sglB047.o)
 .data          0x060276b0        0x0 ../../Compiler/COMMON/SGL_302j/LIB_ELF/LIBSGL.A(sglB048.o)
 .data          0x060276b0        0x0 ../../Compiler/COMMON/SGL_302j/LIB_ELF/LIBSGL.A(sglB056.o)
 .data          0x060276b0        0x0 ../../Compiler/COMMON/SGL_302j/LIB_ELF/LIBSGL.A(sglB059.o)
 .data          0x060276b0        0x0 ../../Compiler/COMMON/SGL_302j/LIB_ELF/LIBSGL.A(sglB060.o)
 .data          0x060276b0        0x0 ../../Compiler/COMMON/SGL_302j/LIB_ELF/LIBSGL.A(sglB063.o)
 .data          0x060276b0        0x0 ../../Compiler/COMMON/SGL_302j/LIB_ELF/LIBSGL.A(sglB087.o)
 .data          0x060276b0        0x0 ../../Compiler/COMMON/SGL_302j/LIB_ELF/LIBSGL.A(sglB088.o)
 .data          0x060276b0        0x0 ../../Compiler/COMMON/SGL_302j/LIB_ELF/LIBSGL.A(sglB090.o)
 .data          0x060276b0        0x0 ../../Compiler/COMMON/SGL_302j/LIB_ELF/LIBSGL.A(sglB200.o)
 .data          0x060276b0        0x0 ../../Compiler/COMMON/SGL_302j/LIB_ELF/LIBSGL.A(sglC04.o)
 .data          0x060276b0        0x0 ../../Compiler/COMMON/SGL_302j/LIB_ELF/LIBSGL.A(sglC05.o)
 .data          0x060276b0        0x0 ../../Compiler/COMMON/SGL_302j/LIB_ELF/LIBSGL.A(sglC06.o)
 .data          0x060276b0        0x0 ../../Compiler/COMMON/SGL_302j/LIB_ELF/LIBSGL.A(sglC07.o)
 .data          0x060276b0        0x0 ../../Compiler/COMMON/SGL_302j/LIB_ELF/LIBSGL.A(sglC08.o)
 .data          0x060276b0        0x0 ../../Compiler/COMMON/SGL_302j/LIB_ELF/LIBSGL.A(sglC17.o)
 .data          0x060276b0        0x0 ../../Compiler/COMMON/SGL_302j/LIB_ELF/LIBSGL.A(sglC19.o)
 .data          0x060276b0        0x0 ../../Compiler/COMMON/SGL_302j/LIB_ELF/LIBSGL.A(sglC20.o)
 .data          0x060276b0        0x0 ../../Compiler/COMMON/SGL_302j/LIB_ELF/LIBSGL.A(sglC21.o)
 .data          0x060276b0        0x0 ../../Compiler/COMMON/SGL_302j/LIB_ELF/LIBSGL.A(sglD00.o)
 .data          0x060276b0        0x0 ../../Compiler/COMMON/SGL_302j/LIB_ELF/LIBSGL.A(sglD01.o)
 .data          0x060276b0        0x0 ../../Compiler/COMMON/SGL_302j/LIB_ELF/LIBSGL.A(sglD03.o)
 .data          0x060276b0        0x0 ../../Compiler/COMMON/SGL_302j/LIB_ELF/LIBSGL.A(sglD15.o)
 .data          0x060276b0        0x0 ../../Compiler/COMMON/SGL_302j/LIB_ELF/LIBSGL.A(sglD16.o)
 .data          0x060276b0        0x0 ../../Compiler/COMMON/SGL_302j/LIB_ELF/LIBSGL.A(sglD17.o)
 .data          0x060276b0        0x0 ../../Compiler/COMMON/SGL_302j/LIB_ELF/LIBSGL.A(sglD18.o)
 .data          0x060276b0        0x0 ../../Compiler/COMMON/SGL_302j/LIB_ELF/LIBSGL.A(sglF00.o)
 .data          0x060276b0        0x0 ../../Compiler/COMMON/SGL_302j/LIB_ELF/LIBSGL.A(sglF05.o)
 .data          0x060276b0        0x0 ../../Compiler/COMMON/SGL_302j/LIB_ELF/LIBSGL.A(sglF08.o)
 .data          0x060276b0        0x0 ../../Compiler/COMMON/SGL_302j/LIB_ELF/LIBSGL.A(sglH00.o)
 .data          0x060276b0        0x0 ../../Compiler/COMMON/SGL_302j/LIB_ELF/LIBSGL.A(sglH01.o)
 .data          0x060276b0        0x0 ../../Compiler/COMMON/SGL_302j/LIB_ELF/LIBSGL.A(sglH02.o)
 .data          0x060276b0        0x0 ../../Compiler/COMMON/SGL_302j/LIB_ELF/LIBSGL.A(sglH04.o)
 .data          0x060276b0        0x0 ../../Compiler/COMMON/SGL_302j/LIB_ELF/LIBSGL.A(sglI01.o)
 .data          0x060276b0        0x0 ../../Compiler/COMMON/SGL_302j/LIB_ELF/LIBSGL.A(sglI04.o)
 .data          0x060276b0       0x80 ../../Compiler/COMMON/SGL_302j/LIB_ELF/LIBSGL.A(sglIc0.o)
                0x060276b0                IntPrioMask
 .data          0x06027730        0x0 ../../Compiler/COMMON/SGL_302j/LIB_ELF/LIBSGL.A(sglJ00.o)
 .data          0x06027730        0x0 ../../Compiler/COMMON/SGL_302j/LIB_ELF/LIBSGL.A(sglJ01.o)
 .data          0x06027730        0x0 ../../Compiler/COMMON/SGL_302j/LIB_ELF/LIBSGL.A(sglJ02.o)
 .data          0x06027730        0x0 ../../Compiler/COMMON/SGL_302j/LIB_ELF/LIBSGL.A(sglJ03.o)
 .data          0x06027730        0x0 ../../Compiler/COMMON/SGL_302j/LIB_ELF/LIBSGL.A(sglJ04.o)
 .data          0x06027730        0x0 ../../Compiler/COMMON/SGL_302j/LIB_ELF/LIBSGL.A(sglJ05.o)
 .data          0x06027730        0x0 ../../Compiler/COMMON/SGL_302j/LIB_ELF/LIBSGL.A(sglK01.o)
 .data          0x06027730        0x0 ../../Compiler/COMMON/SGL_302j/LIB_ELF/LIBSGL.A(sglM01.o)
 .data          0x06027730        0x0 ../../Compiler/COMMON/SGL_302j/LIB_ELF/LIBSGL.A(sglA00.o)
 .data          0x06027730        0x0 ../../Compiler/COMMON/SGL_302j/LIB_ELF/LIBSGL.A(sglA01.o)
 .data          0x06027730        0x0 ../../Compiler/COMMON/SGL_302j/LIB_ELF/LIBSGL.A(sglB000.o)
 .data          0x06027730        0x0 ../../Compiler/COMMON/SGL_302j/LIB_ELF/LIBSGL.A(sglC00.o)
 .data          0x06027730        0x0 ../../Compiler/COMMON/SGL_302j/LIB_ELF/LIBSGL.A(sglI00.o)
 .data          0x06027730        0x0 ../../Compiler/COMMON/SGL_302j/LIB_ELF/LIBSGL.A(sglH03.o)
 .data          0x06027730        0x0 e:/12gits/joengine/compiler/windows/bin/../lib/gcc/sh-elf/9.3.0\libgcc.a(_ashiftrt.o)
 .data          0x06027730        0x0 e:/12gits/joengine/compiler/windows/bin/../lib/gcc/sh-elf/9.3.0\libgcc.a(_ashiftrt_n.o)
 .data          0x06027730        0x0 e:/12gits/joengine/compiler/windows/bin/../lib/gcc/sh-elf/9.3.0\libgcc.a(_ashiftlt.o)
 .data          0x06027730        0x0 e:/12gits/joengine/compiler/windows/bin/../lib/gcc/sh-elf/9.3.0\libgcc.a(_lshiftrt.o)
 .data          0x06027730        0x0 e:/12gits/joengine/compiler/windows/bin/../lib/gcc/sh-elf/9.3.0\libgcc.a(_sdivsi3.o)
 .data          0x06027730        0x0 e:/12gits/joengine/compiler/windows/bin/../lib/gcc/sh-elf/9.3.0\libgcc.a(_udivsi3.o)
 .data          0x06027730        0x0 e:/12gits/joengine/compiler/windows/bin/../lib/gcc/sh-elf/9.3.0\libgcc.a(_addsub_sf.o)
 .data          0x06027730        0x0 e:/12gits/joengine/compiler/windows/bin/../lib/gcc/sh-elf/9.3.0\libgcc.a(_mul_sf.o)
 .data          0x06027730        0x0 e:/12gits/joengine/compiler/windows/bin/../lib/gcc/sh-elf/9.3.0\libgcc.a(_div_sf.o)
 .data          0x06027730        0x0 e:/12gits/joengine/compiler/windows/bin/../lib/gcc/sh-elf/9.3.0\libgcc.a(_gt_sf.o)
 .data          0x06027730        0x0 e:/12gits/joengine/compiler/windows/bin/../lib/gcc/sh-elf/9.3.0\libgcc.a(_ge_sf.o)
 .data          0x06027730        0x0 e:/12gits/joengine/compiler/windows/bin/../lib/gcc/sh-elf/9.3.0\libgcc.a(_lt_sf.o)
 .data          0x06027730        0x0 e:/12gits/joengine/compiler/windows/bin/../lib/gcc/sh-elf/9.3.0\libgcc.a(_le_sf.o)
 .data          0x06027730        0x0 e:/12gits/joengine/compiler/windows/bin/../lib/gcc/sh-elf/9.3.0\libgcc.a(_si_to_sf.o)
 .data          0x06027730        0x0 e:/12gits/joengine/compiler/windows/bin/../lib/gcc/sh-elf/9.3.0\libgcc.a(_sf_to_si.o)
 .data          0x06027730        0x0 e:/12gits/joengine/compiler/windows/bin/../lib/gcc/sh-elf/9.3.0\libgcc.a(_sf_to_df.o)
 .data          0x06027730        0x0 e:/12gits/joengine/compiler/windows/bin/../lib/gcc/sh-elf/9.3.0\libgcc.a(_thenan_sf.o)
 .data          0x06027730        0x0 e:/12gits/joengine/compiler/windows/bin/../lib/gcc/sh-elf/9.3.0\libgcc.a(_usi_to_sf.o)
 .data          0x06027730        0x0 e:/12gits/joengine/compiler/windows/bin/../lib/gcc/sh-elf/9.3.0\libgcc.a(_addsub_df.o)
 .data          0x06027730        0x0 e:/12gits/joengine/compiler/windows/bin/../lib/gcc/sh-elf/9.3.0\libgcc.a(_mul_df.o)
 .data          0x06027730        0x0 e:/12gits/joengine/compiler/windows/bin/../lib/gcc/sh-elf/9.3.0\libgcc.a(_si_to_df.o)
 .data          0x06027730        0x0 e:/12gits/joengine/compiler/windows/bin/../lib/gcc/sh-elf/9.3.0\libgcc.a(_df_to_si.o)
 .data          0x06027730        0x0 e:/12gits/joengine/compiler/windows/bin/../lib/gcc/sh-elf/9.3.0\libgcc.a(_make_df.o)
 .data          0x06027730        0x0 e:/12gits/joengine/compiler/windows/bin/../lib/gcc/sh-elf/9.3.0\libgcc.a(_df_to_sf.o)
 .data          0x06027730        0x0 e:/12gits/joengine/compiler/windows/bin/../lib/gcc/sh-elf/9.3.0\libgcc.a(_thenan_df.o)
 .data          0x06027730        0x0 e:/12gits/joengine/compiler/windows/bin/../lib/gcc/sh-elf/9.3.0\libgcc.a(_clzsi2.o)
 .data          0x06027730        0x0 e:/12gits/joengine/compiler/windows/bin/../lib/gcc/sh-elf/9.3.0\libgcc.a(_pack_sf.o)
 .data          0x06027730        0x0 e:/12gits/joengine/compiler/windows/bin/../lib/gcc/sh-elf/9.3.0\libgcc.a(_unpack_sf.o)
 .data          0x06027730        0x0 e:/12gits/joengine/compiler/windows/bin/../lib/gcc/sh-elf/9.3.0\libgcc.a(_fpcmp_parts_sf.o)
 .data          0x06027730        0x0 e:/12gits/joengine/compiler/windows/bin/../lib/gcc/sh-elf/9.3.0\libgcc.a(_make_sf.o)
 .data          0x06027730        0x0 e:/12gits/joengine/compiler/windows/bin/../lib/gcc/sh-elf/9.3.0\libgcc.a(_pack_df.o)
 .data          0x06027730        0x0 e:/12gits/joengine/compiler/windows/bin/../lib/gcc/sh-elf/9.3.0\libgcc.a(_unpack_df.o)
 .data          0x06027730        0x0 e:/12gits/joengine/compiler/windows/bin/../lib/gcc/sh-elf/9.3.0\libgcc.a(_clz.o)
 .data          0x06027730        0x0 e:/12gits/joengine/compiler/windows/bin/../lib/gcc/sh-elf/9.3.0/../../../../sh-elf/lib\libc.a(lib_a-memcmp.o)
 .data          0x06027730        0x0 e:/12gits/joengine/compiler/windows/bin/../lib/gcc/sh-elf/9.3.0/../../../../sh-elf/lib\libc.a(lib_a-memcpy.o)
 .data          0x06027730        0x0 e:/12gits/joengine/compiler/windows/bin/../lib/gcc/sh-elf/9.3.0/../../../../sh-elf/lib\libc.a(lib_a-memset.o)
 .data          0x06027730        0x0 e:/12gits/joengine/compiler/windows/bin/../lib/gcc/sh-elf/9.3.0/../../../../sh-elf/lib\libc.a(lib_a-sprintf.o)
 .data          0x06027730        0x0 e:/12gits/joengine/compiler/windows/bin/../lib/gcc/sh-elf/9.3.0/../../../../sh-elf/lib\libc.a(lib_a-strncmp.o)
 .data          0x06027730        0x0 e:/12gits/joengine/compiler/windows/bin/../lib/gcc/sh-elf/9.3.0/../../../../sh-elf/lib\libc.a(lib_a-strncpy.o)
 .data          0x06027730      0x41c e:/12gits/joengine/compiler/windows/bin/../lib/gcc/sh-elf/9.3.0/../../../../sh-elf/lib\libc.a(lib_a-impure.o)
                0x06027730                _impure_ptr
 .data          0x06027b4c        0x0 e:/12gits/joengine/compiler/windows/bin/../lib/gcc/sh-elf/9.3.0/../../../../sh-elf/lib\libc.a(lib_a-nano-svfprintf.o)
 .data          0x06027b4c        0x0 e:/12gits/joengine/compiler/windows/bin/../lib/gcc/sh-elf/9.3.0/../../../../sh-elf/lib\libc.a(lib_a-nano-vfprintf_i.o)
 .data          0x06027b4c        0x0 e:/12gits/joengine/compiler/windows/bin/../lib/gcc/sh-elf/9.3.0/../../../../sh-elf/lib\libc.a(lib_a-memchr.o)
 .data          0x06027b4c        0x0 e:/12gits/joengine/compiler/windows/bin/../lib/gcc/sh-elf/9.3.0/../../../../sh-elf/lib\libc.a(lib_a-memmove.o)
 .data          0x06027b4c        0x0 e:/12gits/joengine/compiler/windows/bin/../lib/gcc/sh-elf/9.3.0/../../../../sh-elf/lib\libc.a(lib_a-nano-freer.o)
 .data          0x06027b4c        0x0 e:/12gits/joengine/compiler/windows/bin/../lib/gcc/sh-elf/9.3.0/../../../../sh-elf/lib\libc.a(lib_a-nano-mallocr.o)
 .data          0x06027b4c        0x0 e:/12gits/joengine/compiler/windows/bin/../lib/gcc/sh-elf/9.3.0/../../../../sh-elf/lib\libc.a(lib_a-nano-reallocr.o)
 .data          0x06027b4c        0x0 e:/12gits/joengine/compiler/windows/bin/../lib/gcc/sh-elf/9.3.0/../../../../sh-elf/lib\libc.a(lib_a-sbrkr.o)
 .data          0x06027b4c        0x0 e:/12gits/joengine/compiler/windows/bin/../lib/gcc/sh-elf/9.3.0/../../../../sh-elf/lib\libc.a(lib_a-syscalls.o)
 .data          0x06027b4c        0x0 e:/12gits/joengine/compiler/windows/bin/../lib/gcc/sh-elf/9.3.0/../../../../sh-elf/lib\libc.a(lib_a-trap.o)
 .data          0x06027b4c        0x0 e:/12gits/joengine/compiler/windows/bin/../lib/gcc/sh-elf/9.3.0/../../../../sh-elf/lib\libc.a(lib_a-abort.o)
 .data          0x06027b4c        0x0 e:/12gits/joengine/compiler/windows/bin/../lib/gcc/sh-elf/9.3.0/../../../../sh-elf/lib\libc.a(lib_a-mlock.o)
 .data          0x06027b4c        0x0 e:/12gits/joengine/compiler/windows/bin/../lib/gcc/sh-elf/9.3.0/../../../../sh-elf/lib\libc.a(lib_a-nano-msizer.o)
 .data          0x06027b4c        0x0 e:/12gits/joengine/compiler/windows/bin/../lib/gcc/sh-elf/9.3.0/../../../../sh-elf/lib\libc.a(lib_a-signal.o)
 .data          0x06027b4c        0x0 e:/12gits/joengine/compiler/windows/bin/../lib/gcc/sh-elf/9.3.0/../../../../sh-elf/lib\libc.a(lib_a-signalr.o)
                0x06027b4c                __edata = .

.rodata         0x06027b60      0x150
 *(.rodata)
 .rodata        0x06027b60       0x10 ../../jo_engine/math.o
 .rodata        0x06027b70        0xa ../../jo_engine/sprites.o
 *fill*         0x06027b7a        0x2 
 .rodata        0x06027b7c       0x10 e:/12gits/joengine/compiler/windows/bin/../lib/gcc/sh-elf/9.3.0\libgcc.a(_thenan_sf.o)
                0x06027b7c                __thenan_sf
 .rodata        0x06027b8c       0x14 e:/12gits/joengine/compiler/windows/bin/../lib/gcc/sh-elf/9.3.0\libgcc.a(_thenan_df.o)
                0x06027b8c                __thenan_df
 .rodata        0x06027ba0      0x100 e:/12gits/joengine/compiler/windows/bin/../lib/gcc/sh-elf/9.3.0\libgcc.a(_clz.o)
                0x06027ba0                __clz_tab
 .rodata        0x06027ca0        0x4 e:/12gits/joengine/compiler/windows/bin/../lib/gcc/sh-elf/9.3.0/../../../../sh-elf/lib\libc.a(lib_a-impure.o)
                0x06027ca0                _global_impure_ptr

.rodata.str1.4  0x06027cb0      0xfa0
 .rodata.str1.4
                0x06027cb0      0x10a main.o
 *fill*         0x06027dba        0x2 
 .rodata.str1.4
                0x06027dbc      0x142 ../../jo_engine/tga.o
 *fill*         0x06027efe        0x2 
 .rodata.str1.4
                0x06027f00      0x1ac ../../jo_engine/3d.o
 .rodata.str1.4
                0x060280ac      0x203 ../../jo_engine/fs.o
 *fill*         0x060282af        0x1 
 .rodata.str1.4
                0x060282b0       0xb9 ../../jo_engine/font.o
 *fill*         0x06028369        0x3 
 .rodata.str1.4
                0x0602836c      0x20d ../../jo_engine/core.o
 *fill*         0x06028579        0x3 
 .rodata.str1.4
                0x0602857c       0x2f ../../jo_engine/math.o
 *fill*         0x060285ab        0x1 
 .rodata.str1.4
                0x060285ac       0xdf ../../jo_engine/malloc.o
 *fill*         0x0602868b        0x1 
 .rodata.str1.4
                0x0602868c       0x65 ../../jo_engine/tools.o
 *fill*         0x060286f1        0x3 
 .rodata.str1.4
                0x060286f4       0x6a ../../jo_engine/palette.o
 *fill*         0x0602875e        0x2 
 .rodata.str1.4
                0x06028760      0x137 ../../jo_engine/sprites.o
 *fill*         0x06028897        0x1 
 .rodata.str1.4
                0x06028898       0x82 ../../jo_engine/map.o
 *fill*         0x0602891a        0x2 
 .rodata.str1.4
                0x0602891c       0x2e ../../jo_engine/list.o
 *fill*         0x0602894a        0x2 
 .rodata.str1.4
                0x0602894c       0x7b ../../jo_engine/sprite_animator.o
 *fill*         0x060289c7        0x1 
 .rodata.str1.4
                0x060289c8      0x17c ../../jo_engine/image.o
 .rodata.str1.4
                0x06028b44       0x69 ../../jo_engine/vdp2.o
 *fill*         0x06028bad        0x3 
 .rodata.str1.4
                0x06028bb0       0x3b ../../jo_engine/vdp2_malloc.o
 *fill*         0x06028beb        0x1 
 .rodata.str1.4
                0x06028bec       0x13 e:/12gits/joengine/compiler/windows/bin/../lib/gcc/sh-elf/9.3.0/../../../../sh-elf/lib\libc.a(lib_a-nano-svfprintf.o)
 *fill*         0x06028bff        0x1 
 .rodata.str1.4
                0x06028c00       0x25 e:/12gits/joengine/compiler/windows/bin/../lib/gcc/sh-elf/9.3.0/../../../../sh-elf/lib\libc.a(lib_a-nano-vfprintf_i.o)
 *fill*         0x06028c25        0x3 
 .rodata.str1.4
                0x06028c28       0x1a e:/12gits/joengine/compiler/windows/bin/../lib/gcc/sh-elf/9.3.0/../../../../sh-elf/lib\libc.a(lib_a-syscalls.o)

.bss            0x06028c50    0x642a0